
> pallet-engineer-v1@0.1.0 build
> next build

node.exe : ΓÜá 
`eslint` 
configuration in 
next.config.ts is 
no longer 
supported. See more 
info here: https://n
extjs.org/docs/app/a
pi-reference/cli/nex
t#next-lint-options
At line:1 char:1
+ & "C:\Program File
s\nodejs/node.exe" 
"C:\Program Files\no
dejs/node_mo ...
+ ~~~~~~~~~~~~~~~~~~
~~~~~~~~~~~~~~~~~~~~
~~~~~~~~~~~~~~~~~~~~
~~~~~~~~~~~
    + CategoryInfo  
            : NotS  
  pecified: (ΓÜá    
 `eslint` co...x    
t-lint-options:    
String) [], Rem    
oteException
    + FullyQualifie 
   dErrorId : Nati  
  veCommandError
 
ΓÜá Invalid 
next.config.ts 
options detected: 
ΓÜá     
Unrecognized key(s) 
in object: 'eslint'
ΓÜá See more info 
here: https://nextjs
.org/docs/messages/i
nvalid-next-config
Γû▓ Next.js 16.1.1 (Turbopack)
- Environments: .env.local

  Creating an optimized production build ...

> Build error 
occurred
Error: Turbopack 
build failed with 1 
errors:
./src/app/globals.cs
s:3:34929
Module not found: 
Can't resolve '&#x27
;/images/precision-s
aw-man.png&'
[0m [90m 1 |[39m 
[90m/*! 
tailwindcss v4.1.18 
| MIT License | http
s://tailwindcss.com 
*/[39m
 [90m 2 |[39m [33
m@[39m[36mimport[
39m [32m"https://fo
nts.googleapis.com/c
ss2?family=Playfair+
Display:ital,wght@0,
400..900;1,400..900&
family=Inter:wght@40
0;700;900&display=sw
ap"[39m[33m;[39m
[33m@[39mlayer prop
erties{[33m@[39msu
pports ((([33m-[39
mwebkit[33m-[39mhy
phens[33m:[39mnone
)) and (not (margin
[33m-[39mtrim[33m:
[39minline))) or ((
[33m-[39mmoz[33m-
[39morient[33m:[3
9minline) and (not (
color[33m:[39mrgb(
[36mfrom[39m red 
r g b)))){[33m*[39
m[33m,[39m[33m:[
39mbefore[33m,[39m
[33m:[39mafter[33
m,[39m[33m:[39m[
33m:[39mbackdrop{[
33m--[39mtw[33m-[
39mtranslate[33m-[
39mx[33m:[39m[35m
0[39m[33m;[39m[3
3m--[39mtw[33m-[3
9mtranslate[33m-[3
9my[33m:[39m[35m0
[39m[33m;[39m[33
m--[39mtw[33m-[39
mtranslate[33m-[39
mz[33m:[39m[35m0
[39m[33m;[39m[33m
--[39mtw[33m-[39m
scale[33m-[39mx[3
3m:[39m[35m1[39m
[33m;[39m[33m--[3
9mtw[33m-[39mscale
[33m-[39my[33m:[
39m[35m1[39m[33m;
[39m[33m--[39mtw
[33m-[39mscale[33m
-[39mz[33m:[39m[
35m1[39m[33m;[39m
[33m--[39mtw[33m-
[39mrotate[33m-[3
9mx[33m:[39minitia
l[33m;[39m[33m--
[39mtw[33m-[39mrot
ate[33m-[39my[33m
:[39minitial[33m;
[39m[33m--[39mtw[
33m-[39mrotate[33m
-[39mz[33m:[39min
itial[33m;[39m[33
m--[39mtw[33m-[39
mskew[33m-[39mx[3
3m:[39minitial[33m
;[39m[33m--[39mtw
[33m-[39mskew[33m
-[39my[33m:[39min
itial[33m;[39m[33
m--[39mtw[33m-[39
mspace[33m-[39my[
33m-[39mreverse[33
m:[39m[35m0[39m[
33m;[39m[33m--[39
mtw[33m-[39mspace
[33m-[39mx[33m-[3
9mreverse[33m:[39m
[35m0[39m[33m;[3
9m[33m--[39mtw[33
m-[39mdivide[33m-
[39mx[33m-[39mreve
rse[33m:[39m[35m0
[39m[33m;[39m[33
m--[39mtw[33m-[39
mborder[33m-[39mst
yle[33m:[39msolid
[33m;[39m[33m--[3
9mtw[33m-[39mgradi
ent[33m-[39mpositi
on[33m:[39minitial
[33m;[39m[33m--[
39mtw[33m-[39mgrad
ient[33m-[39m[36m
from[39m[33m:[39m
[33m#[39m[35m0000
[39m[33m;[39m[33
m--[39mtw[33m-[39
mgradient[33m-[39m
via[33m:[39m[33m#
[39m[35m0000[39m
[33m;[39m[33m--[3
9mtw[33m-[39mgradi
ent[33m-[39mto[33
m:[39m[33m#[39m[
35m0000[39m[33m;[
39m[33m--[39mtw[3
3m-[39mgradient[33
m-[39mstops[33m:[
39minitial[33m;[39
m[33m--[39mtw[33m
-[39mgradient[33m-
[39mvia[33m-[39ms
tops[33m:[39miniti
al[33m;[39m[33m--
[39mtw[33m-[39mgr
adient[33m-[39m[3
6mfrom[39m[33m-[3
9mposition[33m:[39
m[35m0[39m[33m%[
39m[33m;[39m[33m-
-[39mtw[33m-[39mg
radient[33m-[39mvi
a[33m-[39mposition
[33m:[39m[35m50[
39m[33m%[39m[33m;
[39m[33m--[39mtw
[33m-[39mgradient[
33m-[39mto[33m-[3
9mposition[33m:[39
m[35m100[39m[33m%
[39m[33m;[39m[33
m--[39mtw[33m-[39
mleading[33m:[39mi
nitial[33m;[39m[3
3m--[39mtw[33m-[3
9mfont[33m-[39mwei
ght[33m:[39minitia
l[33m;[39m[33m--
[39mtw[33m-[39mtra
cking[33m:[39minit
ial[33m;[39m[33m-
-[39mtw[33m-[39ms
hadow[33m:[39m[35
m0[39m [35m0[39m 
[33m#[39m[35m0000
[39m[33m;[39m[33
m--[39mtw[33m-[39
mshadow[33m-[39mco
lor[33m:[39minitia
l[33m;[39m[33m--
[39mtw[33m-[39msha
dow[33m-[39malpha
[33m:[39m[35m100[
39m[33m%[39m[33m;
[39m[33m--[39mtw
[33m-[39minset[33m
-[39mshadow[33m:[
39m[35m0[39m 
[35m0[39m [33m#[
39m[35m0000[39m[3
3m;[39m[33m--[39m
tw[33m-[39minset[
33m-[39mshadow[33m
-[39mcolor[33m:[3
9minitial[33m;[39m
[33m--[39mtw[33m-
[39minset[33m-[39
mshadow[33m-[39mal
pha[33m:[39m[35m1
00[39m[33m%[39m[
33m;[39m[33m--[39
mtw[33m-[39mring[
33m-[39mcolor[33m:
[39minitial[33m;[
39m[33m--[39mtw[3
3m-[39mring[33m-[
39mshadow[33m:[39m
[35m0[39m 
[35m0[39m [33m#[
39m[35m0000[39m[3
3m;[39m[33m--[39m
tw[33m-[39minset[
33m-[39mring[33m-
[39mcolor[33m:[39m
initial[33m;[39m[
33m--[39mtw[33m-[
39minset[33m-[39mr
ing[33m-[39mshadow
[33m:[39m[35m0[3
9m [35m0[39m [33m
#[39m[35m0000[39m
[33m;[39m[33m--[
39mtw[33m-[39mring
[33m-[39minset[33
m:[39minitial[33m;
[39m[33m--[39mtw
[33m-[39mring[33m-
[39moffset[33m-[3
9mwidth[33m:[39m[
35m0[39mpx[33m;[3
9m[33m--[39mtw[33
m-[39mring[33m-[3
9moffset[33m-[39mc
olor[33m:[39m[33m
#[39mfff[33m;[39m
[33m--[39mtw[33m-
[39mring[33m-[39m
offset[33m-[39msha
dow[33m:[39m[35m0
[39m [35m0[39m [
33m#[39m[35m0000[
39m[33m;[39m[33m-
-[39mtw[33m-[39mo
utline[33m-[39msty
le[33m:[39msolid[
33m;[39m[33m--[39
mtw[33m-[39mblur[
33m:[39minitial[33
m;[39m[33m--[39mt
w[33m-[39mbrightne
ss[33m:[39minitial
[33m;[39m[33m--[
39mtw[33m-[39mcont
rast[33m:[39miniti
al[33m;[39m[33m--
[39mtw[33m-[39mgr
ayscale[33m:[39min
itial[33m;[39m[33
m--[39mtw[33m-[39
mhue[33m-[39mrotat
e[33m:[39minitial
[33m;[39m[33m--[3
9mtw[33m-[39minver
t[33m:[39minitial
[33m;[39m[33m--[3
9mtw[33m-[39mopaci
ty[33m:[39minitial
[33m;[39m[33m--[
39mtw[33m-[39msatu
rate[33m:[39miniti
al[33m;[39m[33m--
[39mtw[33m-[39mse
pia[33m:[39minitia
l[33m;[39m[33m--
[39mtw[33m-[39mdro
p[33m-[39mshadow[
33m:[39minitial[33
m;[39m[33m--[39mt
w[33m-[39mdrop[33
m-[39mshadow[33m-
[39mcolor[33m:[39m
initial[33m;[39m[
33m--[39mtw[33m-[
39mdrop[33m-[39msh
adow[33m-[39malpha
[33m:[39m[35m100
[39m[33m%[39m[33m
;[39m[33m--[39mtw
[33m-[39mdrop[33m
-[39mshadow[33m-[
39msize[33m:[39min
itial[33m;[39m[33
m--[39mtw[33m-[39
mbackdrop[33m-[39m
blur[33m:[39miniti
al[33m;[39m[33m--
[39mtw[33m-[39mba
ckdrop[33m-[39mbri
ghtness[33m:[39min
itial[33m;[39m[33
m--[39mtw[33m-[39
mbackdrop[33m-[39m
contrast[33m:[39mi
nitial[33m;[39m[3
3m--[39mtw[33m-[3
9mbackdrop[33m-[39
mgrayscale[33m:[39
minitial[33m;[39m
[33m--[39mtw[33m-
[39mbackdrop[33m-[
39mhue[33m-[39mrot
ate[33m:[39minitia
l[33m;[39m[33m--
[39mtw[33m-[39mbac
kdrop[33m-[39minve
rt[33m:[39minitial
[33m;[39m[33m--[
39mtw[33m-[39mback
drop[33m-[39mopaci
ty[33m:[39minitial
[33m;[39m[33m--[
39mtw[33m-[39mback
drop[33m-[39msatur
ate[33m:[39minitia
l[33m;[39m[33m--
[39mtw[33m-[39mbac
kdrop[33m-[39msepi
a[33m:[39minitial
[33m;[39m[33m--[3
9mtw[33m-[39mdurat
ion[33m:[39minitia
l[33m;[39m[33m--
[39mtw[33m-[39meas
e[33m:[39minitial
[33m;[39m[33m--[3
9mtw[33m-[39mconte
nt[33m:[39m[32m""
[39m}}}[33m@[39ml
ayer theme{[33m:[3
9mroot[33m,[39m[3
3m:[39mhost{[33m--
[39mfont[33m-[39m
sans[33m:[39m[36m
var[39m([33m--[39
mfont[33m-[39mpopp
ins)[33m;[39m[33m
--[39mfont[33m-[3
9mserif[33m:[39m[
36mvar[39m([33m--
[39mfont[33m-[39ma
damina)[33m;[39m[
33m--[39mfont[33m-
[39mmono[33m:[39m
ui[33m-[39mmonospa
ce[33m,[39m[33mSF
Mono[39m[33m-[39m
[33mRegular[39m[3
3m,[39m[33mMenlo[
39m[33m,[39m[33mM
onaco[39m[33m,[39
m[33mConsolas[39m
[33m,[39m[32m"Libe
ration Mono"[39m[3
3m,[39m[32m"Courie
r New"[39m[33m,[3
9mmonospace[33m;[3
9m[33m--[39mcolor
[33m-[39mred[33m-
[39m[35m500[39m[3
3m:[39moklch([35m6
3.7[39m[33m%[39m 
[35m.237[39m [35m
25.331[39m)[33m;[
39m[33m--[39mcolor
[33m-[39morange[3
3m-[39m[35m400[39
m[33m:[39moklch([
35m75[39m[33m%[39
m [35m.183[39m [3
5m55.934[39m)[33m;
[39m[33m--[39mcol
or[33m-[39mgreen[
33m-[39m[35m400[3
9m[33m:[39moklch(
[35m79.2[39m[33m%
[39m [35m.209[39m 
[35m151.711[39m)[
33m;[39m[33m--[39
mcolor[33m-[39mgre
en[33m-[39m[35m50
0[39m[33m:[39mokl
ch([35m72.3[39m[3
3m%[39m 
[35m.219[39m [35m
149.579[39m)[33m;
[39m[33m--[39mcolo
r[33m-[39mgreen[3
3m-[39m[35m600[39
m[33m:[39moklch([
35m62.7[39m[33m%[
39m [35m.194[39m 
[35m149.214[39m)[3
3m;[39m[33m--[39m
color[33m-[39mgree
n[33m-[39m[35m900
[39m[33m:[39moklc
h([35m39.3[39m[33
m%[39m 
[35m.095[39m [35m
152.535[39m)[33m;
[39m[33m--[39mcolo
r[33m-[39memerald
[33m-[39m[35m800[
39m[33m:[39moklch(
[35m43.2[39m[33m%
[39m 
[35m.095[39m [35m
166.913[39m)[33m;
[39m[33m--[39mcolo
r[33m-[39memerald
[33m-[39m[35m900[
39m[33m:[39moklch(
[35m37.8[39m[33m%
[39m 
[35m.077[39m [35m
168.94[39m)[33m;[
39m[33m--[39mcolor
[33m-[39mblue[33m
-[39m[35m500[39m
[33m:[39moklch([35
m62.3[39m[33m%[39
m [35m.214[39m [3
5m259.815[39m)[33m
;[39m[33m--[39mco
lor[33m-[39mgray[
33m-[39m[35m200[3
9m[33m:[39moklch(
[35m92.8[39m[33m%
[39m [35m.006[39m 
[35m264.531[39m)[
33m;[39m[33m--[39
mcolor[33m-[39mgra
y[33m-[39m[35m300
[39m[33m:[39moklc
h([35m87.2[39m[33
m%[39m 
[35m.01[39m [35m2
58.338[39m)[33m;[
39m[33m--[39mcolor
[33m-[39mgray[33m
-[39m[35m400[39m
[33m:[39moklch([35
m70.7[39m[33m%[39
m [35m.022[39m [3
5m261.325[39m)[33m
;[39m[33m--[39mco
lor[33m-[39mgray[
33m-[39m[35m500[3
9m[33m:[39moklch(
[35m55.1[39m[33m%
[39m [35m.027[39m 
[35m264.364[39m)[
33m;[39m[33m--[39
mcolor[33m-[39mgra
y[33m-[39m[35m600
[39m[33m:[39moklc
h([35m44.6[39m[33
m%[39m 
[35m.03[39m [35m2
56.802[39m)[33m;[
39m[33m--[39mcolor
[33m-[39mgray[33m
-[39m[35m700[39m
[33m:[39moklch([35
m37.3[39m[33m%[39
m [35m.034[39m [3
5m259.733[39m)[33m
;[39m[33m--[39mco
lor[33m-[39mgray[
33m-[39m[35m800[3
9m[33m:[39moklch(
[35m27.8[39m[33m%
[39m [35m.033[39m 
[35m256.848[39m)[
33m;[39m[33m--[39
mcolor[33m-[39mzin
c[33m-[39m[35m400
[39m[33m:[39moklc
h([35m70.5[39m[33
m%[39m 
[35m.015[39m [35m
286.067[39m)[33m;
[39m[33m--[39mcolo
r[33m-[39mzinc[33
m-[39m[35m600[39m
[33m:[39moklch([3
5m44.2[39m[33m%[3
9m [35m.017[39m [
35m285.786[39m)[33
m;[39m[33m--[39mc
olor[33m-[39mblack
[33m:[39m[33m#[3
9m[35m000[39m[33m
;[39m[33m--[39mco
lor[33m-[39mwhite
[33m:[39m[33m#[39
mfff[33m;[39m[33m
--[39mspacing[33m:
[39m[35m.25[39mre
m[33m;[39m[33m--
[39mcontainer[33m-
[39mxs[33m:[39m[3
5m20[39mrem[33m;[
39m[33m--[39mconta
iner[33m-[39msm[3
3m:[39m[35m24[39m
rem[33m;[39m[33m-
-[39mcontainer[33m
-[39mmd[33m:[39m
[35m28[39mrem[33m;
[39m[33m--[39mcon
tainer[33m-[39mlg
[33m:[39m[35m32[3
9mrem[33m;[39m[33
m--[39mcontainer[3
3m-[39mxl[33m:[39
m[35m36[39mrem[33
m;[39m[33m--[39mc
ontainer[33m-[39m
[35m2[39mxl[33m:[
39m[35m42[39mrem[
33m;[39m[33m--[39
mcontainer[33m-[39
m[35m4[39mxl[33m:
[39m[35m56[39mrem
[33m;[39m[33m--[
39mcontainer[33m-[
39m[35m6[39mxl[33
m:[39m[35m72[39mr
em[33m;[39m[33m--
[39mcontainer[33m-
[39m[35m7[39mxl[
33m:[39m[35m80[39
mrem[33m;[39m[33m
--[39mtext[33m-[3
9mxs[33m:[39m[35m
.75[39mrem[33m;[3
9m[33m--[39mtext[
33m-[39mxs[33m--[
39mline[33m-[39mhe
ight[33m:[39mcalc(
[35m1[39m[33m/[3
9m[35m.75[39m)[33
m;[39m[33m--[39mt
ext[33m-[39msm[33
m:[39m[35m.875[39
mrem[33m;[39m[33m
--[39mtext[33m-[3
9msm[33m--[39mline
[33m-[39mheight[3
3m:[39mcalc([35m1.
25[39m[33m/[39m[
35m.875[39m)[33m;
[39m[33m--[39mtext
[33m-[39mbase[33m
:[39m[35m1[39mrem
[33m;[39m[33m--[
39mtext[33m-[39mba
se[33m--[39mline[
33m-[39mheight[33m
:[39mcalc([35m1.5
[39m[33m/[39m[35m
1[39m)[33m;[39m[
33m--[39mtext[33m-
[39mlg[33m:[39m[
35m1.125[39mrem[33
m;[39m[33m--[39mt
ext[33m-[39mlg[33
m--[39mline[33m-[
39mheight[33m:[39m
calc([35m1.75[39m
[33m/[39m[35m1.125
[39m)[33m;[39m[3
3m--[39mtext[33m-
[39mxl[33m:[39m[3
5m1.25[39mrem[33m;
[39m[33m--[39mtex
t[33m-[39mxl[33m-
-[39mline[33m-[39
mheight[33m:[39mca
lc([35m1.75[39m[3
3m/[39m[35m1.25[3
9m)[33m;[39m[33m-
-[39mtext[33m-[39
m[35m2[39mxl[33m:
[39m[35m1.5[39mre
m[33m;[39m[33m--
[39mtext[33m-[39m
[35m2[39mxl[33m--
[39mline[33m-[39mh
eight[33m:[39mcalc
([35m2[39m[33m/[
39m[35m1.5[39m)[3
3m;[39m[33m--[39m
text[33m-[39m[35m
3[39mxl[33m:[39m
[35m1.875[39mrem[3
3m;[39m[33m--[39m
text[33m-[39m[35m
3[39mxl[33m--[39m
line[33m-[39mheigh
t[33m:[39mcalc([3
5m2.25[39m[33m/[3
9m[35m1.875[39m)[
33m;[39m[33m--[39
mtext[33m-[39m[35
m4[39mxl[33m:[39m
[35m2.25[39mrem[3
3m;[39m[33m--[39m
text[33m-[39m[35m
4[39mxl[33m--[39m
line[33m-[39mheigh
t[33m:[39mcalc([3
5m2.5[39m[33m/[39
m[35m2.25[39m)[33
m;[39m[33m--[39mt
ext[33m-[39m[35m5
[39mxl[33m:[39m[
35m3[39mrem[33m;[
39m[33m--[39mtext
[33m-[39m[35m5[39
mxl[33m--[39mline
[33m-[39mheight[33
m:[39m[35m1[39m[
33m;[39m[33m--[39
mtext[33m-[39m[35
m6[39mxl[33m:[39m
[35m3.75[39mrem[3
3m;[39m[33m--[39m
text[33m-[39m[35m
6[39mxl[33m--[39m
line[33m-[39mheigh
t[33m:[39m[35m1[
39m[33m;[39m[33m-
-[39mtext[33m-[39
m[35m7[39mxl[33m:
[39m[35m4.5[39mre
m[33m;[39m[33m--
[39mtext[33m-[39m
[35m7[39mxl[33m--
[39mline[33m-[39mh
eight[33m:[39m[35
m1[39m[33m;[39m[
33m--[39mtext[33m-
[39m[35m8[39mxl[
33m:[39m[35m6[39m
rem[33m;[39m[33m-
-[39mtext[33m-[39
m[35m8[39mxl[33m-
-[39mline[33m-[39
mheight[33m:[39m[
35m1[39m[33m;[39m
[33m--[39mfont[33
m-[39mweight[33m-
[39mlight[33m:[39m
[35m300[39m[33m;
[39m[33m--[39mfont
[33m-[39mweight[3
3m-[39mmedium[33m:
[39m[35m500[39m[
33m;[39m[33m--[39
mfont[33m-[39mweig
ht[33m-[39mbold[3
3m:[39m[35m700[39
m[33m;[39m[33m--
[39mfont[33m-[39mw
eight[33m-[39mblac
k[33m:[39m[35m900
[39m[33m;[39m[33
m--[39mtracking[33
m-[39mtighter[33m:
[39m[33m-[39m[35
m.05[39mem[33m;[3
9m[33m--[39mtracki
ng[33m-[39mtight[
33m:[39m[33m-[39m
[35m.025[39mem[33
m;[39m[33m--[39mt
racking[33m-[39mwi
de[33m:[39m[35m.0
25[39mem[33m;[39m
[33m--[39mtracking
[33m-[39mwider[33
m:[39m[35m.05[39m
em[33m;[39m[33m--
[39mtracking[33m-
[39mwidest[33m:[39
m[35m.1[39mem[33m
;[39m[33m--[39mle
ading[33m-[39mtigh
t[33m:[39m[35m1.2
5[39m[33m;[39m[3
3m--[39mleading[33
m-[39msnug[33m:[3
9m[35m1.375[39m[3
3m;[39m[33m--[39m
leading[33m-[39mre
laxed[33m:[39m[35
m1.625[39m[33m;[3
9m[33m--[39mradius
[33m-[39msm[33m:
[39m[35m.25[39mrem
[33m;[39m[33m--[
39mradius[33m-[39m
md[33m:[39m[35m.3
75[39mrem[33m;[39
m[33m--[39mradius
[33m-[39mlg[33m:[
39m[35m.5[39mrem[
33m;[39m[33m--[39
mradius[33m-[39mxl
[33m:[39m[35m.75
[39mrem[33m;[39m[
33m--[39mradius[33
m-[39m[35m3[39mxl
[33m:[39m[35m1.5
[39mrem[33m;[39m[
33m--[39mshadow[33
m-[39msm[33m:[39m
[35m0[39m 
[35m1[39mpx 
[35m3[39mpx 
[35m0[39m [33m#[
39m[35m0000001[39m
a[33m,[39m[35m0[
39m [35m1[39mpx 
[35m2[39mpx [33m-
[39m[35m1[39mpx 
[33m#[39m[35m00000
01[39ma[33m;[39m
[33m--[39mshadow[3
3m-[39mmd[33m:[39
m[35m0[39m 
[35m4[39mpx 
[35m6[39mpx [33m-
[39m[35m1[39mpx 
[33m#[39m[35m00000
01[39ma[33m,[39m
[35m0[39m 
[35m2[39mpx 
[35m4[39mpx [33m-
[39m[35m2[39mpx 
[33m#[39m[35m00000
01[39ma[33m;[39m
[33m--[39mshadow[3
3m-[39mlg[33m:[39
m[35m0[39m 
[35m10[39mpx 
[35m15[39mpx [33m
-[39m[35m3[39mpx 
[33m#[39m[35m0000
001[39ma[33m,[39m
[35m0[39m 
[35m4[39mpx 
[35m6[39mpx [33m-
[39m[35m4[39mpx 
[33m#[39m[35m00000
01[39ma[33m;[39m
[33m--[39mshadow[3
3m-[39mxl[33m:[39
m[35m0[39m 
[35m20[39mpx 
[35m25[39mpx [33m
-[39m[35m5[39mpx 
[33m#[39m[35m0000
001[39ma[33m,[39m
[35m0[39m 
[35m8[39mpx 
[35m10[39mpx [33m
-[39m[35m6[39mpx 
[33m#[39m[35m0000
001[39ma[33m;[39m
[33m--[39mdrop[33
m-[39mshadow[33m-
[39mmd[33m:[39m[3
5m0[39m 
[35m3[39mpx 
[35m3[39mpx [33m#
[39m[35m0000001[3
9mf[33m;[39m[33m-
-[39mdrop[33m-[39
mshadow[33m-[39mlg
[33m:[39m[35m0[3
9m [35m4[39mpx 
[35m4[39mpx [33m#
[39m[35m00000026[
39m[33m;[39m[33m-
-[39mease[33m-[39
m[36min[39m[33m:
[39mcubic[33m-[39m
bezier([35m.4[39m
[33m,[39m[35m0[39
m[33m,[39m[35m1[
39m[33m,[39m[35m1
[39m)[33m;[39m[3
3m--[39mease[33m-
[39mout[33m:[39mcu
bic[33m-[39mbezier
([35m0[39m[33m,[
39m[35m0[39m[33m,
[39m[35m.2[39m[3
3m,[39m[35m1[39m)
[33m;[39m[33m--[
39mease[33m-[39m[
36min[39m[33m-[39
mout[33m:[39mcubic
[33m-[39mbezier([
35m.4[39m[33m,[39
m[35m0[39m[33m,[
39m[35m.2[39m[33m
,[39m[35m1[39m)[
33m;[39m[33m--[39
manimate[33m-[39ms
pin[33m:[39mspin 
[35m1[39ms linear 
infinite[33m;[39m
[33m--[39manimate[
33m-[39mping[33m:
[39mping 
[35m1[39ms cubic[
33m-[39mbezier([35
m0[39m[33m,[39m[
35m0[39m[33m,[39m
[35m.2[39m[33m,[
39m[35m1[39m)infin
ite[33m;[39m[33m-
-[39manimate[33m-
[39mpulse[33m:[39m
pulse [35m2[39ms c
ubic[33m-[39mbezie
r([35m.4[39m[33m,
[39m[35m0[39m[33
m,[39m[35m.6[39m
[33m,[39m[35m1[39
m)infinite[33m;[39
m[33m--[39manimate
[33m-[39mbounce[3
3m:[39mbounce 
[35m1[39ms infinit
e[33m;[39m[33m--
[39mblur[33m-[39ms
m[33m:[39m[35m8[
39mpx[33m;[39m[33
m--[39mblur[33m-[
39mmd[33m:[39m[35
m12[39mpx[33m;[39
m[33m--[39mblur[3
3m-[39mxl[33m:[39
m[35m24[39mpx[33m
;[39m[33m--[39mbl
ur[33m-[39m[35m2
[39mxl[33m:[39m[3
5m40[39mpx[33m;[3
9m[33m--[39mblur[
33m-[39m[35m3[39m
xl[33m:[39m[35m64
[39mpx[33m;[39m[
33m--[39m[36mdefau
lt[39m[33m-[39mtr
ansition[33m-[39md
uration[33m:[39m[
35m.15[39ms[33m;[
39m[33m--[39m[36m
default[39m[33m-[
39mtransition[33m-
[39mtiming[33m-[39
m[36mfunction[39m
[33m:[39mcubic[33m
-[39mbezier([35m.4
[39m[33m,[39m[35
m0[39m[33m,[39m[
35m.2[39m[33m,[39
m[35m1[39m)[33m;
[39m[33m--[39m[36
mdefault[39m[33m-
[39mfont[33m-[39mf
amily[33m:[39m[36
mvar[39m([33m--[3
9mfont[33m-[39mpop
pins)[33m;[39m[33
m--[39m[36mdefault
[39m[33m-[39mmono
[33m-[39mfont[33m
-[39mfamily[33m:[
39m[36mvar[39m([3
3m--[39mfont[33m-
[39mmono)[33m;[39m
[33m--[39mcolor[3
3m-[39msurface[33m
-[39mdark[33m:[39
m[33m#[39m[35m202
020[39m[33m;[39m
[33m--[39mcolor[33
m-[39mbrand[33m-[
39maccent[33m:[39m
[33m#[39mffea05[3
3m;[39m[33m--[39m
color[33m-[39mgold
[33m-[39mlight[33
m:[39m[33m#[39ma3
9603[33m;[39m[33m
--[39mcolor[33m-[
39mgold[33m-[39mda
rk[33m:[39m[33m#
[39m[35m827703[39m
[33m;[39m[33m--[
39mcolor[33m-[39mt
ext[33m-[39mlight
[33m:[39m[33m#[39
mfff[33m;[39m[33m
--[39mfont[33m-[3
9mstencil[33m:[39m
[36mvar[39m([33m-
-[39mfont[33m-[39
mstencil)}}[33m@[3
9mlayer base{[33m*
[39m[33m,[39m[33m
:[39mafter[33m,[3
9m[33m:[39mbefore
[33m,[39m[33m:[39
m[33m:[39mbackdrop
{box[33m-[39msizin
g[33m:[39mborder[
33m-[39mbox[33m;[
39mborder[33m:[39m
[35m0[39m solid[3
3m;[39mmargin[33m:
[39m[35m0[39m[33
m;[39mpadding[33m:
[39m[35m0[39m}[3
3m:[39m[33m:[39mf
ile[33m-[39mselect
or[33m-[39mbutton{
box[33m-[39msizing
[33m:[39mborder[3
3m-[39mbox[33m;[3
9mborder[33m:[39m
[35m0[39m solid[33
m;[39mmargin[33m:
[39m[35m0[39m[33m
;[39mpadding[33m:
[39m[35m0[39m}html
[33m,[39m[33m:[3
9mhost{[33m-[39mwe
bkit[33m-[39mtext
[33m-[39msize[33m-
[39madjust[33m:[3
9m[35m100[39m[33m
%[39m[33m;[39mtab
[33m-[39msize[33m
:[39m[35m4[39m[3
3m;[39mline[33m-[
39mheight[33m:[39m
[35m1.5[39m[33m;
[39mfont[33m-[39mf
amily[33m:[39m[36
mvar[39m([33m--[3
9m[36mdefault[39m
[33m-[39mfont[33m-
[39mfamily[33m,[3
9mui[33m-[39msans
[33m-[39mserif[33m
,[39msystem[33m-[
39mui[33m,[39msans
[33m-[39mserif[33
m,[39m[32m"Apple 
Color Emoji"[39m[3
3m,[39m[32m"Segoe 
UI Emoji"[39m[33m,
[39m[32m"Segoe UI 
Symbol"[39m[33m,[
39m[32m"Noto Color 
Emoji"[39m)[33m;[
39mfont[33m-[39mfe
ature[33m-[39msett
ings[33m:[39m[36m
var[39m([33m--[39
m[36mdefault[39m[
33m-[39mfont[33m-
[39mfeature[33m-[3
9msettings[33m,[39
mnormal)[33m;[39mf
ont[33m-[39mvariat
ion[33m-[39msettin
gs[33m:[39m[36mva
r[39m([33m--[39m
[36mdefault[39m[33
m-[39mfont[33m-[3
9mvariation[33m-[3
9msettings[33m,[39
mnormal)[33m;[39m
[33m-[39mwebkit[33
m-[39mtap[33m-[39
mhighlight[33m-[39
mcolor[33m:[39mtra
nsparent}hr{height[
33m:[39m[35m0[39m
[33m;[39mcolor[33
m:[39minherit[33m;
[39mborder[33m-[3
9mtop[33m-[39mwidt
h[33m:[39m[35m1[
39mpx}abbr[33m:[39
mwhere([title]){[33
m-[39mwebkit[33m-
[39mtext[33m-[39md
ecoration[33m:[39m
underline dotted[33
m;[39mtext[33m-[3
9mdecoration[33m:[
39munderline dotted}
h1[33m,[39mh2[33m
,[39mh3[33m,[39mh
4[33m,[39mh5[33m,
[39mh6{font[33m-[
39msize[33m:[39min
herit[33m;[39mfont
[33m-[39mweight[3
3m:[39minherit}a{co
lor[33m:[39minheri
t[33m;[39m[33m-[
39mwebkit[33m-[39m
text[33m-[39mdecor
ation[33m:[39minhe
rit[33m;[39m[33m-
[39mwebkit[33m-[3
9mtext[33m-[39mdec
oration[33m:[39min
herit[33m;[39m[33
m-[39mwebkit[33m-
[39mtext[33m-[39md
ecoration[33m:[39m
inherit[33m;[39mte
xt[33m-[39mdecorat
ion[33m:[39minheri
t}b[33m,[39mstrong
{font[33m-[39mweig
ht[33m:[39mbolder}
code[33m,[39mkbd[
33m,[39msamp[33m,
[39mpre{font[33m-[
39mfamily[33m:[39m
[36mvar[39m([33m-
-[39m[36mdefault[
39m[33m-[39mmono[
33m-[39mfont[33m-
[39mfamily[33m,[39
mui[33m-[39mmonosp
ace[33m,[39m[33mS
FMono[39m[33m-[39
m[33mRegular[39m[
33m,[39m[33mMenlo
[39m[33m,[39m[33m
Monaco[39m[33m,[3
9m[33mConsolas[39m
[33m,[39m[32m"Lib
eration Mono"[39m[
33m,[39m[32m"Couri
er New"[39m[33m,[
39mmonospace)[33m;
[39mfont[33m-[39mf
eature[33m-[39mset
tings[33m:[39m[36
mvar[39m([33m--[3
9m[36mdefault[39m
[33m-[39mmono[33m-
[39mfont[33m-[39m
feature[33m-[39mse
ttings[33m,[39mnor
mal)[33m;[39mfont
[33m-[39mvariation
[33m-[39msettings[
33m:[39m[36mvar[3
9m([33m--[39m[36m
default[39m[33m-[
39mmono[33m-[39mfo
nt[33m-[39mvariati
on[33m-[39msetting
s[33m,[39mnormal)
[33m;[39mfont[33m-
[39msize[33m:[39m
[35m1[39mem}small{
font[33m-[39msize
[33m:[39m[35m80[3
9m[33m%[39m}sub[3
3m,[39msup{vertical
[33m-[39malign[33
m:[39mbaseline[33m
;[39mfont[33m-[39
msize[33m:[39m[35
m75[39m[33m%[39m
[33m;[39mline[33m-
[39mheight[33m:[3
9m[35m0[39m[33m;
[39mposition[33m:[
39mrelative}sub{bott
om[33m:[39m[33m-
[39m[35m.25[39mem}
sup{top[33m:[39m[
33m-[39m[35m.5[39
mem}table{text[33m-
[39mindent[33m:[3
9m[35m0[39m[33m;
[39mborder[33m-[39
mcolor[33m:[39minh
erit[33m;[39mborde
r[33m-[39mcollapse
[33m:[39mcollapse}
[33m:[39m[33m-[3
9mmoz[33m-[39mfocu
sring{outline[33m:
[39mauto}progress{ve
rtical[33m-[39mali
gn[33m:[39mbaselin
e}summary{display[3
3m:[39mlist[33m-[
39mitem}ol[33m,[39
mul[33m,[39mmenu{l
ist[33m-[39mstyle
[33m:[39mnone}img[
33m,[39msvg[33m,[
39mvideo[33m,[39mc
anvas[33m,[39maudi
o[33m,[39miframe[
33m,[39membed[33m,
[39mobject{vertical
[33m-[39malign[33
m:[39mmiddle[33m;
[39mdisplay[33m:[3
9mblock}img[33m,[3
9mvideo{max[33m-[3
9mwidth[33m:[39m[
35m100[39m[33m%[3
9m[33m;[39mheight
[33m:[39mauto}butto
n[33m,[39minput[3
3m,[39mselect[33m,
[39moptgroup[33m,
[39mtextarea{font[3
3m:[39minherit[33m
;[39mfont[33m-[39
mfeature[33m-[39ms
ettings[33m:[39min
herit[33m;[39mfont
[33m-[39mvariation
[33m-[39msettings
[33m:[39minherit[3
3m;[39mletter[33m-
[39mspacing[33m:[
39minherit[33m;[39
mcolor[33m:[39minh
erit[33m;[39mopaci
ty[33m:[39m[35m1
[39m[33m;[39mbackg
round[33m-[39mcolo
r[33m:[39m[33m#[
39m[35m0000[39m[3
3m;[39mborder[33m-
[39mradius[33m:[3
9m[35m0[39m}[33m:
[39m[33m:[39mfile
[33m-[39mselector
[33m-[39mbutton{fon
t[33m:[39minherit
[33m;[39mfont[33m-
[39mfeature[33m-[
39msettings[33m:[3
9minherit[33m;[39m
font[33m-[39mvaria
tion[33m-[39msetti
ngs[33m:[39minheri
t[33m;[39mletter[
33m-[39mspacing[33
m:[39minherit[33m;
[39mcolor[33m:[39
minherit[33m;[39mo
pacity[33m:[39m[3
5m1[39m[33m;[39mb
ackground[33m-[39m
color[33m:[39m[33
m#[39m[35m0000[39
m[33m;[39mborder[
33m-[39mradius[33m
:[39m[35m0[39m}[
33m:[39mwhere(selec
t[33m:[39mis([mult
iple][33m,[39m[siz
e])) optgroup{font[
33m-[39mweight[33m
:[39mbolder}[33m:
[39mwhere(select[33
m:[39mis([multiple]
[33m,[39m[size])) 
optgroup option{padd
ing[33m-[39minline
[33m-[39mstart[33
m:[39m[35m20[39mp
x}[33m:[39m[33m:
[39mfile[33m-[39ms
elector[33m-[39mbu
tton{margin[33m-[3
9minline[33m-[39me
nd[33m:[39m[35m4
[39mpx}[33m:[39m[
33m:[39mplaceholder
{opacity[33m:[39m
[35m1[39m}[33m@[3
9msupports (not (([
33m-[39mwebkit[33m
-[39mappearance[33
m:[39m[33m-[39map
ple[33m-[39mpay[3
3m-[39mbutton))) 
or (contain[33m-[3
9mintrinsic[33m-[3
9msize[33m:[39m[3
5m1[39mpx){[33m:[
39m[33m:[39mplaceh
older{color[33m:[3
9mcurrentColor}[33m
@[39msupports (colo
r[33m:[39mcolor[3
3m-[39mmix([36min
[39m lab[33m,[39m 
red[33m,[39m red))
{[33m:[39m[33m:[
39mplaceholder{color
[33m:[39mcolor[33
m-[39mmix([36min[
39m oklab[33m,[39m
currentcolor [35m50
[39m[33m%[39m[33
m,[39mtransparent)}
}}textarea{resize[3
3m:[39mvertical}[3
3m:[39m[33m:[39m
[33m-[39mwebkit[33
m-[39msearch[33m-
[39mdecoration{[33m
-[39mwebkit[33m-[
39mappearance[33m:
[39mnone}[33m:[39m
[33m:[39m[33m-[3
9mwebkit[33m-[39md
ate[33m-[39mand[3
3m-[39mtime[33m-[
39mvalue{min[33m-[
39mheight[33m:[39m
[35m1[39mlh[33m;
[39mtext[33m-[39ma
lign[33m:[39minher
it}[33m:[39m[33m:
[39m[33m-[39mwebk
it[33m-[39mdatetim
e[33m-[39medit{dis
play[33m:[39minlin
e[33m-[39mflex}[3
3m:[39m[33m:[39m
[33m-[39mwebkit[33
m-[39mdatetime[33m
-[39medit[33m-[39
mfields[33m-[39mwr
apper{padding[33m:
[39m[35m0[39m}[33
m:[39m[33m:[39m[
33m-[39mwebkit[33m
-[39mdatetime[33m-
[39medit{padding[3
3m-[39mblock[33m:
[39m[35m0[39m}[33
m:[39m[33m:[39m[
33m-[39mwebkit[33m
-[39mdatetime[33m-
[39medit[33m-[39m
year[33m-[39mfield
{padding[33m-[39mb
lock[33m:[39m[35m
0[39m}[33m:[39m[
33m:[39m[33m-[39m
webkit[33m-[39mdat
etime[33m-[39medit
[33m-[39mmonth[33
m-[39mfield{padding
[33m-[39mblock[33
m:[39m[35m0[39m}
[33m:[39m[33m:[39
m[33m-[39mwebkit[
33m-[39mdatetime[3
3m-[39medit[33m-[
39mday[33m-[39mfie
ld{padding[33m-[39
mblock[33m:[39m[3
5m0[39m}[33m:[39m
[33m:[39m[33m-[3
9mwebkit[33m-[39md
atetime[33m-[39med
it[33m-[39mhour[3
3m-[39mfield{paddin
g[33m-[39mblock[3
3m:[39m[35m0[39m}
[33m:[39m[33m:[3
9m[33m-[39mwebkit
[33m-[39mdatetime[
33m-[39medit[33m-
[39mminute[33m-[39
mfield{padding[33m-
[39mblock[33m:[39
m[35m0[39m}[33m:
[39m[33m:[39m[33m
-[39mwebkit[33m-[
39mdatetime[33m-[3
9medit[33m-[39msec
ond[33m-[39mfield{
padding[33m-[39mbl
ock[33m:[39m[35m0
[39m}[33m:[39m[3
3m:[39m[33m-[39mw
ebkit[33m-[39mdate
time[33m-[39medit
[33m-[39mmillisecon
d[33m-[39mfield{pa
dding[33m-[39mbloc
k[33m:[39m[35m0[
39m}[33m:[39m[33m
:[39m[33m-[39mweb
kit[33m-[39mdateti
me[33m-[39medit[3
3m-[39mmeridiem[33
m-[39mfield{padding
[33m-[39mblock[33
m:[39m[35m0[39m}
[33m:[39m[33m:[39
m[33m-[39mwebkit[
33m-[39mcalendar[3
3m-[39mpicker[33m-
[39mindicator{line
[33m-[39mheight[33
m:[39m[35m1[39m}
[33m:[39m[33m-[39
mmoz[33m-[39mui[3
3m-[39minvalid{box
[33m-[39mshadow[33
m:[39mnone}button[
33m,[39minput[33m:
[39mwhere([type[33
m=[39mbutton][33m,
[39m[type[33m=[39
mreset][33m,[39m[t
ype[33m=[39msubmit
]){appearance[33m:
[39mbutton}[33m:[3
9m[33m:[39mfile[3
3m-[39mselector[33
m-[39mbutton{appear
ance[33m:[39mbutto
n}[33m:[39m[33m:
[39m[33m-[39mwebki
t[33m-[39minner[3
3m-[39mspin[33m-[
39mbutton{height[33
m:[39mauto}[33m:[
39m[33m:[39m[33m-
[39mwebkit[33m-[3
9mouter[33m-[39msp
in[33m-[39mbutton{
height[33m:[39maut
o}[hidden][33m:[39
mwhere([33m:[39mno
t([hidden[33m=[39m
until[33m-[39mfoun
d])){display[33m:[
39mnone[33m![39mim
portant}}[33m@[39m
layer components[33
m;[39m[33m@[39mla
yer utilities{[33m.
[39m[37m[41m[1m\
[22m[49m[39m[33m
@[39mcontainer{cont
ainer[33m-[39mtype
[33m:[39minline[3
3m-[39msize}[33m.
[39mpointer[33m-[3
9mevents[33m-[39mn
one{pointer[33m-[3
9mevents[33m:[39mn
one}[33m.[39mcolla
pse{visibility[33m:
[39mcollapse}[33m.
[39minvisible{visib
ility[33m:[39mhidd
en}[33m.[39mvisibl
e{visibility[33m:[
39mvisible}[33m.[3
9msr[33m-[39monly{
clip[33m-[39mpath
[33m:[39minset([35
m50[39m[33m%[39m)
[33m;[39mwhite[33
m-[39mspace[33m:[
39mnowrap[33m;[39m
border[33m-[39mwid
th[33m:[39m[35m0
[39m[33m;[39mwidth
[33m:[39m[35m1[3
9mpx[33m;[39mheigh
t[33m:[39m[35m1[
39mpx[33m;[39mmarg
in[33m:[39m[33m-
[39m[35m1[39mpx[3
3m;[39mpadding[33m
:[39m[35m0[39m[3
3m;[39mposition[33
m:[39mabsolute[33m
;[39moverflow[33m:
[39mhidden}[33m.[
39mabsolute{position
[33m:[39mabsolute}
[33m.[39mfixed{pos
ition[33m:[39mfixe
d}[33m.[39mrelativ
e{position[33m:[39
mrelative}[33m.[39
m[36mstatic[39m{po
sition[33m:[39m[3
6mstatic[39m}[33m.
[39msticky{position
[33m:[39msticky}[
33m.[39minset[33m-
[39m[35m0[39m{ins
et[33m:[39mcalc([
36mvar[39m([33m--
[39mspacing)[33m*[
39m[35m0[39m)}[33
m.[39minset[33m-[
39m[37m[41m[1m\[
22m[49m[39m[[33m-
[39m[35m50[39m[3
7m[41m[1m\[22m[4
9m[39m[33m%[39m[
37m[41m[1m\[22m[
49m[39m]{inset[33m
:[39m[33m-[39m[3
5m50[39m[33m%[39m
}[33m.[39minset[3
3m-[39m[37m[41m[
1m\[22m[49m[39m[
[35m3[39mpx[37m[4
1m[1m\[22m[49m[3
9m]{inset[33m:[39m
[35m3[39mpx}[33m.
[39m[33m-[39mtop
[33m-[39m[35m2[39
m{top[33m:[39mcalc
([36mvar[39m([33m
--[39mspacing)[33m
*[39m[33m-[39m[3
5m2[39m)}[33m.[39
m[33m-[39mtop[33m
-[39m[35m3[39m{to
p[33m:[39mcalc([3
6mvar[39m([33m--[
39mspacing)[33m*[3
9m[33m-[39m[35m3
[39m)}[33m.[39m[3
3m-[39mtop[33m-[3
9m[35m4[39m{top[3
3m:[39mcalc([36mva
r[39m([33m--[39ms
pacing)[33m*[39m[
33m-[39m[35m4[39m
)}[33m.[39m[33m-
[39mtop[33m-[39m[
35m8[39m{top[33m:
[39mcalc([36mvar[3
9m([33m--[39mspaci
ng)[33m*[39m[33m-
[39m[35m8[39m)}[
33m.[39mtop[33m-[
39m[35m0[39m{top[
33m:[39mcalc([36mv
ar[39m([33m--[39m
spacing)[33m*[39m
[35m0[39m)}[33m.[
39mtop[33m-[39m[3
5m0[39m[37m[41m[
1m\[22m[49m[39m[
35m.5[39m{top[33m:
[39mcalc([36mvar[
39m([33m--[39mspac
ing)[33m*[39m[35m
.5[39m)}[33m.[39m
top[33m-[39m[35m1
[39m[37m[41m[1m\
[22m[49m[39m[33m
/[39m[35m2[39m{to
p[33m:[39m[35m50
[39m[33m%[39m}[33
m.[39mtop[33m-[39
m[35m1[39m[37m[4
1m[1m\[22m[49m[3
9m[33m/[39m[35m3
[39m{top[33m:[39m
[35m33.3333[39m[33
m%[39m}[33m.[39mt
op[33m-[39m[35m2
[39m{top[33m:[39mc
alc([36mvar[39m([
33m--[39mspacing)[
33m*[39m[35m2[39m
)}[33m.[39mtop[33
m-[39m[35m4[39m{t
op[33m:[39mcalc([
36mvar[39m([33m--
[39mspacing)[33m*[
39m[35m4[39m)}[33
m.[39mtop[33m-[39
m[35m12[39m{top[3
3m:[39mcalc([36mva
r[39m([33m--[39ms
pacing)[33m*[39m[
35m12[39m)}[33m.[
39mtop[33m-[39m[3
5m20[39m{top[33m:
[39mcalc([36mvar[3
9m([33m--[39mspaci
ng)[33m*[39m[35m2
0[39m)}[33m.[39mt
op[33m-[39m[37m[
41m[1m\[22m[49m[
39m[[33m-[39m[35m
20[39m[37m[41m[1
m\[22m[49m[39m[3
3m%[39m[37m[41m[
1m\[22m[49m[39m]{
top[33m:[39m[33m-
[39m[35m20[39m[3
3m%[39m}[33m.[39m
top[33m-[39m[37m
[41m[1m\[22m[49m
[39m[[35m2[39m[37
m[41m[1m\[22m[49
m[39m[35m.25[39mr
em[37m[41m[1m\[2
2m[49m[39m]{top[3
3m:[39m[35m2.25[3
9mrem}[33m.[39mtop
[33m-[39m[37m[41
m[1m\[22m[49m[39
m[[35m18[39mpx[37
m[41m[1m\[22m[49
m[39m]{top[33m:[3
9m[35m18[39mpx}[3
3m.[39mtop[33m-[3
9mfull{top[33m:[39
m[35m100[39m[33m%
[39m}[33m.[39m[3
3m-[39mright[33m-
[39m[35m2[39m{righ
t[33m:[39mcalc([3
6mvar[39m([33m--[
39mspacing)[33m*[3
9m[33m-[39m[35m2
[39m)}[33m.[39m[3
3m-[39mright[33m-
[39m[35m3[39m{righ
t[33m:[39mcalc([3
6mvar[39m([33m--[
39mspacing)[33m*[3
9m[33m-[39m[35m3
[39m)}[33m.[39m[3
3m-[39mright[33m-
[39m[35m4[39m{righ
t[33m:[39mcalc([3
6mvar[39m([33m--[
39mspacing)[33m*[3
9m[33m-[39m[35m4
[39m)}[33m.[39m[3
3m-[39mright[33m-
[39m[35m12[39m{rig
ht[33m:[39mcalc([
36mvar[39m([33m--
[39mspacing)[33m*[
39m[33m-[39m[35m1
2[39m)}[33m.[39mr
ight[33m-[39m[35m
0[39m{right[33m:[
39mcalc([36mvar[39
m([33m--[39mspacin
g)[33m*[39m[35m0
[39m)}[33m.[39mrig
ht[33m-[39m[35m3
[39m{right[33m:[39
mcalc([36mvar[39m(
[33m--[39mspacing)
[33m*[39m[35m3[3
9m)}[33m.[39mright
[33m-[39m[35m4[3
9m{right[33m:[39mc
alc([36mvar[39m([
33m--[39mspacing)[
33m*[39m[35m4[39m
)}[33m.[39mright[
33m-[39m[35m6[39m
{right[33m:[39mcal
c([36mvar[39m([33
m--[39mspacing)[33
m*[39m[35m6[39m)}
[33m.[39mright[33
m-[39m[35m8[39m{r
ight[33m:[39mcalc(
[36mvar[39m([33m-
-[39mspacing)[33m*
[39m[35m8[39m)}[
33m.[39mright[33m-
[39m[35m10[39m{ri
ght[33m:[39mcalc(
[36mvar[39m([33m--
[39mspacing)[33m*
[39m[35m10[39m)}[
33m.[39mright[33m-
[39m[35m12[39m{ri
ght[33m:[39mcalc(
[36mvar[39m([33m--
[39mspacing)[33m*
[39m[35m12[39m)}[
33m.[39mright[33m-
[39m[37m[41m[1m\
[22m[49m[39m[[35
m12[39mpx[37m[41m
[1m\[22m[49m[39m
]{right[33m:[39m[
35m12[39mpx}[33m.
[39m[33m-[39mbotto
m[33m-[39m[35m1[
39m{bottom[33m:[39
mcalc([36mvar[39m(
[33m--[39mspacing)
[33m*[39m[33m-[3
9m[35m1[39m)}[33m
.[39m[33m-[39mbot
tom[33m-[39m[35m4
[39m{bottom[33m:[
39mcalc([36mvar[39
m([33m--[39mspacin
g)[33m*[39m[33m-
[39m[35m4[39m)}[3
3m.[39mbottom[33m-
[39m[35m0[39m{bot
tom[33m:[39mcalc(
[36mvar[39m([33m--
[39mspacing)[33m*
[39m[35m0[39m)}[3
3m.[39mbottom[33m-
[39m[35m1[39m[37
m[41m[1m\[22m[49
m[39m[33m/[39m[3
5m3[39m{bottom[33m
:[39m[35m33.3333[
39m[33m%[39m}[33m
.[39mbottom[33m-[
39m[35m4[39m{botto
m[33m:[39mcalc([3
6mvar[39m([33m--[
39mspacing)[33m*[3
9m[35m4[39m)}[33m
.[39mbottom[33m-[
39m[35m8[39m{botto
m[33m:[39mcalc([3
6mvar[39m([33m--[
39mspacing)[33m*[3
9m[35m8[39m)}[33m
.[39mbottom[33m-[
39m[37m[41m[1m\[
22m[49m[39m[[35m1
8[39mpx[37m[41m[
1m\[22m[49m[39m]{
bottom[33m:[39m[3
5m18[39mpx}[33m.[
39mbottom[33m-[39m
[37m[41m[1m\[22m
[49m[39m[calc[37m
[41m[1m\[22m[49m
[39m([35m100[39m
[37m[41m[1m\[22m
[49m[39m[33m%[39m
[37m[41m[1m\[22m
[49m[39m[33m+[39
m[35m20[39mpx[37m
[41m[1m\[22m[49m
[39m)[37m[41m[1m
\[22m[49m[39m]{bo
ttom[33m:[39mcalc(
[35m100[39m[33m%
[39m [33m+[39m [3
5m20[39mpx)}[33m.
[39mbottom[33m-[39
mfull{bottom[33m:[
39m[35m100[39m[33
m%[39m}[33m.[39m
[33m-[39mleft[33m-
[39m[35m4[39m{lef
t[33m:[39mcalc([3
6mvar[39m([33m--[
39mspacing)[33m*[3
9m[33m-[39m[35m4
[39m)}[33m.[39m[3
3m-[39mleft[33m-[
39m[35m12[39m{left
[33m:[39mcalc([36
mvar[39m([33m--[3
9mspacing)[33m*[39
m[33m-[39m[35m12
[39m)}[33m.[39mlef
t[33m-[39m[35m0[
39m{left[33m:[39mc
alc([36mvar[39m([
33m--[39mspacing)[
33m*[39m[35m0[39m
)}[33m.[39mleft[3
3m-[39m[35m0[39m
[37m[41m[1m\[22m
[49m[39m[35m.5[39
m{left[33m:[39mcal
c([36mvar[39m([33
m--[39mspacing)[33
m*[39m[35m.5[39m)
}[33m.[39mleft[33
m-[39m[35m1[39m[
37m[41m[1m\[22m[
49m[39m[33m/[39m
[35m2[39m{left[33m
:[39m[35m50[39m[
33m%[39m}[33m.[39
mleft[33m-[39m[35
m4[39m{left[33m:[
39mcalc([36mvar[39
m([33m--[39mspacin
g)[33m*[39m[35m4
[39m)}[33m.[39mlef
t[33m-[39m[35m4[
39m[37m[41m[1m\[
22m[49m[39m[35m.5
[39m{left[33m:[39
mcalc([36mvar[39m(
[33m--[39mspacing)
[33m*[39m[35m4.5
[39m)}[33m.[39mlef
t[33m-[39m[35m6[
39m{left[33m:[39mc
alc([36mvar[39m([
33m--[39mspacing)[
33m*[39m[35m6[39m
)}[33m.[39mleft[3
3m-[39m[35m10[39m
{left[33m:[39mcalc
([36mvar[39m([33m
--[39mspacing)[33m
*[39m[35m10[39m)}
[33m.[39mleft[33m
-[39m[37m[41m[1m
\[22m[49m[39m[[3
5m12[39mpx[37m[41
m[1m\[22m[49m[39
m]{left[33m:[39m[
35m12[39mpx}[33m.
[39m[33m-[39mz[33
m-[39m[35m10[39m{
z[33m-[39mindex[3
3m:[39mcalc([35m10
[39m[33m*[39m[33
m-[39m[35m1[39m)}
[33m.[39mz[33m-[
39m[35m0[39m{z[33
m-[39mindex[33m:[
39m[35m0[39m}[33m
.[39mz[33m-[39m[
35m10[39m{z[33m-[
39mindex[33m:[39m
[35m10[39m}[33m.[
39mz[33m-[39m[35m
20[39m{z[33m-[39m
index[33m:[39m[35
m20[39m}[33m.[39m
z[33m-[39m[35m30
[39m{z[33m-[39mind
ex[33m:[39m[35m30
[39m}[33m.[39mz[
33m-[39m[35m40[39
m{z[33m-[39mindex
[33m:[39m[35m40[3
9m}[33m.[39mz[33m
-[39m[35m50[39m{z
[33m-[39mindex[33
m:[39m[35m50[39m}
[33m.[39mz[33m-[
39m[37m[41m[1m\[
22m[49m[39m[[35m6
0[39m[37m[41m[1m
\[22m[49m[39m]{z
[33m-[39mindex[33m
:[39m[35m60[39m}
[33m.[39mz[33m-[3
9m[37m[41m[1m\[2
2m[49m[39m[[35m10
0[39m[37m[41m[1m
\[22m[49m[39m]{z
[33m-[39mindex[33m
:[39m[35m100[39m}
[33m.[39mz[33m-[
39m[37m[41m[1m\[
22m[49m[39m[[35m1
10[39m[37m[41m[1
m\[22m[49m[39m]{z
[33m-[39mindex[33
m:[39m[35m110[39m
}[33m.[39mcol[33m
-[39mspan[33m-[39
m[35m1[39m{grid[3
3m-[39mcolumn[33m:
[39mspan [35m1[39
m[33m/[39mspan [3
5m1[39m}[33m.[39m
col[33m-[39mspan[
33m-[39m[35m2[39m
{grid[33m-[39mcolu
mn[33m:[39mspan [
35m2[39m[33m/[39m
span [35m2[39m}[3
3m.[39mrow[33m-[3
9mspan[33m-[39m[3
5m1[39m{grid[33m-
[39mrow[33m:[39msp
an [35m1[39m[33m/
[39mspan [35m1[39
m}[33m.[39mcontain
er{width[33m:[39m
[35m100[39m[33m%[
39m}[33m@[39mmedia
 (min[33m-[39mwidt
h[33m:[39m[35m40
[39mrem){[33m.[39m
container{max[33m-
[39mwidth[33m:[39m
[35m40[39mrem}}[3
3m@[39mmedia (min[
33m-[39mwidth[33m:
[39m[35m48[39mrem
){[33m.[39mcontain
er{max[33m-[39mwid
th[33m:[39m[35m48
[39mrem}}[33m@[39
mmedia (min[33m-[3
9mwidth[33m:[39m[
35m64[39mrem){[33m
.[39mcontainer{max
[33m-[39mwidth[33m
:[39m[35m64[39mre
m}}[33m@[39mmedia 
(min[33m-[39mwidth
[33m:[39m[35m80[
39mrem){[33m.[39mc
ontainer{max[33m-[
39mwidth[33m:[39m
[35m80[39mrem}}[33
m@[39mmedia (min[3
3m-[39mwidth[33m:
[39m[35m96[39mrem)
{[33m.[39mcontaine
r{max[33m-[39mwidt
h[33m:[39m[35m96
[39mrem}}[33m.[39m
m[33m-[39m[35m4[
39m{margin[33m:[39
mcalc([36mvar[39m(
[33m--[39mspacing)
[33m*[39m[35m4[3
9m)}[33m.[39mm[33
m-[39m[35m6[39m{m
argin[33m:[39mcalc
([36mvar[39m([33m
--[39mspacing)[33m
*[39m[35m6[39m)}
[33m.[39mmx[33m-[
39mauto{margin[33m-
[39minline[33m:[3
9mauto}[33m.[39mmy
[33m-[39m[35m2[3
9m{margin[33m-[39m
block[33m:[39mcalc
([36mvar[39m([33m
--[39mspacing)[33m
*[39m[35m2[39m)}
[33m.[39mmt[33m-[
39m[35m0[39m{margi
n[33m-[39mtop[33m
:[39mcalc([36mvar
[39m([33m--[39mspa
cing)[33m*[39m[35
m0[39m)}[33m.[39m
mt[33m-[39m[35m1
[39m{margin[33m-[3
9mtop[33m:[39mcalc
([36mvar[39m([33m
--[39mspacing)[33m
*[39m[35m1[39m)}
[33m.[39mmt[33m-[
39m[35m2[39m{margi
n[33m-[39mtop[33m
:[39mcalc([36mvar
[39m([33m--[39mspa
cing)[33m*[39m[35
m2[39m)}[33m.[39m
mt[33m-[39m[35m4
[39m{margin[33m-[3
9mtop[33m:[39mcalc
([36mvar[39m([33m
--[39mspacing)[33m
*[39m[35m4[39m)}
[33m.[39mmt[33m-[
39m[35m12[39m{marg
in[33m-[39mtop[33
m:[39mcalc([36mvar
[39m([33m--[39msp
acing)[33m*[39m[3
5m12[39m)}[33m.[3
9mmt[33m-[39m[35m
16[39m{margin[33m-
[39mtop[33m:[39mc
alc([36mvar[39m([
33m--[39mspacing)[
33m*[39m[35m16[39
m)}[33m.[39mmt[33
m-[39m[35m20[39m{
margin[33m-[39mtop
[33m:[39mcalc([36
mvar[39m([33m--[3
9mspacing)[33m*[39
m[35m20[39m)}[33m
.[39mmt[33m-[39ma
uto{margin[33m-[39
mtop[33m:[39mauto}
[33m.[39mmr[33m-
[39m[35m2[39m{marg
in[33m-[39mright[
33m:[39mcalc([36mv
ar[39m([33m--[39m
spacing)[33m*[39m
[35m2[39m)}[33m.[
39mmr[33m-[39m[35
m4[39m{margin[33m-
[39mright[33m:[39
mcalc([36mvar[39m(
[33m--[39mspacing)
[33m*[39m[35m4[3
9m)}[33m.[39mmb[3
3m-[39m[35m0[39m
[37m[41m[1m\[22m
[49m[39m[35m.5[39
m{margin[33m-[39mb
ottom[33m:[39mcalc
([36mvar[39m([33m
--[39mspacing)[33m
*[39m[35m.5[39m)}
[33m.[39mmb[33m-
[39m[35m1[39m{marg
in[33m-[39mbottom
[33m:[39mcalc([36m
var[39m([33m--[39
mspacing)[33m*[39m
[35m1[39m)}[33m.
[39mmb[33m-[39m[3
5m2[39m{margin[33m
-[39mbottom[33m:[
39mcalc([36mvar[39
m([33m--[39mspacin
g)[33m*[39m[35m2
[39m)}[33m.[39mmb
[33m-[39m[35m3[39
m{margin[33m-[39mb
ottom[33m:[39mcalc
([36mvar[39m([33m
--[39mspacing)[33m
*[39m[35m3[39m)}
[33m.[39mmb[33m-[
39m[35m4[39m{margi
n[33m-[39mbottom[
33m:[39mcalc([36mv
ar[39m([33m--[39m
spacing)[33m*[39m
[35m4[39m)}[33m.[
39mmb[33m-[39m[35
m6[39m{margin[33m-
[39mbottom[33m:[3
9mcalc([36mvar[39m
([33m--[39mspacing
)[33m*[39m[35m6[
39m)}[33m.[39mmb[
33m-[39m[35m8[39m
{margin[33m-[39mbo
ttom[33m:[39mcalc(
[36mvar[39m([33m-
-[39mspacing)[33m*
[39m[35m8[39m)}[
33m.[39mmb[33m-[3
9m[35m10[39m{margi
n[33m-[39mbottom[
33m:[39mcalc([36mv
ar[39m([33m--[39m
spacing)[33m*[39m
[35m10[39m)}[33m.
[39mmb[33m-[39m[3
5m12[39m{margin[33
m-[39mbottom[33m:
[39mcalc([36mvar[3
9m([33m--[39mspaci
ng)[33m*[39m[35m1
2[39m)}[33m.[39mm
b[33m-[39m[35m16
[39m{margin[33m-[3
9mbottom[33m:[39mc
alc([36mvar[39m([
33m--[39mspacing)[
33m*[39m[35m16[39
m)}[33m.[39mmb[33
m-[39m[35m20[39m{
margin[33m-[39mbot
tom[33m:[39mcalc(
[36mvar[39m([33m--
[39mspacing)[33m*
[39m[35m20[39m)}[
33m.[39mmb[33m-[3
9m[35m24[39m{margi
n[33m-[39mbottom[
33m:[39mcalc([36mv
ar[39m([33m--[39m
spacing)[33m*[39m
[35m24[39m)}[33m.
[39mmb[33m-[39maut
o{margin[33m-[39mb
ottom[33m:[39mauto
}[33m.[39m[33m-[
39mml[33m-[39m[35
m1[39m{margin[33m-
[39mleft[33m:[39m
calc([36mvar[39m(
[33m--[39mspacing)
[33m*[39m[33m-[39
m[35m1[39m)}[33m.
[39mml[33m-[39m[
35m1[39m{margin[33
m-[39mleft[33m:[3
9mcalc([36mvar[39m
([33m--[39mspacing
)[33m*[39m[35m1[
39m)}[33m.[39mml[
33m-[39m[35m1[39m
[37m[41m[1m\[22m
[49m[39m[35m.5[3
9m{margin[33m-[39m
left[33m:[39mcalc(
[36mvar[39m([33m-
-[39mspacing)[33m*
[39m[35m1.5[39m)}
[33m.[39mml[33m-
[39m[35m2[39m{marg
in[33m-[39mleft[3
3m:[39mcalc([36mva
r[39m([33m--[39ms
pacing)[33m*[39m[
35m2[39m)}[33m.[3
9mml[33m-[39m[35m
4[39m{margin[33m-
[39mleft[33m:[39mc
alc([36mvar[39m([
33m--[39mspacing)[
33m*[39m[35m4[39m
)}[33m.[39mblock{d
isplay[33m:[39mblo
ck}[33m.[39mconten
ts{display[33m:[39
mcontents}[33m.[39
mflex{display[33m:
[39mflex}[33m.[39m
grid{display[33m:[
39mgrid}[33m.[39mh
idden{display[33m:
[39mnone}[33m.[39m
inline{display[33m:
[39minline}[33m.[
39minline[33m-[39m
block{display[33m:
[39minline[33m-[39
mblock}[33m.[39min
line[33m-[39mflex{
display[33m:[39min
line[33m-[39mflex}
[33m.[39mtable{dis
play[33m:[39mtable
}[33m.[39maspect[
33m-[39m[37m[41m
[1m\[22m[49m[39m[
[35m4[39m[37m[41
m[1m\[22m[49m[39
m[33m/[39m[35m3[
39m[37m[41m[1m\[
22m[49m[39m]{aspec
t[33m-[39mratio[3
3m:[39m[35m4[39m
[33m/[39m[35m3[39
m}[33m.[39msize[3
3m-[39m[35m6[39m{
width[33m:[39mcalc
([36mvar[39m([33m
--[39mspacing)[33m
*[39m[35m6[39m)[
33m;[39mheight[33m
:[39mcalc([36mvar
[39m([33m--[39mspa
cing)[33m*[39m[35
m6[39m)}[33m.[39m
size[33m-[39m[35m
8[39m{width[33m:[
39mcalc([36mvar[39
m([33m--[39mspacin
g)[33m*[39m[35m8
[39m)[33m;[39mheig
ht[33m:[39mcalc([
36mvar[39m([33m--
[39mspacing)[33m*[
39m[35m8[39m)}[33
m.[39mh[33m-[39m
[35m0[39m[37m[41m
[1m\[22m[49m[39m
[35m.5[39m{height
[33m:[39mcalc([36m
var[39m([33m--[39
mspacing)[33m*[39m
[35m.5[39m)}[33m.
[39mh[33m-[39m[3
5m1[39m{height[33m
:[39mcalc([36mvar
[39m([33m--[39mspa
cing)[33m*[39m[35
m1[39m)}[33m.[39m
h[33m-[39m[35m1[
39m[37m[41m[1m\[
22m[49m[39m[35m.5
[39m{height[33m:[
39mcalc([36mvar[39
m([33m--[39mspacin
g)[33m*[39m[35m1.
5[39m)}[33m.[39mh
[33m-[39m[35m2[3
9m{height[33m:[39m
calc([36mvar[39m(
[33m--[39mspacing)
[33m*[39m[35m2[39
m)}[33m.[39mh[33m
-[39m[35m3[39m{he
ight[33m:[39mcalc(
[36mvar[39m([33m-
-[39mspacing)[33m*
[39m[35m3[39m)}[
33m.[39mh[33m-[39
m[35m4[39m{height
[33m:[39mcalc([36m
var[39m([33m--[39
mspacing)[33m*[39m
[35m4[39m)}[33m.
[39mh[33m-[39m[35
m5[39m{height[33m:
[39mcalc([36mvar[
39m([33m--[39mspac
ing)[33m*[39m[35m
5[39m)}[33m.[39mh
[33m-[39m[35m6[3
9m{height[33m:[39m
calc([36mvar[39m(
[33m--[39mspacing)
[33m*[39m[35m6[39
m)}[33m.[39mh[33m
-[39m[35m8[39m{he
ight[33m:[39mcalc(
[36mvar[39m([33m-
-[39mspacing)[33m*
[39m[35m8[39m)}[
33m.[39mh[33m-[39
m[35m10[39m{height
[33m:[39mcalc([36
mvar[39m([33m--[3
9mspacing)[33m*[39
m[35m10[39m)}[33m
.[39mh[33m-[39m[
35m12[39m{height[3
3m:[39mcalc([36mva
r[39m([33m--[39ms
pacing)[33m*[39m[
35m12[39m)}[33m.[
39mh[33m-[39m[35m
14[39m{height[33m:
[39mcalc([36mvar[
39m([33m--[39mspac
ing)[33m*[39m[35m
14[39m)}[33m.[39m
h[33m-[39m[35m16
[39m{height[33m:[3
9mcalc([36mvar[39m
([33m--[39mspacing
)[33m*[39m[35m16
[39m)}[33m.[39mh[
33m-[39m[35m20[39
m{height[33m:[39mc
alc([36mvar[39m([
33m--[39mspacing)[
33m*[39m[35m20[39
m)}[33m.[39mh[33m
-[39m[35m24[39m{h
eight[33m:[39mcalc
([36mvar[39m([33m
--[39mspacing)[33m
*[39m[35m24[39m)}
[33m.[39mh[33m-[
39m[35m32[39m{heig
ht[33m:[39mcalc([
36mvar[39m([33m--
[39mspacing)[33m*[
39m[35m32[39m)}[3
3m.[39mh[33m-[39m
[35m48[39m{height
[33m:[39mcalc([36m
var[39m([33m--[39
mspacing)[33m*[39m
[35m48[39m)}[33m.
[39mh[33m-[39m[3
5m64[39m{height[33
m:[39mcalc([36mvar
[39m([33m--[39msp
acing)[33m*[39m[3
5m64[39m)}[33m.[3
9mh[33m-[39m[37m
[41m[1m\[22m[49m
[39m[[35m1[39mpx[
37m[41m[1m\[22m[
49m[39m]{height[33
m:[39m[35m1[39mpx
}[33m.[39mh[33m-
[39m[37m[41m[1m\
[22m[49m[39m[[35m
2[39mpx[37m[41m[
1m\[22m[49m[39m]{
height[33m:[39m[3
5m2[39mpx}[33m.[3
9mh[33m-[39m[37m
[41m[1m\[22m[49m
[39m[[35m15[39m[3
7m[41m[1m\[22m[4
9m[39m[33m%[39m[
37m[41m[1m\[22m[
49m[39m]{height[33
m:[39m[35m15[39m
[33m%[39m}[33m.[3
9mh[33m-[39m[37m
[41m[1m\[22m[49m
[39m[[35m50[39mvh
[37m[41m[1m\[22m
[49m[39m]{height[3
3m:[39m[35m50[39m
vh}[33m.[39mh[33m
-[39m[37m[41m[1m
\[22m[49m[39m[[3
5m400[39mpx[37m[4
1m[1m\[22m[49m[3
9m]{height[33m:[39
m[35m400[39mpx}[3
3m.[39mh[33m-[39m
[37m[41m[1m\[22m
[49m[39m[[35m450
[39mpx[37m[41m[1m
\[22m[49m[39m]{he
ight[33m:[39m[35m
450[39mpx}[33m.[3
9mh[33m-[39m[37m
[41m[1m\[22m[49m
[39m[[35m500[39mpx
[37m[41m[1m\[22m
[49m[39m]{height[
33m:[39m[35m500[3
9mpx}[33m.[39mh[3
3m-[39m[37m[41m[
1m\[22m[49m[39m[
[35m550[39mpx[37m
[41m[1m\[22m[49m
[39m]{height[33m:[
39m[35m550[39mpx}
[33m.[39mh[33m-[3
9m[37m[41m[1m\[2
2m[49m[39m[[35m80
0[39mpx[37m[41m[
1m\[22m[49m[39m]{
height[33m:[39m[3
5m800[39mpx}[33m.
[39mh[33m-[39mfull
{height[33m:[39m[
35m100[39m[33m%[3
9m}[33m.[39mh[33m
-[39mpx{height[33m
:[39m[35m1[39mpx}
[33m.[39mmax[33m-
[39mh[33m-[39m[3
7m[41m[1m\[22m[4
9m[39m[[35m90[39m
vh[37m[41m[1m\[2
2m[49m[39m]{max[3
3m-[39mheight[33m:
[39m[35m90[39mvh}
[33m.[39mmax[33m-
[39mh[33m-[39m[3
7m[41m[1m\[22m[4
9m[39m[[35m95[39m
vh[37m[41m[1m\[2
2m[49m[39m]{max[3
3m-[39mheight[33m:
[39m[35m95[39mvh}
[33m.[39mmin[33m-
[39mh[33m-[39m[3
7m[41m[1m\[22m[4
9m[39m[[35m90[39m
vh[37m[41m[1m\[2
2m[49m[39m]{min[3
3m-[39mheight[33m:
[39m[35m90[39mvh}
[33m.[39mmin[33m-
[39mh[33m-[39mscr
een{min[33m-[39mhe
ight[33m:[39m[35m
100[39mvh}[33m.[3
9mw[33m-[39m[35m0
[39m{width[33m:[3
9mcalc([36mvar[39m
([33m--[39mspacing
)[33m*[39m[35m0[
39m)}[33m.[39mw[3
3m-[39m[35m1[39m{
width[33m:[39mcalc
([36mvar[39m([33m
--[39mspacing)[33m
*[39m[35m1[39m)}
[33m.[39mw[33m-[3
9m[35m1[39m[37m[
41m[1m\[22m[49m[
39m[35m.5[39m{widt
h[33m:[39mcalc([3
6mvar[39m([33m--[
39mspacing)[33m*[3
9m[35m1.5[39m)}[3
3m.[39mw[33m-[39m
[35m1[39m[37m[41
m[1m\[22m[49m[39
m[33m/[39m[35m2[
39m{width[33m:[39m
[35m50[39m[33m%[
39m}[33m.[39mw[33
m-[39m[35m1[39m[
37m[41m[1m\[22m[
49m[39m[33m/[39m
[35m3[39m{width[33
m:[39m[35m33.3333
[39m[33m%[39m}[33
m.[39mw[33m-[39m
[35m2[39m{width[33
m:[39mcalc([36mvar
[39m([33m--[39msp
acing)[33m*[39m[3
5m2[39m)}[33m.[39
mw[33m-[39m[35m3
[39m{width[33m:[39
mcalc([36mvar[39m(
[33m--[39mspacing)
[33m*[39m[35m3[3
9m)}[33m.[39mw[33
m-[39m[35m3[39m[
37m[41m[1m\[22m[
49m[39m[33m/[39m
[35m4[39m{width[33
m:[39m[35m75[39m
[33m%[39m}[33m.[3
9mw[33m-[39m[35m4
[39m{width[33m:[3
9mcalc([36mvar[39m
([33m--[39mspacing
)[33m*[39m[35m4[
39m)}[33m.[39mw[3
3m-[39m[35m5[39m{
width[33m:[39mcalc
([36mvar[39m([33m
--[39mspacing)[33m
*[39m[35m5[39m)}
[33m.[39mw[33m-[3
9m[35m6[39m{width
[33m:[39mcalc([36m
var[39m([33m--[39
mspacing)[33m*[39m
[35m6[39m)}[33m.
[39mw[33m-[39m[35
m8[39m{width[33m:
[39mcalc([36mvar[3
9m([33m--[39mspaci
ng)[33m*[39m[35m8
[39m)}[33m.[39mw
[33m-[39m[35m10[3
9m{width[33m:[39mc
alc([36mvar[39m([
33m--[39mspacing)[
33m*[39m[35m10[39
m)}[33m.[39mw[33m
-[39m[35m12[39m{w
idth[33m:[39mcalc(
[36mvar[39m([33m-
-[39mspacing)[33m*
[39m[35m12[39m)}
[33m.[39mw[33m-[3
9m[35m16[39m{width
[33m:[39mcalc([36
mvar[39m([33m--[3
9mspacing)[33m*[39
m[35m16[39m)}[33m
.[39mw[33m-[39m[
35m20[39m{width[33
m:[39mcalc([36mvar
[39m([33m--[39msp
acing)[33m*[39m[3
5m20[39m)}[33m.[3
9mw[33m-[39m[35m2
4[39m{width[33m:[
39mcalc([36mvar[39
m([33m--[39mspacin
g)[33m*[39m[35m24
[39m)}[33m.[39mw
[33m-[39m[35m32[3
9m{width[33m:[39mc
alc([36mvar[39m([
33m--[39mspacing)[
33m*[39m[35m32[39
m)}[33m.[39mw[33m
-[39m[35m56[39m{w
idth[33m:[39mcalc(
[36mvar[39m([33m-
-[39mspacing)[33m*
[39m[35m56[39m)}
[33m.[39mw[33m-[3
9m[35m64[39m{width
[33m:[39mcalc([36
mvar[39m([33m--[3
9mspacing)[33m*[39
m[35m64[39m)}[33m
.[39mw[33m-[39m[
35m80[39m{width[33
m:[39mcalc([36mvar
[39m([33m--[39msp
acing)[33m*[39m[3
5m80[39m)}[33m.[3
9mw[33m-[39m[37m
[41m[1m\[22m[49m
[39m[[35m9[39m[37
m[41m[1m\[22m[49
m[39m[33m%[39m[3
7m[41m[1m\[22m[4
9m[39m]{width[33m:
[39m[35m9[39m[33
m%[39m}[33m.[39mw
[33m-[39m[37m[41
m[1m\[22m[49m[39
m[[35m20[39m[37m
[41m[1m\[22m[49m
[39m[33m%[39m[37m
[41m[1m\[22m[49m
[39m]{width[33m:[
39m[35m20[39m[33m
%[39m}[33m.[39mw
[33m-[39m[37m[41m
[1m\[22m[49m[39m
[[35m50[39m[37m[
41m[1m\[22m[49m[
39m[33m%[39m[37m
[41m[1m\[22m[49m
[39m]{width[33m:[3
9m[35m50[39m[33m%
[39m}[33m.[39mw[
33m-[39m[37m[41m
[1m\[22m[49m[39m[
[35m200[39mpx[37m
[41m[1m\[22m[49m
[39m]{width[33m:[
39m[35m200[39mpx}
[33m.[39mw[33m-[3
9m[37m[41m[1m\[2
2m[49m[39m[[35m50
0[39mpx[37m[41m[
1m\[22m[49m[39m]{
width[33m:[39m[35
m500[39mpx}[33m.[
39mw[33m-[39m[37m
[41m[1m\[22m[49m
[39m[[35m800[39mp
x[37m[41m[1m\[22
m[49m[39m]{width[
33m:[39m[35m800[3
9mpx}[33m.[39mw[3
3m-[39mauto{width[
33m:[39mauto}[33m.
[39mw[33m-[39mful
l{width[33m:[39m[
35m100[39m[33m%[3
9m}[33m.[39mw[33m
-[39mpx{width[33m:
[39m[35m1[39mpx}
[33m.[39mmax[33m-
[39mw[33m-[39m[35
m2[39mxl{max[33m-
[39mwidth[33m:[39m
[36mvar[39m([33m-
-[39mcontainer[33m
-[39m[35m2[39mxl)
}[33m.[39mmax[33m
-[39mw[33m-[39m[
35m4[39mxl{max[33m
-[39mwidth[33m:[3
9m[36mvar[39m([33
m--[39mcontainer[3
3m-[39m[35m4[39mx
l)}[33m.[39mmax[3
3m-[39mw[33m-[39m
[35m6[39mxl{max[3
3m-[39mwidth[33m:
[39m[36mvar[39m([
33m--[39mcontainer
[33m-[39m[35m6[39
mxl)}[33m.[39mmax
[33m-[39mw[33m-[3
9m[35m7[39mxl{max
[33m-[39mwidth[33m
:[39m[36mvar[39m(
[33m--[39mcontaine
r[33m-[39m[35m7[
39mxl)}[33m.[39mma
x[33m-[39mw[33m-
[39m[37m[41m[1m\
[22m[49m[39m[[35m
200[39mpx[37m[41m
[1m\[22m[49m[39m
]{max[33m-[39mwidt
h[33m:[39m[35m200
[39mpx}[33m.[39mm
ax[33m-[39mw[33m-
[39mlg{max[33m-[3
9mwidth[33m:[39m[
36mvar[39m([33m--
[39mcontainer[33m-
[39mlg)}[33m.[39mm
ax[33m-[39mw[33m-
[39mmd{max[33m-[3
9mwidth[33m:[39m[
36mvar[39m([33m--
[39mcontainer[33m-
[39mmd)}[33m.[39mm
ax[33m-[39mw[33m-
[39msm{max[33m-[3
9mwidth[33m:[39m[
36mvar[39m([33m--
[39mcontainer[33m-
[39msm)}[33m.[39mm
ax[33m-[39mw[33m-
[39mxl{max[33m-[3
9mwidth[33m:[39m[
36mvar[39m([33m--
[39mcontainer[33m-
[39mxl)}[33m.[39mm
ax[33m-[39mw[33m-
[39mxs{max[33m-[3
9mwidth[33m:[39m[
36mvar[39m([33m--
[39mcontainer[33m-
[39mxs)}[33m.[39mf
lex[33m-[39m[35m1
[39m{flex[33m:[39
m[35m1[39m}[33m.
[39mshrink{flex[33m
-[39mshrink[33m:[
39m[35m1[39m}[33m
.[39mshrink[33m-[
39m[35m0[39m{flex
[33m-[39mshrink[33
m:[39m[35m0[39m}
[33m.[39mgrow{flex
[33m-[39mgrow[33m:
[39m[35m1[39m}[3
3m.[39m[33m-[39mt
ranslate[33m-[39mx
[33m-[39m[35m1[3
9m{[33m--[39mtw[3
3m-[39mtranslate[3
3m-[39mx[33m:[39m
calc([36mvar[39m(
[33m--[39mspacing)
[33m*[39m[33m-[39
m[35m1[39m)[33m;
[39mtranslate[33m:
[39m[36mvar[39m([
33m--[39mtw[33m-[
39mtranslate[33m-[
39mx)[36mvar[39m(
[33m--[39mtw[33m-
[39mtranslate[33m-
[39my)}[33m.[39m[
33m-[39mtranslate[
33m-[39mx[33m-[39
m[35m1[39m[37m[4
1m[1m\[22m[49m[3
9m[33m/[39m[35m2
[39m{[33m--[39mtw
[33m-[39mtranslate
[33m-[39mx[33m:[3
9mcalc(calc([35m1[
39m[33m/[39m[35m2
[39m[33m*[39m[35
m100[39m[33m%[39m
)[33m*[39m[33m-[
39m[35m1[39m)[33m
;[39mtranslate[33m
:[39m[36mvar[39m(
[33m--[39mtw[33m-
[39mtranslate[33m-
[39mx)[36mvar[39m
([33m--[39mtw[33m
-[39mtranslate[33m
-[39my)}[33m.[39m
[33m-[39mtranslate
[33m-[39mx[33m-[
39m[35m4[39m{[33m
--[39mtw[33m-[39m
translate[33m-[39m
x[33m:[39mcalc([3
6mvar[39m([33m--[
39mspacing)[33m*[3
9m[33m-[39m[35m4
[39m)[33m;[39mtran
slate[33m:[39m[36
mvar[39m([33m--[3
9mtw[33m-[39mtrans
late[33m-[39mx)[3
6mvar[39m([33m--[
39mtw[33m-[39mtran
slate[33m-[39my)}
[33m.[39m[33m-[39
mtranslate[33m-[39
mx[33m-[39mfull{[
33m--[39mtw[33m-[
39mtranslate[33m-[
39mx[33m:[39m[33m
-[39m[35m100[39m
[33m%[39m[33m;[39
mtranslate[33m:[39
m[36mvar[39m([33m
--[39mtw[33m-[39m
translate[33m-[39m
x)[36mvar[39m([33
m--[39mtw[33m-[39
mtranslate[33m-[39
my)}[33m.[39mtrans
late[33m-[39mx[33
m-[39m[35m0[39m{
[33m--[39mtw[33m-
[39mtranslate[33m-
[39mx[33m:[39mcalc
([36mvar[39m([33m
--[39mspacing)[33m
*[39m[35m0[39m)[
33m;[39mtranslate[
33m:[39m[36mvar[3
9m([33m--[39mtw[3
3m-[39mtranslate[3
3m-[39mx)[36mvar[
39m([33m--[39mtw[
33m-[39mtranslate[
33m-[39my)}[33m.[
39mtranslate[33m-[
39mx[33m-[39m[35m
4[39m{[33m--[39mt
w[33m-[39mtranslat
e[33m-[39mx[33m:
[39mcalc([36mvar[3
9m([33m--[39mspaci
ng)[33m*[39m[35m4
[39m)[33m;[39mtra
nslate[33m:[39m[3
6mvar[39m([33m--[
39mtw[33m-[39mtran
slate[33m-[39mx)[
36mvar[39m([33m--
[39mtw[33m-[39mtra
nslate[33m-[39my)}
[33m.[39mtranslate
[33m-[39mx[33m-[
39m[35m12[39m{[33
m--[39mtw[33m-[39
mtranslate[33m-[39
mx[33m:[39mcalc([
36mvar[39m([33m--
[39mspacing)[33m*[
39m[35m12[39m)[33
m;[39mtranslate[33
m:[39m[36mvar[39m
([33m--[39mtw[33m
-[39mtranslate[33m
-[39mx)[36mvar[39
m([33m--[39mtw[33
m-[39mtranslate[33
m-[39my)}[33m.[39
mtranslate[33m-[39
mx[33m-[39m[37m[
41m[1m\[22m[49m[
39m[[33m-[39m[35m
100[39m[37m[41m[
1m\[22m[49m[39m[
33m%[39m[37m[41m
[1m\[22m[49m[39m]
{[33m--[39mtw[33m
-[39mtranslate[33m
-[39mx[33m:[39m[
33m-[39m[35m100[3
9m[33m%[39m[33m;
[39mtranslate[33m:
[39m[36mvar[39m([
33m--[39mtw[33m-[
39mtranslate[33m-[
39mx)[36mvar[39m(
[33m--[39mtw[33m-
[39mtranslate[33m-
[39my)}[33m.[39m[
33m-[39mtranslate[
33m-[39my[33m-[39
m[35m1[39m[37m[4
1m[1m\[22m[49m[3
9m[33m/[39m[35m2
[39m{[33m--[39mtw
[33m-[39mtranslate
[33m-[39my[33m:[3
9mcalc(calc([35m1[
39m[33m/[39m[35m2
[39m[33m*[39m[35
m100[39m[33m%[39m
)[33m*[39m[33m-[
39m[35m1[39m)[33m
;[39mtranslate[33m
:[39m[36mvar[39m(
[33m--[39mtw[33m-
[39mtranslate[33m-
[39mx)[36mvar[39m
([33m--[39mtw[33m
-[39mtranslate[33m
-[39my)}[33m.[39m
[33m-[39mtranslate
[33m-[39my[33m-[
39m[35m2[39m{[33m
--[39mtw[33m-[39m
translate[33m-[39m
y[33m:[39mcalc([3
6mvar[39m([33m--[
39mspacing)[33m*[3
9m[33m-[39m[35m2
[39m)[33m;[39mtran
slate[33m:[39m[36
mvar[39m([33m--[3
9mtw[33m-[39mtrans
late[33m-[39mx)[3
6mvar[39m([33m--[
39mtw[33m-[39mtran
slate[33m-[39my)}
[33m.[39mtranslate
[33m-[39my[33m-[3
9m[35m0[39m{[33m-
-[39mtw[33m-[39mt
ranslate[33m-[39my
[33m:[39mcalc([36
mvar[39m([33m--[3
9mspacing)[33m*[39
m[35m0[39m)[33m;
[39mtranslate[33m:
[39m[36mvar[39m([
33m--[39mtw[33m-[
39mtranslate[33m-[
39mx)[36mvar[39m(
[33m--[39mtw[33m-
[39mtranslate[33m-
[39my)}[33m.[39mtr
anslate[33m-[39my
[33m-[39m[35m2[39
m{[33m--[39mtw[33
m-[39mtranslate[33
m-[39my[33m:[39mc
alc([36mvar[39m([
33m--[39mspacing)[
33m*[39m[35m2[39m
)[33m;[39mtranslat
e[33m:[39m[36mvar
[39m([33m--[39mtw
[33m-[39mtranslate
[33m-[39mx)[36mva
r[39m([33m--[39mt
w[33m-[39mtranslat
e[33m-[39my)}[33m
.[39mtranslate[33m
-[39my[33m-[39m[
35m4[39m{[33m--[3
9mtw[33m-[39mtrans
late[33m-[39my[33
m:[39mcalc([36mvar
[39m([33m--[39msp
acing)[33m*[39m[3
5m4[39m)[33m;[39m
translate[33m:[39m
[36mvar[39m([33m-
-[39mtw[33m-[39mt
ranslate[33m-[39mx
)[36mvar[39m([33m
--[39mtw[33m-[39m
translate[33m-[39m
y)}[33m.[39mtransl
ate[33m-[39my[33m
-[39m[35m8[39m{[
33m--[39mtw[33m-[
39mtranslate[33m-[
39my[33m:[39mcalc(
[36mvar[39m([33m-
-[39mspacing)[33m*
[39m[35m8[39m)[3
3m;[39mtranslate[3
3m:[39m[36mvar[39
m([33m--[39mtw[33
m-[39mtranslate[33
m-[39mx)[36mvar[3
9m([33m--[39mtw[3
3m-[39mtranslate[3
3m-[39my)}[33m.[3
9mtranslate[33m-[3
9mz[33m-[39m[35m0
[39m{[33m--[39mtw
[33m-[39mtranslate
[33m-[39mz[33m:[
39mcalc([36mvar[39
m([33m--[39mspacin
g)[33m*[39m[35m0
[39m)[33m;[39mtran
slate[33m:[39m[36
mvar[39m([33m--[3
9mtw[33m-[39mtrans
late[33m-[39mx)[3
6mvar[39m([33m--[
39mtw[33m-[39mtran
slate[33m-[39my)[
36mvar[39m([33m--
[39mtw[33m-[39mtra
nslate[33m-[39mz)}
[33m.[39mtranslate
[33m-[39mz[33m-[
39m[37m[41m[1m\[
22m[49m[39m[[35m2
5[39mpx[37m[41m[
1m\[22m[49m[39m]{
[33m--[39mtw[33m-
[39mtranslate[33m-
[39mz[33m:[39m[3
5m25[39mpx[33m;[3
9mtranslate[33m:[3
9m[36mvar[39m([33
m--[39mtw[33m-[39
mtranslate[33m-[39
mx)[36mvar[39m([3
3m--[39mtw[33m-[3
9mtranslate[33m-[3
9my)[36mvar[39m([
33m--[39mtw[33m-[
39mtranslate[33m-[
39mz)}[33m.[39mtra
nslate[33m-[39mz[
33m-[39m[37m[41m
[1m\[22m[49m[39m[
[35m50[39mpx[37m
[41m[1m\[22m[49m
[39m]{[33m--[39mtw
[33m-[39mtranslate
[33m-[39mz[33m:[
39m[35m50[39mpx[3
3m;[39mtranslate[3
3m:[39m[36mvar[39
m([33m--[39mtw[33
m-[39mtranslate[33
m-[39mx)[36mvar[3
9m([33m--[39mtw[3
3m-[39mtranslate[3
3m-[39my)[36mvar[
39m([33m--[39mtw[
33m-[39mtranslate[
33m-[39mz)}[33m.[
39mscale[33m-[39m
[35m95[39m{[33m--
[39mtw[33m-[39msca
le[33m-[39mx[33m:
[39m[35m95[39m[3
3m%[39m[33m;[39m
[33m--[39mtw[33m-
[39mscale[33m-[39m
y[33m:[39m[35m95
[39m[33m%[39m[33m
;[39m[33m--[39mtw
[33m-[39mscale[33
m-[39mz[33m:[39m
[35m95[39m[33m%[3
9m[33m;[39mscale[
33m:[39m[36mvar[3
9m([33m--[39mtw[3
3m-[39mscale[33m-
[39mx)[36mvar[39m(
[33m--[39mtw[33m-
[39mscale[33m-[39
my)}[33m.[39mscale
[33m-[39m[35m100
[39m{[33m--[39mtw
[33m-[39mscale[33m
-[39mx[33m:[39m[
35m100[39m[33m%[3
9m[33m;[39m[33m--
[39mtw[33m-[39msc
ale[33m-[39my[33m
:[39m[35m100[39m
[33m%[39m[33m;[39
m[33m--[39mtw[33m
-[39mscale[33m-[3
9mz[33m:[39m[35m1
00[39m[33m%[39m[
33m;[39mscale[33m:
[39m[36mvar[39m(
[33m--[39mtw[33m-
[39mscale[33m-[39m
x)[36mvar[39m([33
m--[39mtw[33m-[39
mscale[33m-[39my)}
[33m.[39m[33m-[3
9mrotate[33m-[39m
[35m45[39m{rotate[
33m:[39m[33m-[39m
[35m45[39mdeg}[33
m.[39mrotate[33m-
[39m[35m45[39m{rot
ate[33m:[39m[35m4
5[39mdeg}[33m.[39
mrotate[33m-[39m[
35m90[39m{rotate[3
3m:[39m[35m90[39m
deg}[33m.[39mrotat
e[33m-[39m[35m180
[39m{rotate[33m:[
39m[35m180[39mdeg}
[33m.[39mskew[33m
-[39mx[33m-[39m[
35m12[39m{[33m--[
39mtw[33m-[39mskew
[33m-[39mx[33m:[
39mskewX([35m12[39
mdeg)[33m;[39mtran
sform[33m:[39m[36
mvar[39m([33m--[3
9mtw[33m-[39mrotat
e[33m-[39mx[33m,
[39m)[36mvar[39m(
[33m--[39mtw[33m-
[39mrotate[33m-[39
my[33m,[39m)[36mv
ar[39m([33m--[39m
tw[33m-[39mrotate
[33m-[39mz[33m,[3
9m)[36mvar[39m([3
3m--[39mtw[33m-[3
9mskew[33m-[39mx[
33m,[39m)[36mvar[
39m([33m--[39mtw[
33m-[39mskew[33m-
[39my[33m,[39m)}[
33m.[39mtransform{t
ransform[33m:[39m
[36mvar[39m([33m--
[39mtw[33m-[39mro
tate[33m-[39mx[33
m,[39m)[36mvar[39
m([33m--[39mtw[33
m-[39mrotate[33m-
[39my[33m,[39m)[3
6mvar[39m([33m--[
39mtw[33m-[39mrota
te[33m-[39mz[33m,
[39m)[36mvar[39m(
[33m--[39mtw[33m-
[39mskew[33m-[39m
x[33m,[39m)[36mva
r[39m([33m--[39mt
w[33m-[39mskew[33
m-[39my[33m,[39m)
}[33m.[39manimate
[33m-[39m[37m[41m
[1m\[22m[49m[39m
[ken[33m-[39mburns
_12s_ease[33m-[39m
[36min[39m[33m-[
39mout_infinite[37m
[41m[1m\[22m[49m
[39m]{animation[33
m:[39m[35m12[39ms
 ease[33m-[39m[36
min[39m[33m-[39mo
ut infinite ken[33m
-[39mburns}[33m.[
39manimate[33m-[39
m[37m[41m[1m\[22
m[49m[39m[ken[33m
-[39mburns_20s_ease
[33m-[39m[36min[
39m[33m-[39mout_in
finite[37m[41m[1m
\[22m[49m[39m]{an
imation[33m:[39m[
35m20[39ms ease[33
m-[39m[36min[39m
[33m-[39mout 
infinite ken[33m-[
39mburns}[33m.[39m
animate[33m-[39m[
37m[41m[1m\[22m[
49m[39m[pulse[33m-
[39mshadow_3s_infin
ite[37m[41m[1m\[
22m[49m[39m]{anima
tion[33m:[39m[35m
3[39ms infinite pul
se[33m-[39mshadow}
[33m.[39manimate[
33m-[39m[37m[41m
[1m\[22m[49m[39m[
pulse_3s_infinite[3
7m[41m[1m\[22m[4
9m[39m]{animation[
33m:[39m[35m3[39m
s infinite pulse}[3
3m.[39manimate[33m
-[39m[37m[41m[1m
\[22m[49m[39m[sca
n_3s_ease[33m-[39m
[36min[39m[33m-[
39mout_infinite[37m
[41m[1m\[22m[49m
[39m]{animation[33
m:[39m[35m3[39ms 
ease[33m-[39m[36m
in[39m[33m-[39mou
t infinite scan}[33
m.[39manimate[33m-
[39m[37m[41m[1m\
[22m[49m[39m[shim
mer[33m-[39mslow_6
s_infinite_linear[3
7m[41m[1m\[22m[4
9m[39m]{animation[
33m:[39m[35m6[39m
s linear infinite sh
immer[33m-[39mslow
}[33m.[39manimate
[33m-[39m[37m[41m
[1m\[22m[49m[39m
[shimmer_2s_infinite
[37m[41m[1m\[22m
[49m[39m]{animatio
n[33m:[39m[35m2[
39ms infinite shimme
r}[33m.[39manimate
[33m-[39m[37m[41
m[1m\[22m[49m[39
m[spin_4s_linear_inf
inite[37m[41m[1m\
[22m[49m[39m]{ani
mation[33m:[39m[3
5m4[39ms linear 
infinite spin}[33m.
[39manimate[33m-[
39mbounce{animation
[33m:[39m[36mvar[
39m([33m--[39manim
ate[33m-[39mbounce
)}[33m.[39manimate
[33m-[39mping{anim
ation[33m:[39m[36
mvar[39m([33m--[3
9manimate[33m-[39m
ping)}[33m.[39mani
mate[33m-[39mpulse
{animation[33m:[39
m[36mvar[39m([33m
--[39manimate[33m-
[39mpulse)}[33m.[
39manimate[33m-[39
mspin{animation[33m
:[39m[36mvar[39m(
[33m--[39manimate
[33m-[39mspin)}[33
m.[39mcursor[33m-
[39m[36mdefault[39
m{cursor[33m:[39m
[36mdefault[39m}[3
3m.[39mcursor[33m-
[39mgrab{cursor[33
m:[39mgrab}[33m.[
39mcursor[33m-[39m
pointer{cursor[33m:
[39mpointer}[33m.
[39mresize{resize[3
3m:[39mboth}[33m.
[39mresize[33m-[39
mnone{resize[33m:[
39mnone}[33m.[39ms
croll[33m-[39mmt[
33m-[39m[35m24[39
m{scroll[33m-[39mm
argin[33m-[39mtop
[33m:[39mcalc([36m
var[39m([33m--[39
mspacing)[33m*[39m
[35m24[39m)}[33m.
[39mscroll[33m-[3
9mmt[33m-[39m[35m
32[39m{scroll[33m-
[39mmargin[33m-[3
9mtop[33m:[39mcalc
([36mvar[39m([33m
--[39mspacing)[33m
*[39m[35m32[39m)}
[33m.[39mappearanc
e[33m-[39mnone{app
earance[33m:[39mno
ne}[33m.[39mgrid[
33m-[39mcols[33m-
[39m[35m1[39m{grid
[33m-[39mtemplate
[33m-[39mcolumns[3
3m:[39mrepeat([35m
1[39m[33m,[39mmin
max([35m0[39m[33m
,[39m[35m1[39mfr)
)}[33m.[39mgrid[3
3m-[39mcols[33m-[
39m[35m2[39m{grid
[33m-[39mtemplate[
33m-[39mcolumns[33
m:[39mrepeat([35m2
[39m[33m,[39mminm
ax([35m0[39m[33m,
[39m[35m1[39mfr))
}[33m.[39mgrid[33
m-[39mcols[33m-[3
9m[35m3[39m{grid[
33m-[39mtemplate[3
3m-[39mcolumns[33m
:[39mrepeat([35m3
[39m[33m,[39mminma
x([35m0[39m[33m,
[39m[35m1[39mfr))}
[33m.[39mgrid[33m
-[39mcols[33m-[39
m[35m4[39m{grid[3
3m-[39mtemplate[33
m-[39mcolumns[33m:
[39mrepeat([35m4[
39m[33m,[39mminmax
([35m0[39m[33m,[
39m[35m1[39mfr))}
[33m.[39mgrid[33m-
[39mcols[33m-[39m
[35m5[39m{grid[33
m-[39mtemplate[33m
-[39mcolumns[33m:
[39mrepeat([35m5[3
9m[33m,[39mminmax(
[35m0[39m[33m,[3
9m[35m1[39mfr))}[
33m.[39mgrid[33m-
[39mrows[33m-[39m
[35m2[39m{grid[33m
-[39mtemplate[33m-
[39mrows[33m:[39m
repeat([35m2[39m[
33m,[39mminmax([35
m0[39m[33m,[39m[
35m1[39mfr))}[33m.
[39mflex[33m-[39m
col{flex[33m-[39md
irection[33m:[39mc
olumn}[33m.[39mfle
x[33m-[39mwrap{fle
x[33m-[39mwrap[33
m:[39mwrap}[33m.[
39mitems[33m-[39mc
enter{align[33m-[3
9mitems[33m:[39mce
nter}[33m.[39mitem
s[33m-[39mend{alig
n[33m-[39mitems[3
3m:[39mflex[33m-[
39mend}[33m.[39mit
ems[33m-[39mstart{
align[33m-[39mitem
s[33m:[39mflex[33
m-[39mstart}[33m.
[39mjustify[33m-[3
9mbetween{justify[3
3m-[39mcontent[33m
:[39mspace[33m-[3
9mbetween}[33m.[39
mjustify[33m-[39mc
enter{justify[33m-
[39mcontent[33m:[3
9mcenter}[33m.[39m
justify[33m-[39men
d{justify[33m-[39m
content[33m:[39mfl
ex[33m-[39mend}[3
3m.[39mgap[33m-[3
9m[35m1[39m{gap[3
3m:[39mcalc([36mva
r[39m([33m--[39ms
pacing)[33m*[39m[
35m1[39m)}[33m.[3
9mgap[33m-[39m[35
m1[39m[37m[41m[1
m\[22m[49m[39m[3
5m.5[39m{gap[33m:
[39mcalc([36mvar[3
9m([33m--[39mspaci
ng)[33m*[39m[35m1
.5[39m)}[33m.[39m
gap[33m-[39m[35m2
[39m{gap[33m:[39m
calc([36mvar[39m(
[33m--[39mspacing)
[33m*[39m[35m2[39
m)}[33m.[39mgap[3
3m-[39m[35m3[39m{
gap[33m:[39mcalc(
[36mvar[39m([33m--
[39mspacing)[33m*
[39m[35m3[39m)}[3
3m.[39mgap[33m-[3
9m[35m4[39m{gap[3
3m:[39mcalc([36mva
r[39m([33m--[39ms
pacing)[33m*[39m[
35m4[39m)}[33m.[3
9mgap[33m-[39m[35
m6[39m{gap[33m:[3
9mcalc([36mvar[39m
([33m--[39mspacing
)[33m*[39m[35m6[
39m)}[33m.[39mgap
[33m-[39m[35m8[39
m{gap[33m:[39mcalc
([36mvar[39m([33m
--[39mspacing)[33m
*[39m[35m8[39m)}
[33m.[39mgap[33m-
[39m[35m10[39m{gap
[33m:[39mcalc([36
mvar[39m([33m--[3
9mspacing)[33m*[39
m[35m10[39m)}[33m
.[39mgap[33m-[39m
[35m12[39m{gap[33
m:[39mcalc([36mvar
[39m([33m--[39msp
acing)[33m*[39m[3
5m12[39m)}[33m.[3
9mgap[33m-[39m[35
m16[39m{gap[33m:[
39mcalc([36mvar[39
m([33m--[39mspacin
g)[33m*[39m[35m16
[39m)}[33m:[39mwh
ere([33m.[39m[33m
-[39mspace[33m-[3
9my[33m-[39m[35m1
[39m[33m>[39m[33
m:[39mnot([33m:[3
9mlast[33m-[39mchi
ld)){[33m--[39mtw
[33m-[39mspace[33m
-[39my[33m-[39mre
verse[33m:[39m[35
m0[39m[33m;[39mma
rgin[33m-[39mblock
[33m-[39mstart[33
m:[39mcalc(calc([3
6mvar[39m([33m--[
39mspacing)[33m*[3
9m[33m-[39m[35m1
[39m)[33m*[39m[36
mvar[39m([33m--[3
9mtw[33m-[39mspace
[33m-[39my[33m-[
39mreverse))[33m;[
39mmargin[33m-[39m
block[33m-[39mend
[33m:[39mcalc(calc(
[36mvar[39m([33m-
-[39mspacing)[33m*
[39m[33m-[39m[35
m1[39m)[33m*[39mc
alc([35m1[39m 
[33m-[39m [36mvar
[39m([33m--[39mtw
[33m-[39mspace[33
m-[39my[33m-[39mr
everse)))}[33m:[39
mwhere([33m.[39msp
ace[33m-[39my[33m
-[39m[35m2[39m[3
3m>[39m[33m:[39mn
ot([33m:[39mlast[
33m-[39mchild)){[3
3m--[39mtw[33m-[3
9mspace[33m-[39my
[33m-[39mreverse[3
3m:[39m[35m0[39m
[33m;[39mmargin[33
m-[39mblock[33m-[
39mstart[33m:[39mc
alc(calc([36mvar[3
9m([33m--[39mspaci
ng)[33m*[39m[35m2
[39m)[33m*[39m[3
6mvar[39m([33m--[
39mtw[33m-[39mspac
e[33m-[39my[33m-
[39mreverse))[33m;
[39mmargin[33m-[39
mblock[33m-[39mend
[33m:[39mcalc(calc
([36mvar[39m([33m
--[39mspacing)[33m
*[39m[35m2[39m)[
33m*[39mcalc([35m1
[39m [33m-[39m [
36mvar[39m([33m--
[39mtw[33m-[39mspa
ce[33m-[39my[33m-
[39mreverse)))}[33
m:[39mwhere([33m.
[39mspace[33m-[39m
y[33m-[39m[35m3[
39m[33m>[39m[33m:
[39mnot([33m:[39m
last[33m-[39mchild
)){[33m--[39mtw[3
3m-[39mspace[33m-
[39my[33m-[39mreve
rse[33m:[39m[35m0
[39m[33m;[39mmarg
in[33m-[39mblock[
33m-[39mstart[33m:
[39mcalc(calc([36m
var[39m([33m--[39
mspacing)[33m*[39m
[35m3[39m)[33m*[
39m[36mvar[39m([3
3m--[39mtw[33m-[3
9mspace[33m-[39my
[33m-[39mreverse))
[33m;[39mmargin[33
m-[39mblock[33m-[
39mend[33m:[39mcal
c(calc([36mvar[39m
([33m--[39mspacing
)[33m*[39m[35m3[
39m)[33m*[39mcalc(
[35m1[39m 
[33m-[39m [36mvar
[39m([33m--[39mtw
[33m-[39mspace[33
m-[39my[33m-[39mr
everse)))}[33m:[39
mwhere([33m.[39msp
ace[33m-[39my[33m
-[39m[35m4[39m[3
3m>[39m[33m:[39mn
ot([33m:[39mlast[
33m-[39mchild)){[3
3m--[39mtw[33m-[3
9mspace[33m-[39my
[33m-[39mreverse[3
3m:[39m[35m0[39m
[33m;[39mmargin[33
m-[39mblock[33m-[
39mstart[33m:[39mc
alc(calc([36mvar[3
9m([33m--[39mspaci
ng)[33m*[39m[35m4
[39m)[33m*[39m[3
6mvar[39m([33m--[
39mtw[33m-[39mspac
e[33m-[39my[33m-
[39mreverse))[33m;
[39mmargin[33m-[39
mblock[33m-[39mend
[33m:[39mcalc(calc
([36mvar[39m([33m
--[39mspacing)[33m
*[39m[35m4[39m)[
33m*[39mcalc([35m1
[39m [33m-[39m [
36mvar[39m([33m--
[39mtw[33m-[39mspa
ce[33m-[39my[33m-
[39mreverse)))}[33
m:[39mwhere([33m.
[39mspace[33m-[39m
y[33m-[39m[35m6[
39m[33m>[39m[33m:
[39mnot([33m:[39m
last[33m-[39mchild
)){[33m--[39mtw[3
3m-[39mspace[33m-
[39my[33m-[39mreve
rse[33m:[39m[35m0
[39m[33m;[39mmarg
in[33m-[39mblock[
33m-[39mstart[33m:
[39mcalc(calc([36m
var[39m([33m--[39
mspacing)[33m*[39m
[35m6[39m)[33m*[
39m[36mvar[39m([3
3m--[39mtw[33m-[3
9mspace[33m-[39my
[33m-[39mreverse))
[33m;[39mmargin[33
m-[39mblock[33m-[
39mend[33m:[39mcal
c(calc([36mvar[39m
([33m--[39mspacing
)[33m*[39m[35m6[
39m)[33m*[39mcalc(
[35m1[39m 
[33m-[39m [36mvar
[39m([33m--[39mtw
[33m-[39mspace[33
m-[39my[33m-[39mr
everse)))}[33m:[39
mwhere([33m.[39msp
ace[33m-[39my[33m
-[39m[35m8[39m[3
3m>[39m[33m:[39mn
ot([33m:[39mlast[
33m-[39mchild)){[3
3m--[39mtw[33m-[3
9mspace[33m-[39my
[33m-[39mreverse[3
3m:[39m[35m0[39m
[33m;[39mmargin[33
m-[39mblock[33m-[
39mstart[33m:[39mc
alc(calc([36mvar[3
9m([33m--[39mspaci
ng)[33m*[39m[35m8
[39m)[33m*[39m[3
6mvar[39m([33m--[
39mtw[33m-[39mspac
e[33m-[39my[33m-
[39mreverse))[33m;
[39mmargin[33m-[39
mblock[33m-[39mend
[33m:[39mcalc(calc
([36mvar[39m([33m
--[39mspacing)[33m
*[39m[35m8[39m)[
33m*[39mcalc([35m1
[39m [33m-[39m [
36mvar[39m([33m--
[39mtw[33m-[39mspa
ce[33m-[39my[33m-
[39mreverse)))}[33
m.[39mgap[33m-[39
mx[33m-[39m[35m12
[39m{column[33m-[
39mgap[33m:[39mcal
c([36mvar[39m([33
m--[39mspacing)[33
m*[39m[35m12[39m)
}[33m:[39mwhere([
33m.[39mspace[33m-
[39mx[33m-[39m[3
5m6[39m[33m>[39m
[33m:[39mnot([33m:
[39mlast[33m-[39m
child)){[33m--[39m
tw[33m-[39mspace[
33m-[39mx[33m-[39
mreverse[33m:[39m
[35m0[39m[33m;[39
mmargin[33m-[39min
line[33m-[39mstart
[33m:[39mcalc(calc
([36mvar[39m([33m
--[39mspacing)[33m
*[39m[35m6[39m)[
33m*[39m[36mvar[3
9m([33m--[39mtw[3
3m-[39mspace[33m-
[39mx[33m-[39mreve
rse))[33m;[39mmarg
in[33m-[39minline
[33m-[39mend[33m:
[39mcalc(calc([36mv
ar[39m([33m--[39m
spacing)[33m*[39m
[35m6[39m)[33m*[3
9mcalc([35m1[39m 
[33m-[39m [36mvar
[39m([33m--[39mtw
[33m-[39mspace[33
m-[39mx[33m-[39mr
everse)))}[33m:[39
mwhere([33m.[39msp
ace[33m-[39mx[33m
-[39m[35m10[39m[
33m>[39m[33m:[39m
not([33m:[39mlast
[33m-[39mchild)){[
33m--[39mtw[33m-[
39mspace[33m-[39mx
[33m-[39mreverse[
33m:[39m[35m0[39m
[33m;[39mmargin[3
3m-[39minline[33m-
[39mstart[33m:[39
mcalc(calc([36mvar
[39m([33m--[39mspa
cing)[33m*[39m[35
m10[39m)[33m*[39m
[36mvar[39m([33m-
-[39mtw[33m-[39ms
pace[33m-[39mx[33
m-[39mreverse))[33
m;[39mmargin[33m-
[39minline[33m-[39
mend[33m:[39mcalc(
calc([36mvar[39m(
[33m--[39mspacing)
[33m*[39m[35m10[3
9m)[33m*[39mcalc(
[35m1[39m 
[33m-[39m [36mvar
[39m([33m--[39mtw
[33m-[39mspace[33
m-[39mx[33m-[39mr
everse)))}[33m.[39
mgap[33m-[39my[33
m-[39m[35m10[39m{
row[33m-[39mgap[3
3m:[39mcalc([36mva
r[39m([33m--[39ms
pacing)[33m*[39m[
35m10[39m)}[33m:[
39mwhere([33m.[39m
divide[33m-[39mx[
33m>[39m[33m:[39m
not([33m:[39mlast
[33m-[39mchild)){[
33m--[39mtw[33m-[
39mdivide[33m-[39m
x[33m-[39mreverse
[33m:[39m[35m0[39
m[33m;[39mborder[
33m-[39minline[33m
-[39mstyle[33m:[3
9m[36mvar[39m([33
m--[39mtw[33m-[39
mborder[33m-[39mst
yle)[33m;[39mborde
r[33m-[39minline[
33m-[39mstart[33m-
[39mwidth[33m:[39
mcalc([35m1[39mpx
[33m*[39m[36mvar[
39m([33m--[39mtw[
33m-[39mdivide[33m
-[39mx[33m-[39mre
verse))[33m;[39mbo
rder[33m-[39minlin
e[33m-[39mend[33m
-[39mwidth[33m:[3
9mcalc([35m1[39mpx
[33m*[39mcalc([35
m1[39m [33m-[39m 
[36mvar[39m([33m-
-[39mtw[33m-[39md
ivide[33m-[39mx[3
3m-[39mreverse)))}
[33m:[39mwhere([33
m.[39mdivide[33m-
[39m[37m[41m[1m\
[22m[49m[39m[[37m
[41m[1m\[22m[49m
[39m[33m#[39ma396
03[37m[41m[1m\[2
2m[49m[39m][37m[
41m[1m\[22m[49m[
39m[33m/[39m[35m2
0[39m[33m>[39m[3
3m:[39mnot([33m:[
39mlast[33m-[39mch
ild)){border[33m-[
39mcolor[33m:[39mo
klab([35m66.3591[3
9m[33m%[39m [33m-
[39m[35m.0319959[
39m [35m.135358[39
m[33m/[39m[35m.2
[39m)}[33m.[39mtru
ncate{text[33m-[39
moverflow[33m:[39m
ellipsis[33m;[39mw
hite[33m-[39mspace
[33m:[39mnowrap[3
3m;[39moverflow[33
m:[39mhidden}[33m.
[39moverflow[33m-
[39mhidden{overflow
[33m:[39mhidden}[3
3m.[39moverflow[33
m-[39my[33m-[39ma
uto{overflow[33m-[
39my[33m:[39mauto}
[33m.[39m[37m[41
m[1m\[22m[49m[39
m[33m![39mrounded
[33m-[39mfull{borde
r[33m-[39mradius[
33m:[39m[35m3.4028
2e38[39mpx[33m![3
9mimportant}[33m.[
39mrounded{border[3
3m-[39mradius[33m:
[39m[35m.25[39mre
m}[33m.[39mrounded
[33m-[39m[37m[41
m[1m\[22m[49m[39
m[[35m1[39mpx[37m
[41m[1m\[22m[49m
[39m]{border[33m-
[39mradius[33m:[39
m[35m1[39mpx}[33m
.[39mrounded[33m-
[39mfull{border[33m
-[39mradius[33m:[
39m[35m3.40282e38[
39mpx}[33m.[39mrou
nded[33m-[39mlg{bo
rder[33m-[39mradiu
s[33m:[39m[36mvar
[39m([33m--[39mra
dius[33m-[39mlg)}
[33m.[39mrounded[3
3m-[39mmd{border[3
3m-[39mradius[33m:
[39m[36mvar[39m(
[33m--[39mradius[3
3m-[39mmd)}[33m.[
39mrounded[33m-[39
mnone{border[33m-[
39mradius[33m:[39m
[35m0[39m}[33m.[
39mrounded[33m-[39
msm{border[33m-[39
mradius[33m:[39m[
36mvar[39m([33m--
[39mradius[33m-[39
msm)}[33m.[39mroun
ded[33m-[39mxl{bor
der[33m-[39mradius
[33m:[39m[36mvar
[39m([33m--[39mrad
ius[33m-[39mxl)}[
33m.[39mrounded[33
m-[39mtl[33m-[39m
[35m3[39mxl{border
[33m-[39mtop[33m-
[39mleft[33m-[39m
radius[33m:[39m[3
6mvar[39m([33m--[
39mradius[33m-[39m
[35m3[39mxl)}[33m
.[39mrounded[33m-
[39mtr[33m-[39mxl{
border[33m-[39mtop
[33m-[39mright[33
m-[39mradius[33m:
[39m[36mvar[39m([
33m--[39mradius[33
m-[39mxl)}[33m.[3
9mrounded[33m-[39m
br[33m-[39m[35m3
[39mxl{border[33m-
[39mbottom[33m-[39
mright[33m-[39mrad
ius[33m:[39m[36mv
ar[39m([33m--[39m
radius[33m-[39m[3
5m3[39mxl)}[33m.[
39mborder{border[33
m-[39mstyle[33m:[
39m[36mvar[39m([3
3m--[39mtw[33m-[3
9mborder[33m-[39ms
tyle)[33m;[39mbord
er[33m-[39mwidth[
33m:[39m[35m1[39m
px}[33m.[39mborder
[33m-[39m[35m2[3
9m{border[33m-[39m
style[33m:[39m[36
mvar[39m([33m--[3
9mtw[33m-[39mborde
r[33m-[39mstyle)[
33m;[39mborder[33m
-[39mwidth[33m:[3
9m[35m2[39mpx}[33
m.[39mborder[33m-
[39m[35m4[39m{bord
er[33m-[39mstyle[
33m:[39m[36mvar[3
9m([33m--[39mtw[3
3m-[39mborder[33m-
[39mstyle)[33m;[3
9mborder[33m-[39mw
idth[33m:[39m[35m
4[39mpx}[33m.[39m
border[33m-[39my{b
order[33m-[39mbloc
k[33m-[39mstyle[3
3m:[39m[36mvar[39
m([33m--[39mtw[33
m-[39mborder[33m-
[39mstyle)[33m;[39
mborder[33m-[39mbl
ock[33m-[39mwidth
[33m:[39m[35m1[39
mpx}[33m.[39mborde
r[33m-[39mt{border
[33m-[39mtop[33m-
[39mstyle[33m:[39
m[36mvar[39m([33m
--[39mtw[33m-[39m
border[33m-[39msty
le)[33m;[39mborder
[33m-[39mtop[33m-
[39mwidth[33m:[39
m[35m1[39mpx}[33m
.[39mborder[33m-[
39mt[33m-[39m[35m
2[39m{border[33m-
[39mtop[33m-[39mst
yle[33m:[39m[36mv
ar[39m([33m--[39m
tw[33m-[39mborder
[33m-[39mstyle)[33
m;[39mborder[33m-
[39mtop[33m-[39mwi
dth[33m:[39m[35m2
[39mpx}[33m.[39mb
order[33m-[39mr{bo
rder[33m-[39mright
[33m-[39mstyle[33
m:[39m[36mvar[39m
([33m--[39mtw[33m
-[39mborder[33m-[
39mstyle)[33m;[39m
border[33m-[39mrig
ht[33m-[39mwidth[
33m:[39m[35m1[39m
px}[33m.[39mborder
[33m-[39mr[33m-[
39m[35m2[39m{borde
r[33m-[39mright[3
3m-[39mstyle[33m:
[39m[36mvar[39m([
33m--[39mtw[33m-[
39mborder[33m-[39m
style)[33m;[39mbor
der[33m-[39mright
[33m-[39mwidth[33m
:[39m[35m2[39mpx}
[33m.[39mborder[3
3m-[39mb{border[33
m-[39mbottom[33m-
[39mstyle[33m:[39m
[36mvar[39m([33m-
-[39mtw[33m-[39mb
order[33m-[39mstyl
e)[33m;[39mborder
[33m-[39mbottom[33
m-[39mwidth[33m:[
39m[35m1[39mpx}[3
3m.[39mborder[33m-
[39mb[33m-[39m[3
5m2[39m{border[33m
-[39mbottom[33m-[
39mstyle[33m:[39m
[36mvar[39m([33m--
[39mtw[33m-[39mbo
rder[33m-[39mstyle
)[33m;[39mborder[
33m-[39mbottom[33m
-[39mwidth[33m:[3
9m[35m2[39mpx}[33
m.[39mborder[33m-
[39ml[33m-[39m[35
m2[39m{border[33m-
[39mleft[33m-[39m
style[33m:[39m[36
mvar[39m([33m--[3
9mtw[33m-[39mborde
r[33m-[39mstyle)[
33m;[39mborder[33m
-[39mleft[33m-[39
mwidth[33m:[39m[3
5m2[39mpx}[33m.[3
9mborder[33m-[39ml
[33m-[39m[35m4[3
9m{border[33m-[39m
left[33m-[39mstyle
[33m:[39m[36mvar
[39m([33m--[39mtw
[33m-[39mborder[33
m-[39mstyle)[33m;
[39mborder[33m-[39
mleft[33m-[39mwidt
h[33m:[39m[35m4[
39mpx}[33m.[39mbor
der[33m-[39ml[33m
-[39m[37m[41m[1m
\[22m[49m[39m[[3
5m3[39mpx[37m[41m
[1m\[22m[49m[39m
]{border[33m-[39ml
eft[33m-[39mstyle
[33m:[39m[36mvar[
39m([33m--[39mtw[
33m-[39mborder[33m
-[39mstyle)[33m;[
39mborder[33m-[39m
left[33m-[39mwidth
[33m:[39m[35m3[3
9mpx}[33m.[39mbord
er[33m-[39mdashed{
[33m--[39mtw[33m-
[39mborder[33m-[3
9mstyle[33m:[39mda
shed[33m;[39mborde
r[33m-[39mstyle[3
3m:[39mdashed}[33m
.[39mborder[33m-[
39m[37m[41m[1m\[
22m[49m[39m[[37m
[41m[1m\[22m[49m
[39m[33m#[39m[35m
00[39m[33mFF94[39
m[37m[41m[1m\[22
m[49m[39m]{border
[33m-[39mcolor[33m
:[39m[33m#[39m[3
5m00[39mff94}[33m.
[39mborder[33m-[3
9m[37m[41m[1m\[2
2m[49m[39m[[37m[
41m[1m\[22m[49m[
39m[33m#[39m[35m0
0[39m[33mFF94[39m
[37m[41m[1m\[22m
[49m[39m][37m[41
m[1m\[22m[49m[39
m[33m/[39m[35m40
[39m{border[33m-[3
9mcolor[33m:[39mok
lab([35m87.8259[39
m[33m%[39m [33m-
[39m[35m.197058[39
m [35m.0924082[39m
[33m/[39m[35m.4[
39m)}[33m.[39mbord
er[33m-[39m[37m[
41m[1m\[22m[49m[
39m[[37m[41m[1m\
[22m[49m[39m[33m#
[39m[35m00[39m[3
3mFF94[39m[37m[41
m[1m\[22m[49m[39
m][37m[41m[1m\[2
2m[49m[39m[33m/[
39m[35m50[39m{bord
er[33m-[39mcolor[
33m:[39moklab([35m
87.8259[39m[33m%[
39m [33m-[39m[35m
.197058[39m [35m.0
924082[39m[33m/[3
9m[35m.5[39m)}[33
m.[39mborder[33m-
[39m[37m[41m[1m\
[22m[49m[39m[[37m
[41m[1m\[22m[49m
[39m[33m#[39m[35
m22[39mc55e[37m[4
1m[1m\[22m[49m[3
9m][37m[41m[1m\[
22m[49m[39m[33m/
[39m[35m20[39m{bor
der[33m-[39mcolor
[33m:[39moklab([35
m72.2746[39m[33m%
[39m [33m-[39m[35
m.165574[39m [35m.
0972219[39m[33m/[
39m[35m.2[39m)}[3
3m.[39mborder[33m-
[39m[37m[41m[1m\
[22m[49m[39m[[37
m[41m[1m\[22m[49
m[39m[33m#[39m[3
3mFFEA05[39m[37m[
41m[1m\[22m[49m[
39m]{border[33m-[3
9mcolor[33m:[39m[
33m#[39mffea05}[33
m.[39mborder[33m-
[39m[37m[41m[1m\
[22m[49m[39m[[37m
[41m[1m\[22m[49m
[39m[33m#[39m[33
mFFEA05[39m[37m[4
1m[1m\[22m[49m[3
9m][37m[41m[1m\[
22m[49m[39m[33m/
[39m[35m20[39m{bor
der[33m-[39mcolor
[33m:[39moklab([35
m92.4923[39m[33m%
[39m [33m-[39m[35
m.0431548[39m [35m
.188965[39m[33m/[
39m[35m.2[39m)}[3
3m.[39mborder[33m-
[39m[37m[41m[1m\
[22m[49m[39m[[37
m[41m[1m\[22m[49
m[39m[33m#[39m[3
3mFFEA05[39m[37m[
41m[1m\[22m[49m[
39m][37m[41m[1m\
[22m[49m[39m[33m/
[39m[35m30[39m{bo
rder[33m-[39mcolor
[33m:[39moklab([3
5m92.4923[39m[33m%
[39m [33m-[39m[3
5m.0431548[39m [35
m.188965[39m[33m/
[39m[35m.3[39m)}[
33m.[39mborder[33m
-[39m[37m[41m[1m
\[22m[49m[39m[[3
7m[41m[1m\[22m[4
9m[39m[33m#[39m[
33mFFEA05[39m[37m
[41m[1m\[22m[49m
[39m][37m[41m[1m\
[22m[49m[39m[33m
/[39m[35m50[39m{b
order[33m-[39mcolo
r[33m:[39moklab([
35m92.4923[39m[33m
%[39m [33m-[39m[
35m.0431548[39m [3
5m.188965[39m[33m/
[39m[35m.5[39m)}
[33m.[39mborder[33
m-[39m[37m[41m[1
m\[22m[49m[39m[[
37m[41m[1m\[22m[
49m[39m[33m#[39ma
39603[37m[41m[1m\
[22m[49m[39m]{bor
der[33m-[39mcolor
[33m:[39m[33m#[39
ma39603}[33m.[39mb
order[33m-[39m[37
m[41m[1m\[22m[49
m[39m[[37m[41m[1
m\[22m[49m[39m[3
3m#[39ma39603[37m
[41m[1m\[22m[49m
[39m][37m[41m[1m\
[22m[49m[39m[33m
/[39m[35m10[39m{b
order[33m-[39mcolo
r[33m:[39moklab([
35m66.3591[39m[33m
%[39m [33m-[39m[
35m.0319959[39m [3
5m.135358[39m[33m/
[39m[35m.1[39m)}
[33m.[39mborder[33
m-[39m[37m[41m[1
m\[22m[49m[39m[[
37m[41m[1m\[22m[
49m[39m[33m#[39ma
39603[37m[41m[1m\
[22m[49m[39m][37
m[41m[1m\[22m[49
m[39m[33m/[39m[3
5m20[39m{border[33
m-[39mcolor[33m:[
39moklab([35m66.359
1[39m[33m%[39m [
33m-[39m[35m.03199
59[39m [35m.135358
[39m[33m/[39m[35
m.2[39m)}[33m.[39
mborder[33m-[39m[
37m[41m[1m\[22m[
49m[39m[[37m[41m
[1m\[22m[49m[39m
[33m#[39ma39603[37
m[41m[1m\[22m[49
m[39m][37m[41m[1
m\[22m[49m[39m[3
3m/[39m[35m30[39m
{border[33m-[39mco
lor[33m:[39moklab(
[35m66.3591[39m[3
3m%[39m [33m-[39m
[35m.0319959[39m 
[35m.135358[39m[33
m/[39m[35m.3[39m)
}[33m.[39mborder[
33m-[39m[37m[41m
[1m\[22m[49m[39m[
[37m[41m[1m\[22m
[49m[39m[33m#[39
ma39603[37m[41m[1
m\[22m[49m[39m][
37m[41m[1m\[22m[
49m[39m[33m/[39m
[35m50[39m{border[
33m-[39mcolor[33m:
[39moklab([35m66.3
591[39m[33m%[39m 
[33m-[39m[35m.031
9959[39m [35m.1353
58[39m[33m/[39m[
35m.5[39m)}[33m.[
39mborder[33m-[39m
[37m[41m[1m\[22m
[49m[39m[[37m[41
m[1m\[22m[49m[39
m[33m#[39md4c304[
37m[41m[1m\[22m[
49m[39m]{border[33
m-[39mcolor[33m:[
39m[33m#[39md4c304
}[33m.[39mborder[
33m-[39m[37m[41m
[1m\[22m[49m[39m[
[37m[41m[1m\[22m
[49m[39m[33m#[39
mffea05[37m[41m[1
m\[22m[49m[39m]{b
order[33m-[39mcolo
r[33m:[39m[33m#[
39mffea05}[33m.[39
mborder[33m-[39m[
37m[41m[1m\[22m[
49m[39m[[37m[41m
[1m\[22m[49m[39m
[33m#[39mffea05[37
m[41m[1m\[22m[49
m[39m][37m[41m[1
m\[22m[49m[39m[3
3m/[39m[35m20[39m
{border[33m-[39mco
lor[33m:[39moklab(
[35m92.4923[39m[3
3m%[39m [33m-[39m
[35m.0431548[39m 
[35m.188965[39m[33
m/[39m[35m.2[39m)
}[33m.[39mborder[
33m-[39m[37m[41m
[1m\[22m[49m[39m[
[37m[41m[1m\[22m
[49m[39m[33m#[39
mffea05[37m[41m[1
m\[22m[49m[39m][
37m[41m[1m\[22m[
49m[39m[33m/[39m
[35m30[39m{border[
33m-[39mcolor[33m:
[39moklab([35m92.4
923[39m[33m%[39m 
[33m-[39m[35m.043
1548[39m [35m.1889
65[39m[33m/[39m[
35m.3[39m)}[33m.[
39mborder[33m-[39m
[37m[41m[1m\[22m
[49m[39m[[37m[41
m[1m\[22m[49m[39
m[33m#[39mffea05[
37m[41m[1m\[22m[
49m[39m][37m[41m
[1m\[22m[49m[39m
[33m/[39m[35m50[3
9m{border[33m-[39m
color[33m:[39mokla
b([35m92.4923[39m
[33m%[39m [33m-[3
9m[35m.0431548[39m
 [35m.188965[39m[
33m/[39m[35m.5[39
m)}[33m.[39mborder
[33m-[39m[37m[41
m[1m\[22m[49m[39
m[[37m[41m[1m\[2
2m[49m[39m[33m#[
39mffffff[37m[41m
[1m\[22m[49m[39m]
[37m[41m[1m\[22m
[49m[39m[33m/[39
m[35m5[39m{border
[33m-[39mcolor[33m
:[39moklab([35m100
[39m[33m%[39m 
[35m0[39m [35m5.9
6046e-8[39m[33m/[
39m[35m.05[39m)}[
33m.[39mborder[33m
-[39m[37m[41m[1m
\[22m[49m[39m[[3
6mvar[39m[37m[41m
[1m\[22m[49m[39m
([33m--[39mcolor[
33m-[39mgold[33m-
[39mdark[37m[41m[
1m\[22m[49m[39m)
[37m[41m[1m\[22m
[49m[39m]{border[3
3m-[39mcolor[33m:
[39m[36mvar[39m([
33m--[39mcolor[33m
-[39mgold[33m-[39
mdark)}[33m.[39mbo
rder[33m-[39m[37m
[41m[1m\[22m[49m
[39m[[36mvar[39m
[37m[41m[1m\[22m
[49m[39m([33m--[3
9mcolor[33m-[39mgo
ld[33m-[39mdark[3
7m[41m[1m\[22m[4
9m[39m)[37m[41m[
1m\[22m[49m[39m]
[37m[41m[1m\[22m
[49m[39m[33m/[39m
[35m30[39m{border
[33m-[39mcolor[33m
:[39m[33m#[39m[3
5m8277034[39md}[33
m@[39msupports (col
or[33m:[39mcolor[
33m-[39mmix([36min
[39m 
lab[33m,[39m 
red[33m,[39m red))
{[33m.[39mborder[
33m-[39m[37m[41m
[1m\[22m[49m[39m[
[36mvar[39m[37m[
41m[1m\[22m[49m[
39m([33m--[39mcolo
r[33m-[39mgold[33
m-[39mdark[37m[41
m[1m\[22m[49m[39
m)[37m[41m[1m\[2
2m[49m[39m][37m[
41m[1m\[22m[49m[
39m[33m/[39m[35m3
0[39m{border[33m-
[39mcolor[33m:[39m
color[33m-[39mmix(
[36min[39m oklab[
33m,[39m[36mvar[3
9m([33m--[39mcolor
[33m-[39mgold[33m
-[39mdark)[35m30[
39m[33m%[39m[33m,
[39mtransparent)}}
[33m.[39mborder[33
m-[39m[37m[41m[1
m\[22m[49m[39m[[
36mvar[39m[37m[41
m[1m\[22m[49m[39
m([33m--[39mcolor
[33m-[39mgold[33m-
[39mdark[37m[41m
[1m\[22m[49m[39m)
[37m[41m[1m\[22m
[49m[39m][37m[41
m[1m\[22m[49m[39
m[33m/[39m[35m50
[39m{border[33m-[3
9mcolor[33m:[39m[
33m#[39m[35m827703
80[39m}[33m@[39ms
upports (color[33m:
[39mcolor[33m-[39
mmix([36min[39m 
lab[33m,[39m 
red[33m,[39m red))
{[33m.[39mborder[
33m-[39m[37m[41m
[1m\[22m[49m[39m[
[36mvar[39m[37m[
41m[1m\[22m[49m[
39m([33m--[39mcolo
r[33m-[39mgold[33
m-[39mdark[37m[41
m[1m\[22m[49m[39
m)[37m[41m[1m\[2
2m[49m[39m][37m[
41m[1m\[22m[49m[
39m[33m/[39m[35m5
0[39m{border[33m-
[39mcolor[33m:[39m
color[33m-[39mmix(
[36min[39m oklab[
33m,[39m[36mvar[3
9m([33m--[39mcolor
[33m-[39mgold[33m
-[39mdark)[35m50[
39m[33m%[39m[33m,
[39mtransparent)}}
[33m.[39mborder[33
m-[39m[37m[41m[1
m\[22m[49m[39m[[
36mvar[39m[37m[41
m[1m\[22m[49m[39
m([33m--[39mcolor
[33m-[39mgold[33m-
[39mlight[37m[41m
[1m\[22m[49m[39m
)[37m[41m[1m\[22
m[49m[39m]{border
[33m-[39mcolor[33m
:[39m[36mvar[39m(
[33m--[39mcolor[3
3m-[39mgold[33m-[
39mlight)}[33m.[39
mborder[33m-[39mcu
rrent{border[33m-[
39mcolor[33m:[39mc
urrentColor}[33m.[
39mborder[33m-[39m
gray[33m-[39m[35m
200[39m{border[33m
-[39mcolor[33m:[3
9m[36mvar[39m([33
m--[39mcolor[33m-
[39mgray[33m-[39m
[35m200[39m)}[33m.
[39mborder[33m-[3
9mgray[33m-[39m[3
5m500[39m{border[3
3m-[39mcolor[33m:
[39m[36mvar[39m([
33m--[39mcolor[33m
-[39mgray[33m-[39
m[35m500[39m)}[33
m.[39mborder[33m-
[39mgray[33m-[39m
[35m600[39m{border
[33m-[39mcolor[33m
:[39m[36mvar[39m(
[33m--[39mcolor[3
3m-[39mgray[33m-[
39m[35m600[39m)}[
33m.[39mborder[33m
-[39mgray[33m-[39
m[35m700[39m{borde
r[33m-[39mcolor[3
3m:[39m[36mvar[39
m([33m--[39mcolor
[33m-[39mgray[33m-
[39m[35m700[39m)}
[33m.[39mborder[3
3m-[39mgray[33m-[
39m[35m700[39m[37
m[41m[1m\[22m[49
m[39m[33m/[39m[3
5m30[39m{border[33
m-[39mcolor[33m:[
39m[33m#[39m[35m3
641534[39md}[33m@
[39msupports (color
[33m:[39mcolor[33m
-[39mmix([36min[3
9m lab[33m,[39m 
red[33m,[39m red))
{[33m.[39mborder[
33m-[39mgray[33m-
[39m[35m700[39m[3
7m[41m[1m\[22m[4
9m[39m[33m/[39m[
35m30[39m{border[3
3m-[39mcolor[33m:
[39mcolor[33m-[39m
mix([36min[39m okl
ab[33m,[39m[36mva
r[39m([33m--[39mc
olor[33m-[39mgray
[33m-[39m[35m700[
39m)[35m30[39m[33
m%[39m[33m,[39mtr
ansparent)}}[33m.[
39mborder[33m-[39m
gray[33m-[39m[35m
700[39m[37m[41m[
1m\[22m[49m[39m[
33m/[39m[35m50[39
m{border[33m-[39mc
olor[33m:[39m[33m
#[39m[35m36415380
[39m}[33m@[39msupp
orts (color[33m:[3
9mcolor[33m-[39mmi
x([36min[39m 
lab[33m,[39m 
red[33m,[39m red))
{[33m.[39mborder[
33m-[39mgray[33m-
[39m[35m700[39m[3
7m[41m[1m\[22m[4
9m[39m[33m/[39m[
35m50[39m{border[3
3m-[39mcolor[33m:
[39mcolor[33m-[39m
mix([36min[39m okl
ab[33m,[39m[36mva
r[39m([33m--[39mc
olor[33m-[39mgray
[33m-[39m[35m700[
39m)[35m50[39m[33
m%[39m[33m,[39mtr
ansparent)}}[33m.[
39mborder[33m-[39m
gray[33m-[39m[35m
800[39m{border[33m
-[39mcolor[33m:[3
9m[36mvar[39m([33
m--[39mcolor[33m-
[39mgray[33m-[39m
[35m800[39m)}[33m.
[39mborder[33m-[3
9mgreen[33m-[39m[
35m500[39m[37m[41
m[1m\[22m[49m[39
m[33m/[39m[35m30
[39m{border[33m-[3
9mcolor[33m:[39m[
33m#[39m[35m00[39
mc7584d}[33m@[39ms
upports (color[33m:
[39mcolor[33m-[39
mmix([36min[39m 
lab[33m,[39m 
red[33m,[39m red))
{[33m.[39mborder[
33m-[39mgreen[33m-
[39m[35m500[39m[
37m[41m[1m\[22m[
49m[39m[33m/[39m
[35m30[39m{border[
33m-[39mcolor[33m:
[39mcolor[33m-[39
mmix([36min[39m ok
lab[33m,[39m[36mv
ar[39m([33m--[39m
color[33m-[39mgree
n[33m-[39m[35m500
[39m)[35m30[39m[
33m%[39m[33m,[39m
transparent)}}[33m.
[39mborder[33m-[3
9mgreen[33m-[39m[
35m500[39m[37m[41
m[1m\[22m[49m[39
m[33m/[39m[35m50
[39m{border[33m-[3
9mcolor[33m:[39m[
33m#[39m[35m00[39
mc75880}[33m@[39ms
upports (color[33m:
[39mcolor[33m-[39
mmix([36min[39m 
lab[33m,[39m 
red[33m,[39m red))
{[33m.[39mborder[
33m-[39mgreen[33m-
[39m[35m500[39m[
37m[41m[1m\[22m[
49m[39m[33m/[39m
[35m50[39m{border[
33m-[39mcolor[33m:
[39mcolor[33m-[39
mmix([36min[39m ok
lab[33m,[39m[36mv
ar[39m([33m--[39m
color[33m-[39mgree
n[33m-[39m[35m500
[39m)[35m50[39m[
33m%[39m[33m,[39m
transparent)}}[33m.
[39mborder[33m-[3
9mwhite[37m[41m[1
m\[22m[49m[39m[3
3m/[39m[35m5[39m{
border[33m-[39mcol
or[33m:[39m[33m#
[39mffffff0d}[33m@
[39msupports (color
[33m:[39mcolor[33m
-[39mmix([36min[3
9m lab[33m,[39m 
red[33m,[39m red))
{[33m.[39mborder[
33m-[39mwhite[37m
[41m[1m\[22m[49m
[39m[33m/[39m[35m
5[39m{border[33m-
[39mcolor[33m:[39m
color[33m-[39mmix(
[36min[39m oklab[
33m,[39m[36mvar[3
9m([33m--[39mcolor
[33m-[39mwhite)[3
5m5[39m[33m%[39m
[33m,[39mtransparen
t)}}[33m.[39mborde
r[33m-[39mwhite[3
7m[41m[1m\[22m[4
9m[39m[33m/[39m[
35m10[39m{border[3
3m-[39mcolor[33m:
[39m[33m#[39mfffff
f1a}[33m@[39msuppo
rts (color[33m:[39
mcolor[33m-[39mmix
([36min[39m 
lab[33m,[39m 
red[33m,[39m red))
{[33m.[39mborder[
33m-[39mwhite[37m
[41m[1m\[22m[49m
[39m[33m/[39m[35m
10[39m{border[33m-
[39mcolor[33m:[39
mcolor[33m-[39mmix
([36min[39m oklab
[33m,[39m[36mvar[
39m([33m--[39mcolo
r[33m-[39mwhite)[
35m10[39m[33m%[39
m[33m,[39mtranspar
ent)}}[33m.[39mbor
der[33m-[39mwhite
[37m[41m[1m\[22m
[49m[39m[33m/[39m
[35m20[39m{border
[33m-[39mcolor[33m
:[39m[33m#[39mfff
3}[33m@[39msupport
s (color[33m:[39mc
olor[33m-[39mmix(
[36min[39m 
lab[33m,[39m 
red[33m,[39m red))
{[33m.[39mborder[
33m-[39mwhite[37m
[41m[1m\[22m[49m
[39m[33m/[39m[35m
20[39m{border[33m-
[39mcolor[33m:[39
mcolor[33m-[39mmix
([36min[39m oklab
[33m,[39m[36mvar[
39m([33m--[39mcolo
r[33m-[39mwhite)[
35m20[39m[33m%[39
m[33m,[39mtranspar
ent)}}[33m.[39mbg
[33m-[39m[37m[41m
[1m\[22m[49m[39m
[[37m[41m[1m\[22
m[49m[39m[33m#[3
9m[35m0[39m[33mA0
A0A[39m[37m[41m[
1m\[22m[49m[39m]
[33m,[39m[33m.[39
mbg[33m-[39m[37m
[41m[1m\[22m[49m
[39m[[37m[41m[1m\
[22m[49m[39m[33m
#[39m[35m0[39ma0a
0a[37m[41m[1m\[2
2m[49m[39m]{backgr
ound[33m-[39mcolor
[33m:[39m[33m#[3
9m[35m0[39ma0a0a}
[33m.[39mbg[33m-[
39m[37m[41m[1m\[
22m[49m[39m[[37m
[41m[1m\[22m[49m
[39m[33m#[39m[35m
00[39m[33mFF94[39
m[37m[41m[1m\[22
m[49m[39m]{backgro
und[33m-[39mcolor
[33m:[39m[33m#[39
m[35m00[39mff94}[
33m.[39mbg[33m-[3
9m[37m[41m[1m\[2
2m[49m[39m[[37m[
41m[1m\[22m[49m[
39m[33m#[39m[35m0
0[39m[33mFF94[39m
[37m[41m[1m\[22m
[49m[39m][37m[41
m[1m\[22m[49m[39
m[33m/[39m[35m10
[39m{background[33m
-[39mcolor[33m:[3
9moklab([35m87.8259
[39m[33m%[39m [3
3m-[39m[35m.197058
[39m [35m.0924082
[39m[33m/[39m[35m
.1[39m)}[33m.[39m
bg[33m-[39m[37m[
41m[1m\[22m[49m[
39m[[37m[41m[1m\
[22m[49m[39m[33m#
[39m[35m000[39m[
37m[41m[1m\[22m[
49m[39m]{background
[33m-[39mcolor[33
m:[39m[33m#[39m[
35m000[39m}[33m.[
39mbg[33m-[39m[37
m[41m[1m\[22m[49
m[39m[[37m[41m[1
m\[22m[49m[39m[3
3m#[39m[35m000000
[39m[37m[41m[1m\
[22m[49m[39m][37m
[41m[1m\[22m[49m
[39m[33m/[39m[35
m40[39m{background
[33m-[39mcolor[33m
:[39moklab([35m0[
39m[33m%[39m none 
none[33m/[39m[35m
.4[39m)}[33m.[39m
bg[33m-[39m[37m[
41m[1m\[22m[49m[
39m[[37m[41m[1m\
[22m[49m[39m[33m#
[39m[35m000000[39
m[37m[41m[1m\[22
m[49m[39m][37m[4
1m[1m\[22m[49m[3
9m[33m/[39m[35m60
[39m{background[33
m-[39mcolor[33m:[
39moklab([35m0[39m
[33m%[39m none non
e[33m/[39m[35m.6
[39m)}[33m.[39mbg
[33m-[39m[37m[41m
[1m\[22m[49m[39m
[[37m[41m[1m\[22
m[49m[39m[33m#[3
9m[35m1[39ma1a1a[
37m[41m[1m\[22m[
49m[39m]{background
[33m-[39mcolor[33
m:[39m[33m#[39m[
35m1[39ma1a1a}[33m
.[39mbg[33m-[39m
[37m[41m[1m\[22m
[49m[39m[[37m[41m
[1m\[22m[49m[39m
[33m#[39m[35m2[3
9ma2a2a[37m[41m[1
m\[22m[49m[39m]{b
ackground[33m-[39m
color[33m:[39m[33
m#[39m[35m2[39ma2
a2a}[33m.[39mbg[3
3m-[39m[37m[41m[
1m\[22m[49m[39m[
[37m[41m[1m\[22m
[49m[39m[33m#[39m
[35m22[39mc55e[37
m[41m[1m\[22m[49
m[39m][37m[41m[1
m\[22m[49m[39m[3
3m/[39m[35m5[39m{
background[33m-[39
mcolor[33m:[39mokl
ab([35m72.2746[39m
[33m%[39m [33m-[
39m[35m.165574[39m
 [35m.0972219[39m
[33m/[39m[35m.05[
39m)}[33m.[39mbg[
33m-[39m[37m[41m
[1m\[22m[49m[39m[
[37m[41m[1m\[22m
[49m[39m[33m#[39
m[35m111[39m[37m
[41m[1m\[22m[49m
[39m]{background[33
m-[39mcolor[33m:[
39m[33m#[39m[35m1
11[39m}[33m.[39mb
g[33m-[39m[37m[4
1m[1m\[22m[49m[3
9m[[37m[41m[1m\[
22m[49m[39m[33m#
[39m[35m111[39m[3
7m[41m[1m\[22m[4
9m[39m][37m[41m[
1m\[22m[49m[39m[
33m/[39m[35m90[39
m{background[33m-[
39mcolor[33m:[39mo
klab([35m17.7638[3
9m[33m%[39m [35m3
.72529e-8[39m [33m
-[39m[35m1.49012e-
8[39m[33m/[39m[3
5m.9[39m)}[33m.[3
9mbg[33m-[39m[37m
[41m[1m\[22m[49m
[39m[[37m[41m[1m
\[22m[49m[39m[33
m#[39m[35m222[39m
[37m[41m[1m\[22m
[49m[39m][37m[41
m[1m\[22m[49m[39
m[33m/[39m[35m30
[39m{background[33m
-[39mcolor[33m:[3
9moklab([35m25.1965
[39m[33m%[39m [3
3m-[39m[35m7.45058
e-9[39m [35m0[39m
[33m/[39m[35m.3[
39m)}[33m.[39mbg[
33m-[39m[37m[41m
[1m\[22m[49m[39m[
[37m[41m[1m\[22m
[49m[39m[33m#[39
m[35m050505[39m[3
7m[41m[1m\[22m[4
9m[39m]{background
[33m-[39mcolor[33m
:[39m[33m#[39m[3
5m050505[39m}[33m.
[39mbg[33m-[39m[
37m[41m[1m\[22m[
49m[39m[[37m[41m
[1m\[22m[49m[39m
[33m#[39m[35m08080
8[39m[37m[41m[1m
\[22m[49m[39m]{ba
ckground[33m-[39mc
olor[33m:[39m[33m
#[39m[35m080808[3
9m}[33m.[39mbg[33
m-[39m[37m[41m[1
m\[22m[49m[39m[[
37m[41m[1m\[22m[
49m[39m[33m#[39m
[35m121212[39m[37m
[41m[1m\[22m[49m
[39m][37m[41m[1m
\[22m[49m[39m[33
m/[39m[35m80[39m{
background[33m-[39
mcolor[33m:[39mokl
ab([35m18.2204[39m
[33m%[39m [33m-[
39m[35m7.45058e-9[
39m [35m0[39m[33m
/[39m[35m.8[39m)}
[33m.[39mbg[33m-
[39m[37m[41m[1m\
[22m[49m[39m[[37m
[41m[1m\[22m[49m
[39m[33m#[39m[35
m151515[39m[37m[4
1m[1m\[22m[49m[3
9m]{background[33m-
[39mcolor[33m:[39
m[33m#[39m[35m151
515[39m}[33m.[39m
bg[33m-[39m[37m[
41m[1m\[22m[49m[
39m[[37m[41m[1m\
[22m[49m[39m[33m#
[39m[35m181818[39
m[37m[41m[1m\[22
m[49m[39m][37m[4
1m[1m\[22m[49m[3
9m[33m/[39m[35m50
[39m{background[33
m-[39mcolor[33m:[
39moklab([35m20.903
6[39m[33m%[39m [
35m1.49012e-8[39m 
[35m0[39m[33m/[39
m[35m.5[39m)}[33m
.[39mbg[33m-[39m
[37m[41m[1m\[22m
[49m[39m[[37m[41m
[1m\[22m[49m[39m
[33m#[39m[35m2020
20[39m[37m[41m[1
m\[22m[49m[39m]{b
ackground[33m-[39m
color[33m:[39m[33
m#[39m[35m202020[
39m}[33m.[39mbg[3
3m-[39m[37m[41m[
1m\[22m[49m[39m[
[37m[41m[1m\[22m
[49m[39m[33m#[39m
[35m202020[39m[37
m[41m[1m\[22m[49
m[39m][37m[41m[1
m\[22m[49m[39m[3
3m/[39m[35m90[39m
{background[33m-[3
9mcolor[33m:[39mok
lab([35m24.3535[39
m[33m%[39m [35m2.
98023e-8[39m [35m0
[39m[33m/[39m[35
m.9[39m)}[33m.[39
mbg[33m-[39m[37m
[41m[1m\[22m[49m
[39m[[37m[41m[1m\
[22m[49m[39m[33m
#[39m[35m252525[3
9m[37m[41m[1m\[2
2m[49m[39m]{backgr
ound[33m-[39mcolor
[33m:[39m[33m#[3
9m[35m252525[39m}
[33m.[39mbg[33m-[
39m[37m[41m[1m\[
22m[49m[39m[[37m
[41m[1m\[22m[49m
[39m[33m#[39m[33m
FFEA05[39m[37m[41
m[1m\[22m[49m[39
m]{background[33m-
[39mcolor[33m:[39m
[33m#[39mffea05}[
33m.[39mbg[33m-[3
9m[37m[41m[1m\[2
2m[49m[39m[[37m[
41m[1m\[22m[49m[
39m[33m#[39m[33mF
FEA05[39m[37m[41m
[1m\[22m[49m[39m
][37m[41m[1m\[22
m[49m[39m[33m/[3
9m[35m5[39m{backgr
ound[33m-[39mcolor
[33m:[39moklab([3
5m92.4923[39m[33m%
[39m [33m-[39m[3
5m.0431548[39m [35
m.188965[39m[33m/
[39m[35m.05[39m)}
[33m.[39mbg[33m-[
39m[37m[41m[1m\[
22m[49m[39m[[37m
[41m[1m\[22m[49m
[39m[33m#[39m[33m
FFEA05[39m[37m[41
m[1m\[22m[49m[39
m][37m[41m[1m\[2
2m[49m[39m[33m/[
39m[35m10[39m{back
ground[33m-[39mcol
or[33m:[39moklab(
[35m92.4923[39m[33
m%[39m [33m-[39m
[35m.0431548[39m [
35m.188965[39m[33m
/[39m[35m.1[39m)}
[33m.[39mbg[33m-
[39m[37m[41m[1m\
[22m[49m[39m[[37m
[41m[1m\[22m[49m
[39m[33m#[39ma396
03[37m[41m[1m\[2
2m[49m[39m][37m[
41m[1m\[22m[49m[
39m[33m/[39m[35m1
0[39m{background[3
3m-[39mcolor[33m:
[39moklab([35m66.35
91[39m[33m%[39m 
[33m-[39m[35m.0319
959[39m [35m.13535
8[39m[33m/[39m[3
5m.1[39m)}[33m.[3
9mbg[33m-[39m[37m
[41m[1m\[22m[49m
[39m[[37m[41m[1m
\[22m[49m[39m[33
m#[39mf4e4bc[37m[
41m[1m\[22m[49m[
39m]{background[33m
-[39mcolor[33m:[3
9m[33m#[39mf4e4bc}
[33m.[39mbg[33m-
[39m[37m[41m[1m\
[22m[49m[39m[[37m
[41m[1m\[22m[49m
[39m[33m#[39mffea
05[37m[41m[1m\[2
2m[49m[39m]{backgr
ound[33m-[39mcolor
[33m:[39m[33m#[3
9mffea05}[33m.[39m
bg[33m-[39m[37m[
41m[1m\[22m[49m[
39m[[37m[41m[1m\
[22m[49m[39m[33m#
[39mffea05[37m[41
m[1m\[22m[49m[39
m][37m[41m[1m\[2
2m[49m[39m[33m/[
39m[35m5[39m{backg
round[33m-[39mcolo
r[33m:[39moklab([
35m92.4923[39m[33m
%[39m [33m-[39m[
35m.0431548[39m [3
5m.188965[39m[33m/
[39m[35m.05[39m)}
[33m.[39mbg[33m-
[39m[37m[41m[1m\
[22m[49m[39m[[37m
[41m[1m\[22m[49m
[39m[33m#[39mffea
05[37m[41m[1m\[2
2m[49m[39m][37m[
41m[1m\[22m[49m[
39m[33m/[39m[35m1
0[39m{background[3
3m-[39mcolor[33m:
[39moklab([35m92.49
23[39m[33m%[39m 
[33m-[39m[35m.0431
548[39m [35m.18896
5[39m[33m/[39m[3
5m.1[39m)}[33m.[3
9mbg[33m-[39m[37m
[41m[1m\[22m[49m
[39m[[37m[41m[1m
\[22m[49m[39m[33
m#[39mffea05[37m[
41m[1m\[22m[49m[
39m][37m[41m[1m\
[22m[49m[39m[33m/
[39m[35m30[39m{ba
ckground[33m-[39mc
olor[33m:[39moklab
([35m92.4923[39m[
33m%[39m [33m-[39
m[35m.0431548[39m 
[35m.188965[39m[3
5m/.3)}.bg-\[var\(--
color-brand-accent\)
\]{background-color:
var(--color-brand-ac
cent)}.bg-\[var\(--c
olor-gold-dark\)\]{b
ackground-color:var(
--color-gold-dark)}.
bg-\[var\(--color-su
rface-dark\)\]{backg
round-color:var(--co
lor-surface-dark)}.b
g-black{background-c
olor:var(--color-bla
ck)}.bg-black\/10{ba
ckground-color:#0000
001a}@supports 
(color:color-mix(in 
lab, red, red)){.bg-
black\/10{background
-color:color-mix(in 
oklab,var(--color-bl
ack)10%,transparent)
}}.bg-black\/20{back
ground-color:#0003}@
supports 
(color:color-mix(in 
lab, red, red)){.bg-
black\/20{background
-color:color-mix(in 
oklab,var(--color-bl
ack)20%,transparent)
}}.bg-black\/30{back
ground-color:#000000
4d}@supports 
(color:color-mix(in 
lab, red, red)){.bg-
black\/30{background
-color:color-mix(in 
oklab,var(--color-bl
ack)30%,transparent)
}}.bg-black\/40{back
ground-color:#0006}@
supports 
(color:color-mix(in 
lab, red, red)){.bg-
black\/40{background
-color:color-mix(in 
oklab,var(--color-bl
ack)40%,transparent)
}}.bg-black\/60{back
ground-color:#0009}@
supports 
(color:color-mix(in 
lab, red, red)){.bg-
black\/60{background
-color:color-mix(in 
oklab,var(--color-bl
ack)60%,transparent)
}}.bg-black\/80{back
ground-color:#000c}@
supports 
(color:color-mix(in 
lab, red, red)){.bg-
black\/80{background
-color:color-mix(in 
oklab,var(--color-bl
ack)80%,transparent)
}}.bg-black\/90{back
ground-color:#000000
e6}@supports 
(color:color-mix(in 
lab, red, red)){.bg-
black\/90{background
-color:color-mix(in 
oklab,var(--color-bl
ack)90%,transparent)
}}.bg-black\/95{back
ground-color:#000000
f2}@supports 
(color:color-mix(in 
lab, red, red)){.bg-
black\/95{background
-color:color-mix(in 
oklab,var(--color-bl
ack)95%,transparent)
}}.bg-blue-500{backg
round-color:var(--co
lor-blue-500)}.bg-em
erald-900\/60{backgr
ound-color:#004e3b99
}@supports 
(color:color-mix(in 
lab, red, red)){.bg-
emerald-900\/60{back
ground-color:color-m
ix(in oklab,var(--co
lor-emerald-900)60%,
transparent)}}.bg-gr
ay-500{background-co
lor:var(--color-gray
-500)}.bg-gray-600{b
ackground-color:var(
--color-gray-600)}.b
g-gray-700{backgroun
d-color:var(--color-
gray-700)}.bg-gray-8
00{background-color:
var(--color-gray-800
)}.bg-green-500{back
ground-color:var(--c
olor-green-500)}.bg-
green-900\/20{backgr
ound-color:#0d542b33
}@supports 
(color:color-mix(in 
lab, red, red)){.bg-
green-900\/20{backgr
ound-color:color-mix
(in oklab,var(--colo
r-green-900)20%,tran
sparent)}}.bg-red-50
0{background-color:v
ar(--color-red-500)}
.bg-transparent{back
ground-color:#0000}.
bg-white\/5{backgrou
nd-color:#ffffff0d}@
supports 
(color:color-mix(in 
lab, red, red)){.bg-
white\/5{background-
color:color-mix(in o
klab,var(--color-whi
te)5%,transparent)}}
.bg-white\/10{backgr
ound-color:#ffffff1a
}@supports 
(color:color-mix(in 
lab, red, red)){.bg-
white\/10{background
-color:color-mix(in 
oklab,var(--color-wh
ite)10%,transparent)
}}.bg-white\/20{back
ground-color:#fff3}@
supports 
(color:color-mix(in 
lab, red, red)){.bg-
white\/20{background
-color:color-mix(in 
oklab,var(--color-wh
ite)20%,transparent)
}}.bg-white\/80{back
ground-color:#fffc}@
supports 
(color:color-mix(in 
lab, red, red)){.bg-
white\/80{background
-color:color-mix(in 
oklab,var(--color-wh
ite)80%,transparent)
}}.bg-gradient-to-b{
--tw-gradient-positi
on:to bottom in okla
b;background-image:l
inear-gradient(var(-
-tw-gradient-stops))
}.bg-gradient-to-l{-
-tw-gradient-positio
n:to left in oklab;b
ackground-image:line
ar-gradient(var(--tw
-gradient-stops))}.b
g-gradient-to-r{--tw
-gradient-position:t
o right in oklab;bac
kground-image:linear
-gradient(var(--tw-g
radient-stops))}.bg-
gradient-to-t{--tw-g
radient-position:to 
top in oklab;backgro
und-image:linear-gra
dient(var(--tw-gradi
ent-stops))}.bg-grad
ient-to-tr{--tw-grad
ient-position:to 
top right in oklab;b
ackground-image:line
ar-gradient(var(--tw
-gradient-stops))}.b
g-\[conic-gradient\(
from_0deg_at_50\%_50
\%\,transparent_0deg
\,transparent_300deg
\,\#FFEA05_330deg\,t
ransparent_360deg\)\
]{background-image:c
onic-gradient(#0000 
0deg 300deg,#ffea05 
330deg,#0000 360deg)
}.bg-\[linear-gradie
nt\(rgba\(0\,255\,14
8\,0\.03\)_1px\,tran
sparent_1px\)\,linea
r-gradient\(90deg\,r
gba\(0\,255\,148\,0\
.03\)_1px\,transpare
nt_1px\)\]{backgroun
d-image:linear-gradi
ent(#00ff9408 
1px,#0000 1px),linea
r-gradient(90deg,#00
ff9408 1px,#0000 1px
)}.bg-\[linear-gradi
ent\(rgba\(255\,234\
,5\,0\.02\)_1px\,tra
nsparent_1px\)\,line
ar-gradient\(90deg\,
rgba\(255\,234\,5\,0
\.02\)_1px\,transpar
ent_1px\)\]{backgrou
nd-image:linear-grad
ient(#ffea0505 
1px,#0000 1px),linea
r-gradient(90deg,#ff
ea0505 1px,#0000 1px
)}.bg-\[linear-gradi
ent\(rgba\(255\,255\
,255\,0\.02\)_1px\,t
ransparent_1px\)\,li
near-gradient\(90deg
\,rgba\(255\,255\,25
5\,0\.02\)_1px\,tran
sparent_1px\)\]{back
ground-image:linear-
gradient(#ffffff05 
1px,#0000 1px),linea
r-gradient(90deg,#ff
ffff05 1px,#0000 1px
)}.bg-\[linear-gradi
ent\(to_right\,rgba\
(0\,0\,0\,1\)\,trans
parent\)\,url\(\&\#x
27\;https\:\/\/image
s\.unsplash\.com\/ph
oto-1542601906990-b4
d3fb778b09\?auto\=fo
rmat\&amp\;fit\=crop
\&amp\;q\=80\&amp\;w
\=2000\&\#x27\;\)\]{
background-image:lin
ear-gradient(90deg,#
000,#0000),url(&#x27
;https:/[39m[33m/
[39mimages[33m.[39
munsplash[33m.[39m
com[35m/photo-15426
01906990-b4d3fb778b0
9?auto=format&amp;fi
t=crop&amp;q=80&amp;
w=2000&#x27;)}.bg-\[
linear-gradient\(to_
right\,rgba\(0\,0\,0
\,1\)\,transparent\)
\,url\(\'https\:\/\/
images\.unsplash\.co
m\/photo-15426019069
90-b4d3fb778b09\?aut
o\=format\&fit\=crop
\&q\=80\&w\=2000\'\)
\]{background-image:
linear-gradient(90de
g,#000,#0000),url(ht
tps:/[39m[33m/[39
mimages[33m.[39mun
splash[33m.[39mcom
[33m/[39mphoto[33
m-[39m[35m15426019
06990[39m[33m-[39
mb4d3fb778b09[33m?
[39mauto[33m=[39mf
ormat[33m&[39mfit
[33m=[39mcrop[33m&
[39mq[33m=[39m[3
5m80[39m[33m&[39m
w[33m=[39m[35m200
0[39m)}[33m.[39mb
g[33m-[39m[37m[4
1m[1m\[22m[49m[3
9m[radial[33m-[39m
gradient[37m[41m[
1m\[22m[49m[39m(c
ircle[37m[41m[1m\
[22m[49m[39m[33m
,[39mrgba[37m[41m
[1m\[22m[49m[39m
([35m255[39m[37m
[41m[1m\[22m[49m
[39m[33m,[39m[35m
255[39m[37m[41m[
1m\[22m[49m[39m[
33m,[39m[35m255[3
9m[37m[41m[1m\[2
2m[49m[39m[33m,[
39m[35m0[39m[37m
[41m[1m\[22m[49m
[39m[35m.08[39m[3
7m[41m[1m\[22m[4
9m[39m)_0[37m[41m
[1m\[22m[49m[39m
[33m%[39m[37m[41
m[1m\[22m[49m[39
m[33m,[39mtranspar
ent_70[37m[41m[1m
\[22m[49m[39m[33
m%[39m[37m[41m[1
m\[22m[49m[39m)[
37m[41m[1m\[22m[
49m[39m]{background
[33m-[39mimage[33
m:[39mradial[33m-
[39mgradient(circle
[33m,[39m[33m#[39
mffffff14 [35m0[39
m[33m%[39m[33m,[
39m[33m#[39m[35m0
000[39m [35m70[39
m[33m%[39m)}[33m.
[39mbg[33m-[39m[
37m[41m[1m\[22m[
49m[39m[radial[33m
-[39mgradient[37m
[41m[1m\[22m[49m
[39m(circle_at_botto
m_left[37m[41m[1m
\[22m[49m[39m[33
m,[39m_rgba[37m[4
1m[1m\[22m[49m[3
9m([35m34[39m[37m
[41m[1m\[22m[49m
[39m[33m,[39m[35
m197[39m[37m[41m
[1m\[22m[49m[39m
[33m,[39m[35m94[3
9m[37m[41m[1m\[2
2m[49m[39m[33m,[
39m[35m0[39m[37m
[41m[1m\[22m[49m
[39m[35m.15[39m[3
7m[41m[1m\[22m[4
9m[39m)_0[37m[41m
[1m\[22m[49m[39m
[33m%[39m[37m[41
m[1m\[22m[49m[39
m[33m,[39m_transpa
rent_50[37m[41m[1
m\[22m[49m[39m[3
3m%[39m[37m[41m[
1m\[22m[49m[39m)
[37m[41m[1m\[22m
[49m[39m]{backgroun
d[33m-[39mimage[3
3m:[39mradial[33m-
[39mgradient(circle
 at [35m0[39m [35
m100[39m[33m%[39m
[33m,[39m[33m#[3
9m[35m22[39mc55e26
 [35m0[39m[33m%[
39m[33m,[39m[33m#
[39m[35m0000[39m 
[35m50[39m[33m%[
39m)}[33m.[39mbg[
33m-[39m[37m[41m
[1m\[22m[49m[39m[
url[37m[41m[1m\[
22m[49m[39m([37m
[41m[1m\[22m[49m
[39m[33m&[39m[37m
[41m[1m\[22m[49m
[39m[33m#[39mx27
[37m[41m[1m\[22m
[49m[39m[33m;[39m
[37m[41m[1m\[22m
[49m[39m[33m/[39
mimages[37m[41m[1
m\[22m[49m[39m[3
3m/[39mprecision[3
3m-[39msaw[33m-[3
9mman[37m[41m[1m\
[22m[49m[39m[33m
.[39mpng[37m[41m
[1m\[22m[49m[39m
[33m&[39m[37m[41m
[1m\[22m[49m[39m
[33m#[39mx27[37m
[41m[1m\[22m[49m
[39m[33m;[39m[37m
[41m[1m\[22m[49m
[39m)[37m[41m[1m
\[22m[49m[39m]{ba
ckground[33m-[39mi
mage[33m:[39murl(
[33m&[39m[33m#[39
mx27[33m;[39m[33m
/[39mimages[35m/pr
ecision-saw-man.png&
#x27;)}.bg-\[url\(\&
\#x27\;https\:\/\/im
ages\.unsplash\.com\
/photo-1530124566582
-a618bc2615dc\?auto\
=format\&amp\;fit\=c
rop\&amp\;q\=80\&amp
\;w\=600\&\#x27\;\)\
]{background-image:u
rl(&#x27;https:/[39
m[33m/[39mimages[
33m.[39munsplash[3
3m.[39mcom[35m/pho
to-1530124566582-a61
8bc2615dc?auto=forma
t&amp;fit=crop&amp;q
=80&amp;w=600&#x27;)
}.bg-\[url\(\&\#x27\
;https\:\/\/images\.
unsplash\.com\/photo
-1542601906990-b4d3f
b778b09\?auto\=forma
t\&amp\;fit\=crop\&a
mp\;q\=80\&amp\;w\=6
00\&\#x27\;\)\]{back
ground-image:url(&#x
27;https:/[39m[33m
/[39mimages[33m.[
39munsplash[33m.[3
9mcom[35m/photo-154
2601906990-b4d3fb778
b09?auto=format&amp;
fit=crop&amp;q=80&am
p;w=600&#x27;)}.bg-\
[url\(\&\#x27\;https
\:\/\/images\.unspla
sh\.com\/photo-16015
84115197-04ecc0da31d
7\?auto\=format\&amp
\;fit\=crop\&amp\;q\
=80\&amp\;w\=600\&\#
x27\;\)\]{background
-image:url(&#x27;htt
ps:/[39m[33m/[39m
images[33m.[39muns
plash[33m.[39mcom
[33m/[39mphoto[33m
-[39m[35m160158411
5197[39m[33m-[39m
[35m04[39mecc0da31
d7[33m?[39mauto[3
3m=[39mformat[33m&
[39mamp[33m;[39mf
it[33m=[39mcrop[3
3m&[39mamp[33m;[3
9mq[33m=[39m[35m8
0[39m[33m&[39mamp
[33m;[39mw[33m=[
39m[35m600[39m[33
m&[39m[33m#[39mx2
7[33m;[39m)}[33m.
[39mbg[33m-[39m[
37m[41m[1m\[22m[
49m[39m[url[37m[4
1m[1m\[22m[49m[3
9m([37m[41m[1m\[
22m[49m[39m[32m'\
/images\/precision-s
aw-man\.png\'\)\]{ba
ckground-image:url(/
images/precision-saw
-man.png)}.bg-\[url\
(\'\/mock\/sawmill-w
arehouse-bright\.png
\'\)\]{background-im
age:url(/mock/sawmil
l-warehouse-bright.p
ng)}.bg-\[url\(\'htt
ps\:\/\/images\.unsp
lash\.com\/photo-153
0124566582-a618bc261
5dc\?auto\=format\&f
it\=crop\&q\=80\&w\=
600\'\)\]{background
-image:url(https://i
mages.unsplash.com/p
hoto-1530124566582-a
618bc2615dc?auto=for
mat&fit=crop&q=80&w=
600)}.bg-\[url\(\'ht
tps\:\/\/images\.uns
plash\.com\/photo-15
42601906990-b4d3fb77
8b09\?auto\=format\&
fit\=crop\&q\=80\&w\
=600\'\)\]{backgroun
d-image:url(https://
images.unsplash.com/
photo-1542601906990-
b4d3fb778b09?auto=fo
rmat&fit=crop&q=80&w
=600)}.bg-\[url\(\'h
ttps\:\/\/images\.un
splash\.com\/photo-1
601584115197-04ecc0d
a31d7\?auto\=format\
&fit\=crop\&q\=80\&w
\=600\'\)\]{backgrou
nd-image:url(https:/
/images.unsplash.com
/photo-1601584115197
-04ecc0da31d7?auto=f
ormat&fit=crop&q=80&
w=600)}.bg-\[url\(\'
https\:\/\/upload\.w
ikimedia\.org\/wikip
edia\/commons\/thumb
\/e\/e3\/Ontario_in_
Canada\.svg\/1200px-
Ontario_in_Canada\.s
vg\.png\'\)\]{backgr
ound-image:url(https
://upload.wikimedia.
org/wikipedia/common
s/thumb/e/e3/Ontario
_in_Canada.svg/1200p
x-Ontario_in_Canada.
svg.png)}.from-\[\#0
0FF94\]{--tw-gradien
t-from:#00ff94;--tw-
gradient-stops:var(-
-tw-gradient-via-sto
ps,var(--tw-gradient
-position),var(--tw-
gradient-from)var(--
tw-gradient-from-pos
ition),var(--tw-grad
ient-to)var(--tw-gra
dient-to-position))}
.from-\[\#202020\]{-
-tw-gradient-from:#2
02020;--tw-gradient-
stops:var(--tw-gradi
ent-via-stops,var(--
tw-gradient-position
),var(--tw-gradient-
from)var(--tw-gradie
nt-from-position),va
r(--tw-gradient-to)v
ar(--tw-gradient-to-
position))}.from-\[\
#FFEA05\]{--tw-gradi
ent-from:#ffea05;--t
w-gradient-stops:var
(--tw-gradient-via-s
tops,var(--tw-gradie
nt-position),var(--t
w-gradient-from)var(
--tw-gradient-from-p
osition),var(--tw-gr
adient-to)var(--tw-g
radient-to-position)
)}.from-\[\#FFEA05\]
\/0{--tw-gradient-fr
om:oklab(0% 0 0/0);-
-tw-gradient-stops:v
ar(--tw-gradient-via
-stops,var(--tw-grad
ient-position),var(-
-tw-gradient-from)va
r(--tw-gradient-from
-position),var(--tw-
gradient-to)var(--tw
-gradient-to-positio
n))}.from-\[\#FFEA05
\]\/10{--tw-gradient
-from:oklab(92.4923%
 -.0431548 .188965/.
1);--tw-gradient-sto
ps:var(--tw-gradient
-via-stops,var(--tw-
gradient-position),v
ar(--tw-gradient-fro
m)var(--tw-gradient-
from-position),var(-
-tw-gradient-to)var(
--tw-gradient-to-pos
ition))}.from-\[\#a3
9603\]\/5{--tw-gradi
ent-from:oklab(66.35
91% -.0319959 .13535
8/.05);--tw-gradient
-stops:var(--tw-grad
ient-via-stops,var(-
-tw-gradient-positio
n),var(--tw-gradient
-from)var(--tw-gradi
ent-from-position),v
ar(--tw-gradient-to)
var(--tw-gradient-to
-position))}.from-\[
\#ffea05\]{--tw-grad
ient-from:#ffea05;--
tw-gradient-stops:va
r(--tw-gradient-via-
stops,var(--tw-gradi
ent-position),var(--
tw-gradient-from)var
(--tw-gradient-from-
position),var(--tw-g
radient-to)var(--tw-
gradient-to-position
))}.from-black\/80{-
-tw-gradient-from:#0
00c}@supports 
(color:color-mix(in 
lab, red, red)){.fro
m-black\/80{--tw-gra
dient-from:color-mix
(in oklab,var(--colo
r-black)80%,transpar
ent)}}.from-black\/8
0{--tw-gradient-stop
s:var(--tw-gradient-
via-stops,var(--tw-g
radient-position),va
r(--tw-gradient-from
)var(--tw-gradient-f
rom-position),var(--
tw-gradient-to)var(-
-tw-gradient-to-posi
tion))}.from-blue-50
0{--tw-gradient-from
:var(--color-blue-50
0);--tw-gradient-sto
ps:var(--tw-gradient
-via-stops,var(--tw-
gradient-position),v
ar(--tw-gradient-fro
m)var(--tw-gradient-
from-position),var(-
-tw-gradient-to)var(
--tw-gradient-to-pos
ition))}.from-gray-5
00{--tw-gradient-fro
m:var(--color-gray-5
00);--tw-gradient-st
ops:var(--tw-gradien
t-via-stops,var(--tw
-gradient-position),
var(--tw-gradient-fr
om)var(--tw-gradient
-from-position),var(
--tw-gradient-to)var
(--tw-gradient-to-po
sition))}.from-green
-400{--tw-gradient-f
rom:var(--color-gree
n-400);--tw-gradient
-stops:var(--tw-grad
ient-via-stops,var(-
-tw-gradient-positio
n),var(--tw-gradient
-from)var(--tw-gradi
ent-from-position),v
ar(--tw-gradient-to)
var(--tw-gradient-to
-position))}.from-tr
ansparent{--tw-gradi
ent-from:transparent
;--tw-gradient-stops
:var(--tw-gradient-v
ia-stops,var(--tw-gr
adient-position),var
(--tw-gradient-from)
var(--tw-gradient-fr
om-position),var(--t
w-gradient-to)var(--
tw-gradient-to-posit
ion))}.from-white{--
tw-gradient-from:var
(--color-white);--tw
-gradient-stops:var(
--tw-gradient-via-st
ops,var(--tw-gradien
t-position),var(--tw
-gradient-from)var(-
-tw-gradient-from-po
sition),var(--tw-gra
dient-to)var(--tw-gr
adient-to-position))
}.from-white\/5{--tw
-gradient-from:#ffff
ff0d}@supports 
(color:color-mix(in 
lab, red, red)){.fro
m-white\/5{--tw-grad
ient-from:color-mix(
in oklab,var(--color
-white)5%,transparen
t)}}.from-white\/5{-
-tw-gradient-stops:v
ar(--tw-gradient-via
-stops,var(--tw-grad
ient-position),var(-
-tw-gradient-from)va
r(--tw-gradient-from
-position),var(--tw-
gradient-to)var(--tw
-gradient-to-positio
n))}.via-\[\#FFEA05\
]\/20{--tw-gradient-
via:oklab(92.4923% 
-.0431548 .188965/.2
);--tw-gradient-via-
stops:var(--tw-gradi
ent-position),var(--
tw-gradient-from)var
(--tw-gradient-from-
position),var(--tw-g
radient-via)var(--tw
-gradient-via-positi
on),var(--tw-gradien
t-to)var(--tw-gradie
nt-to-position);--tw
-gradient-stops:var(
--tw-gradient-via-st
ops)}.via-\[\#ffea05
\]{--tw-gradient-via
:#ffea05;--tw-gradie
nt-via-stops:var(--t
w-gradient-position)
,var(--tw-gradient-f
rom)var(--tw-gradien
t-from-position),var
(--tw-gradient-via)v
ar(--tw-gradient-via
-position),var(--tw-
gradient-to)var(--tw
-gradient-to-positio
n);--tw-gradient-sto
ps:var(--tw-gradient
-via-stops)}.via-bla
ck\/50{--tw-gradient
-via:#00000080}@supp
orts 
(color:color-mix(in 
lab, red, red)){.via
-black\/50{--tw-grad
ient-via:color-mix(i
n oklab,var(--color-
black)50%,transparen
t)}}.via-black\/50{-
-tw-gradient-via-sto
ps:var(--tw-gradient
-position),var(--tw-
gradient-from)var(--
tw-gradient-from-pos
ition),var(--tw-grad
ient-via)var(--tw-gr
adient-via-position)
,var(--tw-gradient-t
o)var(--tw-gradient-
to-position);--tw-gr
adient-stops:var(--t
w-gradient-via-stops
)}.via-transparent{-
-tw-gradient-via:tra
nsparent;--tw-gradie
nt-via-stops:var(--t
w-gradient-position)
,var(--tw-gradient-f
rom)var(--tw-gradien
t-from-position),var
(--tw-gradient-via)v
ar(--tw-gradient-via
-position),var(--tw-
gradient-to)var(--tw
-gradient-to-positio
n);--tw-gradient-sto
ps:var(--tw-gradient
-via-stops)}.via-whi
te\/5{--tw-gradient-
via:#ffffff0d}@suppo
rts 
(color:color-mix(in 
lab, red, red)){.via
-white\/5{--tw-gradi
ent-via:color-mix(in
 oklab,var(--color-w
hite)5%,transparent)
}}.via-white\/5{--tw
-gradient-via-stops:
var(--tw-gradient-po
sition),var(--tw-gra
dient-from)var(--tw-
gradient-from-positi
on),var(--tw-gradien
t-via)var(--tw-gradi
ent-via-position),va
r(--tw-gradient-to)v
ar(--tw-gradient-to-
position);--tw-gradi
ent-stops:var(--tw-g
radient-via-stops)}.
via-white\/40{--tw-g
radient-via:#fff6}@s
upports 
(color:color-mix(in 
lab, red, red)){.via
-white\/40{--tw-grad
ient-via:color-mix(i
n oklab,var(--color-
white)40%,transparen
t)}}.via-white\/40{-
-tw-gradient-via-sto
ps:var(--tw-gradient
-position),var(--tw-
gradient-from)var(--
tw-gradient-from-pos
ition),var(--tw-grad
ient-via)var(--tw-gr
adient-via-position)
,var(--tw-gradient-t
o)var(--tw-gradient-
to-position);--tw-gr
adient-stops:var(--t
w-gradient-via-stops
)}.to-\[\#FFEA05\]\/
0{--tw-gradient-to:o
klab(0% 0 0/0);--tw-
gradient-stops:var(-
-tw-gradient-via-sto
ps,var(--tw-gradient
-position),var(--tw-
gradient-from)var(--
tw-gradient-from-pos
ition),var(--tw-grad
ient-to)var(--tw-gra
dient-to-position))}
.to-\[\#a39603\]{--t
w-gradient-to:#a3960
3;--tw-gradient-stop
s:var(--tw-gradient-
via-stops,var(--tw-g
radient-position),va
r(--tw-gradient-from
)var(--tw-gradient-f
rom-position),var(--
tw-gradient-to)var(-
-tw-gradient-to-posi
tion))}.to-black\/90
{--tw-gradient-to:#0
00000e6}@supports 
(color:color-mix(in 
lab, red, red)){.to-
black\/90{--tw-gradi
ent-to:color-mix(in 
oklab,var(--color-bl
ack)90%,transparent)
}}.to-black\/90{--tw
-gradient-stops:var(
--tw-gradient-via-st
ops,var(--tw-gradien
t-position),var(--tw
-gradient-from)var(-
-tw-gradient-from-po
sition),var(--tw-gra
dient-to)var(--tw-gr
adient-to-position))
}.to-emerald-800{--t
w-gradient-to:var(--
color-emerald-800);-
-tw-gradient-stops:v
ar(--tw-gradient-via
-stops,var(--tw-grad
ient-position),var(-
-tw-gradient-from)va
r(--tw-gradient-from
-position),var(--tw-
gradient-to)var(--tw
-gradient-to-positio
n))}.to-gray-400{--t
w-gradient-to:var(--
color-gray-400);--tw
-gradient-stops:var(
--tw-gradient-via-st
ops,var(--tw-gradien
t-position),var(--tw
-gradient-from)var(-
-tw-gradient-from-po
sition),var(--tw-gra
dient-to)var(--tw-gr
adient-to-position))
}.to-gray-700{--tw-g
radient-to:var(--col
or-gray-700);--tw-gr
adient-stops:var(--t
w-gradient-via-stops
,var(--tw-gradient-p
osition),var(--tw-gr
adient-from)var(--tw
-gradient-from-posit
ion),var(--tw-gradie
nt-to)var(--tw-gradi
ent-to-position))}.t
o-green-600{--tw-gra
dient-to:var(--color
-green-600);--tw-gra
dient-stops:var(--tw
-gradient-via-stops,
var(--tw-gradient-po
sition),var(--tw-gra
dient-from)var(--tw-
gradient-from-positi
on),var(--tw-gradien
t-to)var(--tw-gradie
nt-to-position))}.to
-orange-400{--tw-gra
dient-to:var(--color
-orange-400);--tw-gr
adient-stops:var(--t
w-gradient-via-stops
,var(--tw-gradient-p
osition),var(--tw-gr
adient-from)var(--tw
-gradient-from-posit
ion),var(--tw-gradie
nt-to)var(--tw-gradi
ent-to-position))}.t
o-transparent{--tw-g
radient-to:transpare
nt;--tw-gradient-sto
ps:var(--tw-gradient
-via-stops,var(--tw-
gradient-position),v
ar(--tw-gradient-fro
m)var(--tw-gradient-
from-position),var(-
-tw-gradient-to)var(
--tw-gradient-to-pos
ition))}.to-white{--
tw-gradient-to:var(-
-color-white);--tw-g
radient-stops:var(--
tw-gradient-via-stop
s,var(--tw-gradient-
position),var(--tw-g
radient-from)var(--t
w-gradient-from-posi
tion),var(--tw-gradi
ent-to)var(--tw-grad
ient-to-position))}.
to-white\/50{--tw-gr
adient-to:#ffffff80}
@supports 
(color:color-mix(in 
lab, red, red)){.to-
white\/50{--tw-gradi
ent-to:color-mix(in 
oklab,var(--color-wh
ite)50%,transparent)
}}.to-white\/50{--tw
-gradient-stops:var(
--tw-gradient-via-st
ops,var(--tw-gradien
t-position),var(--tw
-gradient-from)var(-
-tw-gradient-from-po
sition),var(--tw-gra
dient-to)var(--tw-gr
adient-to-position))
}.bg-\[size\:40px_40
px\]{background-size
:40px 40px}.bg-\[siz
e\:100px_100px\]{bac
kground-size:100px 1
00px}.bg-cover{backg
round-size:cover}.bg
-clip-padding{backgr
ound-clip:padding-bo
x}.bg-clip-text{-web
kit-background-clip:
text;background-clip
:text}.bg-center{bac
kground-position:50%
}.stroke-\[2\.5px\]{
stroke-width:2.5px}.
object-cover{object-
fit:cover}.p-0{paddi
ng:calc(var(--spacin
g)*0)}.p-1{padding:c
alc(var(--spacing)*1
)}.p-1\.5{padding:ca
lc(var(--spacing)*1.
5)}.p-2{padding:calc
(var(--spacing)*2)}.
p-3{padding:calc(var
(--spacing)*3)}.p-4{
padding:calc(var(--s
pacing)*4)}.p-6{padd
ing:calc(var(--spaci
ng)*6)}.p-8{padding:
calc(var(--spacing)*
8)}.p-12{padding:cal
c(var(--spacing)*12)
}.p-\[3px\]{padding:
3px}.px-1{padding-in
line:calc(var(--spac
ing)*1)}.px-1\.5{pad
ding-inline:calc(var
(--spacing)*1.5)}.px
-2{padding-inline:ca
lc(var(--spacing)*2)
}.px-3{padding-inlin
e:calc(var(--spacing
)*3)}.px-4{padding-i
nline:calc(var(--spa
cing)*4)}.px-5{paddi
ng-inline:calc(var(-
-spacing)*5)}.px-6{p
adding-inline:calc(v
ar(--spacing)*6)}.px
-8{padding-inline:ca
lc(var(--spacing)*8)
}.px-10{padding-inli
ne:calc(var(--spacin
g)*10)}.py-0\.5{padd
ing-block:calc(var(-
-spacing)*.5)}.py-1{
padding-block:calc(v
ar(--spacing)*1)}.py
-1\.5{padding-block:
calc(var(--spacing)*
1.5)}.py-2{padding-b
lock:calc(var(--spac
ing)*2)}.py-2\.5{pad
ding-block:calc(var(
--spacing)*2.5)}.py-
3{padding-block:calc
(var(--spacing)*3)}.
py-3\.5{padding-bloc
k:calc(var(--spacing
)*3.5)}.py-4{padding
-block:calc(var(--sp
acing)*4)}.py-5{padd
ing-block:calc(var(-
-spacing)*5)}.py-6{p
adding-block:calc(va
r(--spacing)*6)}.py-
12{padding-block:cal
c(var(--spacing)*12)
}.py-20{padding-bloc
k:calc(var(--spacing
)*20)}.py-24{padding
-block:calc(var(--sp
acing)*24)}.py-32{pa
dding-block:calc(var
(--spacing)*32)}.pt-
1{padding-top:calc(v
ar(--spacing)*1)}.pt
-2{padding-top:calc(
var(--spacing)*2)}.p
t-6{padding-top:calc
(var(--spacing)*6)}.
pt-8{padding-top:cal
c(var(--spacing)*8)}
.pt-20{padding-top:c
alc(var(--spacing)*2
0)}.pt-24{padding-to
p:calc(var(--spacing
)*24)}.pt-32{padding
-top:calc(var(--spac
ing)*32)}.pr-4{paddi
ng-right:calc(var(--
spacing)*4)}.pb-0\.5
{padding-bottom:calc
(var(--spacing)*.5)}
.pb-1{padding-bottom
:calc(var(--spacing)
*1)}.pb-8{padding-bo
ttom:calc(var(--spac
ing)*8)}.pb-10{paddi
ng-bottom:calc(var(-
-spacing)*10)}.pb-12
{padding-bottom:calc
(var(--spacing)*12)}
.pb-16{padding-botto
m:calc(var(--spacing
)*16)}.pb-20{padding
-bottom:calc(var(--s
pacing)*20)}.pb-24{p
adding-bottom:calc(v
ar(--spacing)*24)}.p
l-1{padding-left:cal
c(var(--spacing)*1)}
.pl-4{padding-left:c
alc(var(--spacing)*4
)}.pl-6{padding-left
:calc(var(--spacing)
*6)}.pl-8{padding-le
ft:calc(var(--spacin
g)*8)}.pl-\[1px\]{pa
dding-left:1px}.text
-center{text-align:c
enter}.text-left{tex
t-align:left}.text-r
ight{text-align:righ
t}.font-mono{font-fa
mily:var(--font-mono
)}.font-sans{font-fa
mily:var(--font-popp
ins)}.font-serif{fon
t-family:var(--font-
adamina)}.font-stenc
il{font-family:var(-
-font-stencil)}.text
-2xl{font-size:var(-
-text-2xl);line-heig
ht:var(--tw-leading,
var(--text-2xl--line
-height))}.text-3xl{
font-size:var(--text
-3xl);line-height:va
r(--tw-leading,var(-
-text-3xl--line-heig
ht))}.text-4xl{font-
size:var(--text-4xl)
;line-height:var(--t
w-leading,var(--text
-4xl--line-height))}
.text-5xl{font-size:
var(--text-5xl);line
-height:var(--tw-lea
ding,var(--text-5xl-
-line-height))}.text
-6xl{font-size:var(-
-text-6xl);line-heig
ht:var(--tw-leading,
var(--text-6xl--line
-height))}.text-base
{font-size:var(--tex
t-base);line-height:
var(--tw-leading,var
(--text-base--line-h
eight))}.text-lg{fon
t-size:var(--text-lg
);line-height:var(--
tw-leading,var(--tex
t-lg--line-height))}
.text-sm{font-size:v
ar(--text-sm);line-h
eight:var(--tw-leadi
ng,var(--text-sm--li
ne-height))}.text-xl
{font-size:var(--tex
t-xl);line-height:va
r(--tw-leading,var(-
-text-xl--line-heigh
t))}.text-xs{font-si
ze:var(--text-xs);li
ne-height:var(--tw-l
eading,var(--text-xs
--line-height))}.tex
t-\[8px\]{font-size:
8px}.text-\[9px\]{fo
nt-size:9px}.text-\[
10px\]{font-size:10p
x}.text-\[11px\]{fon
t-size:11px}.leading
-\[0\.9\]{--tw-leadi
ng:.9;line-height:.9
}.leading-\[0\.85\]{
--tw-leading:.85;lin
e-height:.85}.leadin
g-\[1\.1\]{--tw-lead
ing:1.1;line-height:
1.1}.leading-none{--
tw-leading:1;line-he
ight:1}.leading-rela
xed{--tw-leading:var
(--leading-relaxed);
line-height:var(--le
ading-relaxed)}.lead
ing-snug{--tw-leadin
g:var(--leading-snug
);line-height:var(--
leading-snug)}.leadi
ng-tight{--tw-leadin
g:var(--leading-tigh
t);line-height:var(-
-leading-tight)}.fon
t-black{--tw-font-we
ight:var(--font-weig
ht-black);font-weigh
t:var(--font-weight-
black)}.font-bold{--
tw-font-weight:var(-
-font-weight-bold);f
ont-weight:var(--fon
t-weight-bold)}.font
-light{--tw-font-wei
ght:var(--font-weigh
t-light);font-weight
:var(--font-weight-l
ight)}.font-medium{-
-tw-font-weight:var(
--font-weight-medium
);font-weight:var(--
font-weight-medium)}
.tracking-\[0\.1em\]
{--tw-tracking:.1em;
letter-spacing:.1em}
.tracking-\[0\.2em\]
{--tw-tracking:.2em;
letter-spacing:.2em}
.tracking-\[0\.15em\
]{--tw-tracking:.15e
m;letter-spacing:.15
em}.tracking-\[0\.35
em\]{--tw-tracking:.
35em;letter-spacing:
.35em}.tracking-tigh
t{--tw-tracking:var(
--tracking-tight);le
tter-spacing:var(--t
racking-tight)}.trac
king-tighter{--tw-tr
acking:var(--trackin
g-tighter);letter-sp
acing:var(--tracking
-tighter)}.tracking-
wide{--tw-tracking:v
ar(--tracking-wide);
letter-spacing:var(-
-tracking-wide)}.tra
cking-wider{--tw-tra
cking:var(--tracking
-wider);letter-spaci
ng:var(--tracking-wi
der)}.tracking-wides
t{--tw-tracking:var(
--tracking-widest);l
etter-spacing:var(--
tracking-widest)}.te
xt-\[\#00FF94\]{colo
r:#00ff94}.text-\[\#
3e2723\]{color:#3e27
23}.text-\[\#22c55e\
]{color:#22c55e}.tex
t-\[\#FFEA05\]{color
:#ffea05}.text-\[\#F
FEA05\]\/50{color:ok
lab(92.4923% 
-.0431548 .188965/.5
)}.text-\[\#a39603\]
{color:#a39603}.text
-\[\#ffea05\]{color:
#ffea05}.text-\[var\
(--color-brand-accen
t\)\]{color:var(--co
lor-brand-accent)}.t
ext-\[var\(--color-g
old-dark\)\]{color:v
ar(--color-gold-dark
)}.text-\[var\(--col
or-gold-light\)\]{co
lor:var(--color-gold
-light)}.text-black{
color:var(--color-bl
ack)}.text-current{c
olor:currentColor}.t
ext-gray-200{color:v
ar(--color-gray-200)
}.text-gray-300{colo
r:var(--color-gray-3
00)}.text-gray-400{c
olor:var(--color-gra
y-400)}.text-gray-50
0{color:var(--color-
gray-500)}.text-gray
-600{color:var(--col
or-gray-600)}.text-g
reen-400{color:var(-
-color-green-400)}.t
ext-green-500{color:
var(--color-green-50
0)}.text-red-500{col
or:var(--color-red-5
00)}.text-transparen
t{color:#0000}.text-
white{color:var(--co
lor-white)}.text-whi
te\/10{color:#ffffff
1a}@supports 
(color:color-mix(in 
lab, red, red)){.tex
t-white\/10{color:co
lor-mix(in oklab,var
(--color-white)10%,t
ransparent)}}.text-w
hite\/80{color:#fffc
}@supports 
(color:color-mix(in 
lab, red, red)){.tex
t-white\/80{color:co
lor-mix(in oklab,var
(--color-white)80%,t
ransparent)}}.text-z
inc-600{color:var(--
color-zinc-600)}.upp
ercase{text-transfor
m:uppercase}.italic{
font-style:italic}.a
ntialiased{-webkit-f
ont-smoothing:antial
iased;-moz-osx-font-
smoothing:grayscale}
.placeholder-gray-50
0::placeholder{color
:var(--color-gray-50
0)}.placeholder-gray
-600::placeholder{co
lor:var(--color-gray
-600)}.opacity-0{opa
city:0}.opacity-10{o
pacity:.1}.opacity-2
0{opacity:.2}.opacit
y-30{opacity:.3}.opa
city-40{opacity:.4}.
opacity-50{opacity:.
5}.opacity-60{opacit
y:.6}.opacity-70{opa
city:.7}.opacity-75{
opacity:.75}.opacity
-80{opacity:.8}.opac
ity-90{opacity:.9}.o
pacity-100{opacity:1
}.opacity-\[0\.03\]{
opacity:.03}.mix-ble
nd-luminosity{mix-bl
end-mode:luminosity}
.mix-blend-normal{mi
x-blend-mode:normal}
.mix-blend-overlay{m
ix-blend-mode:overla
y}.shadow{--tw-shado
w:0 1px 3px 0 var(--
tw-shadow-color,#000
0001a),0 1px 2px 
-1px var(--tw-shadow
-color,#0000001a);bo
x-shadow:var(--tw-in
set-shadow),var(--tw
-inset-ring-shadow),
var(--tw-ring-offset
-shadow),var(--tw-ri
ng-shadow),var(--tw-
shadow)}.shadow-2xl{
--tw-shadow:0 25px 
50px -12px var(--tw-
shadow-color,#000000
40);box-shadow:var(-
-tw-inset-shadow),va
r(--tw-inset-ring-sh
adow),var(--tw-ring-
offset-shadow),var(-
-tw-ring-shadow),var
(--tw-shadow)}.shado
w-\[0_0_5px_\#ffea05
\]{--tw-shadow:0 0 
5px var(--tw-shadow-
color,#ffea05);box-s
hadow:var(--tw-inset
-shadow),var(--tw-in
set-ring-shadow),var
(--tw-ring-offset-sh
adow),var(--tw-ring-
shadow),var(--tw-sha
dow)}.shadow-\[0_0_1
0px_rgba\(0\,255\,14
8\,0\.1\)\]{--tw-sha
dow:0 0 10px var(--t
w-shadow-color,#00ff
941a);box-shadow:var
(--tw-inset-shadow),
var(--tw-inset-ring-
shadow),var(--tw-rin
g-offset-shadow),var
(--tw-ring-shadow),v
ar(--tw-shadow)}.sha
dow-\[0_0_10px_rgba\
(0\,255\,148\,0\.2\)
\]{--tw-shadow:0 0 
10px var(--tw-shadow
-color,#00ff9433);bo
x-shadow:var(--tw-in
set-shadow),var(--tw
-inset-ring-shadow),
var(--tw-ring-offset
-shadow),var(--tw-ri
ng-shadow),var(--tw-
shadow)}.shadow-\[0_
0_10px_rgba\(255\,23
4\,5\,0\.1\)\]{--tw-
shadow:0 0 10px var(
--tw-shadow-color,#f
fea051a);box-shadow:
var(--tw-inset-shado
w),var(--tw-inset-ri
ng-shadow),var(--tw-
ring-offset-shadow),
var(--tw-ring-shadow
),var(--tw-shadow)}.
shadow-\[0_0_10px_rg
ba\(255\,234\,5\,0\.
5\)\]{--tw-shadow:0 
0 10px var(--tw-shad
ow-color,#ffea0580);
box-shadow:var(--tw-
inset-shadow),var(--
tw-inset-ring-shadow
),var(--tw-ring-offs
et-shadow),var(--tw-
ring-shadow),var(--t
w-shadow)}.shadow-\[
0_0_15px_\#ffea05\]{
--tw-shadow:0 0 
15px var(--tw-shadow
-color,#ffea05);box-
shadow:var(--tw-inse
t-shadow),var(--tw-i
nset-ring-shadow),va
r(--tw-ring-offset-s
hadow),var(--tw-ring
-shadow),var(--tw-sh
adow)}.shadow-\[0_0_
15px_rgba\(255\,234\
,5\,0\.1\)\]{--tw-sh
adow:0 0 15px var(--
tw-shadow-color,#ffe
a051a);box-shadow:va
r(--tw-inset-shadow)
,var(--tw-inset-ring
-shadow),var(--tw-ri
ng-offset-shadow),va
r(--tw-ring-shadow),
var(--tw-shadow)}.sh
adow-\[0_0_15px_rgba
\(255\,234\,5\,0\.2\
)\]{--tw-shadow:0 0 
15px var(--tw-shadow
-color,#ffea0533);bo
x-shadow:var(--tw-in
set-shadow),var(--tw
-inset-ring-shadow),
var(--tw-ring-offset
-shadow),var(--tw-ri
ng-shadow),var(--tw-
shadow)}.shadow-\[0_
0_15px_rgba\(255\,23
4\,5\,0\.3\)\]{--tw-
shadow:0 0 15px var(
--tw-shadow-color,#f
fea054d);box-shadow:
var(--tw-inset-shado
w),var(--tw-inset-ri
ng-shadow),var(--tw-
ring-offset-shadow),
var(--tw-ring-shadow
),var(--tw-shadow)}.
shadow-\[0_0_15px_rg
ba\(255\,234\,5\,0\.
05\)\]{--tw-shadow:0
 0 15px var(--tw-sha
dow-color,#ffea050d)
;box-shadow:var(--tw
-inset-shadow),var(-
-tw-inset-ring-shado
w),var(--tw-ring-off
set-shadow),var(--tw
-ring-shadow),var(--
tw-shadow)}.shadow-\
[0_0_20px_\#00FF94\]
{--tw-shadow:0 0 
20px var(--tw-shadow
-color,#00ff94);box-
shadow:var(--tw-inse
t-shadow),var(--tw-i
nset-ring-shadow),va
r(--tw-ring-offset-s
hadow),var(--tw-ring
-shadow),var(--tw-sh
adow)}.shadow-\[0_0_
20px_rgba\(255\,234\
,5\,0\.2\)\]{--tw-sh
adow:0 0 20px var(--
tw-shadow-color,#ffe
a0533);box-shadow:va
r(--tw-inset-shadow)
,var(--tw-inset-ring
-shadow),var(--tw-ri
ng-offset-shadow),va
r(--tw-ring-shadow),
var(--tw-shadow)}.sh
adow-\[0_0_20px_rgba
\(255\,234\,5\,0\.3\
)\]{--tw-shadow:0 0 
20px var(--tw-shadow
-color,#ffea054d);bo
x-shadow:var(--tw-in
set-shadow),var(--tw
-inset-ring-shadow),
var(--tw-ring-offset
-shadow),var(--tw-ri
ng-shadow),var(--tw-
shadow)}.shadow-\[0_
0_20px_rgba\(255\,23
4\,5\,0\.15\)\]{--tw
-shadow:0 0 20px var
(--tw-shadow-color,#
ffea0526);box-shadow
:var(--tw-inset-shad
ow),var(--tw-inset-r
ing-shadow),var(--tw
-ring-offset-shadow)
,var(--tw-ring-shado
w),var(--tw-shadow)}
.shadow-\[0_0_30px_r
gba\(255\,234\,5\,0\
.1\)\]{--tw-shadow:0
 0 30px var(--tw-sha
dow-color,#ffea051a)
;box-shadow:var(--tw
-inset-shadow),var(-
-tw-inset-ring-shado
w),var(--tw-ring-off
set-shadow),var(--tw
-ring-shadow),var(--
tw-shadow)}.shadow-\
[0_0_30px_rgba\(255\
,234\,5\,0\.2\)\]{--
tw-shadow:0 0 30px v
ar(--tw-shadow-color
,#ffea0533);box-shad
ow:var(--tw-inset-sh
adow),var(--tw-inset
-ring-shadow),var(--
tw-ring-offset-shado
w),var(--tw-ring-sha
dow),var(--tw-shadow
)}.shadow-\[0_4px_20
px_rgba\(0\,0\,0\,0\
.1\)\]{--tw-shadow:0
 4px 20px var(--tw-s
hadow-color,#0000001
a);box-shadow:var(--
tw-inset-shadow),var
(--tw-inset-ring-sha
dow),var(--tw-ring-o
ffset-shadow),var(--
tw-ring-shadow),var(
--tw-shadow)}.shadow
-\[0_20px_50px_-12px
_rgba\(0\,0\,0\,0\.9
\)\]{--tw-shadow:0 
20px 50px -12px var(
--tw-shadow-color,#0
00000e6);box-shadow:
var(--tw-inset-shado
w),var(--tw-inset-ri
ng-shadow),var(--tw-
ring-offset-shadow),
var(--tw-ring-shadow
),var(--tw-shadow)}.
shadow-\[0_20px_50px
_rgba\(0\,0\,0\,0\.5
\)\]{--tw-shadow:0 
20px 50px var(--tw-s
hadow-color,#0000008
0);box-shadow:var(--
tw-inset-shadow),var
(--tw-inset-ring-sha
dow),var(--tw-ring-o
ffset-shadow),var(--
tw-ring-shadow),var(
--tw-shadow)}.shadow
-lg{--tw-shadow:0 
10px 15px -3px var(-
-tw-shadow-color,#00
00001a),0 4px 6px 
-4px var(--tw-shadow
-color,#0000001a);bo
x-shadow:var(--tw-in
set-shadow),var(--tw
-inset-ring-shadow),
var(--tw-ring-offset
-shadow),var(--tw-ri
ng-shadow),var(--tw-
shadow)}.shadow-md{-
-tw-shadow:0 4px 
6px -1px var(--tw-sh
adow-color,#0000001a
),0 2px 4px -2px var
(--tw-shadow-color,#
0000001a);box-shadow
:var(--tw-inset-shad
ow),var(--tw-inset-r
ing-shadow),var(--tw
-ring-offset-shadow)
,var(--tw-ring-shado
w),var(--tw-shadow)}
.shadow-xl{--tw-shad
ow:0 20px 25px -5px 
var(--tw-shadow-colo
r,#0000001a),0 8px 
10px -6px var(--tw-s
hadow-color,#0000001
a);box-shadow:var(--
tw-inset-shadow),var
(--tw-inset-ring-sha
dow),var(--tw-ring-o
ffset-shadow),var(--
tw-ring-shadow),var(
--tw-shadow)}.ring,.
ring-1{--tw-ring-sha
dow:var(--tw-ring-in
set,)0 0 0 calc(1px 
+ var(--tw-ring-offs
et-width))var(--tw-r
ing-color,currentcol
or);box-shadow:var(-
-tw-inset-shadow),va
r(--tw-inset-ring-sh
adow),var(--tw-ring-
offset-shadow),var(-
-tw-ring-shadow),var
(--tw-shadow)}.ring-
2{--tw-ring-shadow:v
ar(--tw-ring-inset,)
0 0 0 calc(2px + var
(--tw-ring-offset-wi
dth))var(--tw-ring-c
olor,currentcolor);b
ox-shadow:var(--tw-i
nset-shadow),var(--t
w-inset-ring-shadow)
,var(--tw-ring-offse
t-shadow),var(--tw-r
ing-shadow),var(--tw
-shadow)}.ring-4{--t
w-ring-shadow:var(--
tw-ring-inset,)0 0 
0 calc(4px + var(--t
w-ring-offset-width)
)var(--tw-ring-color
,currentcolor);box-s
hadow:var(--tw-inset
-shadow),var(--tw-in
set-ring-shadow),var
(--tw-ring-offset-sh
adow),var(--tw-ring-
shadow),var(--tw-sha
dow)}.ring-\[\#ffea0
5\]\/20{--tw-ring-co
lor:oklab(92.4923% 
-.0431548 .188965/.2
)}.ring-white\/5{--t
w-ring-color:#ffffff
0d}@supports 
(color:color-mix(in 
lab, red, red)){.rin
g-white\/5{--tw-ring
-color:color-mix(in 
oklab,var(--color-wh
ite)5%,transparent)}
}.ring-white\/50{--t
w-ring-color:#ffffff
80}@supports 
(color:color-mix(in 
lab, red, red)){.rin
g-white\/50{--tw-rin
g-color:color-mix(in
 oklab,var(--color-w
hite)50%,transparent
)}}.outline{outline-
style:var(--tw-outli
ne-style);outline-wi
dth:1px}.blur{--tw-b
lur:blur(8px);filter
:var(--tw-blur,)var(
--tw-brightness,)var
(--tw-contrast,)var(
--tw-grayscale,)var(
--tw-hue-rotate,)var
(--tw-invert,)var(--
tw-saturate,)var(--t
w-sepia,)var(--tw-dr
op-shadow,)}.blur-3x
l{--tw-blur:blur(var
(--blur-3xl));filter
:var(--tw-blur,)var(
--tw-brightness,)var
(--tw-contrast,)var(
--tw-grayscale,)var(
--tw-hue-rotate,)var
(--tw-invert,)var(--
tw-saturate,)var(--t
w-sepia,)var(--tw-dr
op-shadow,)}.blur-\[
120px\]{--tw-blur:bl
ur(120px);filter:var
(--tw-blur,)var(--tw
-brightness,)var(--t
w-contrast,)var(--tw
-grayscale,)var(--tw
-hue-rotate,)var(--t
w-invert,)var(--tw-s
aturate,)var(--tw-se
pia,)var(--tw-drop-s
hadow,)}.contrast-20
0{--tw-contrast:cont
rast(200%);filter:va
r(--tw-blur,)var(--t
w-brightness,)var(--
tw-contrast,)var(--t
w-grayscale,)var(--t
w-hue-rotate,)var(--
tw-invert,)var(--tw-
saturate,)var(--tw-s
epia,)var(--tw-drop-
shadow,)}.drop-shado
w-\[0_0_5px_rgba\(25
5\,234\,5\,0\.5\)\]{
--tw-drop-shadow-siz
e:drop-shadow(0 0 
5px var(--tw-drop-sh
adow-color,#ffea0580
));--tw-drop-shadow:
var(--tw-drop-shadow
-size);filter:var(--
tw-blur,)var(--tw-br
ightness,)var(--tw-c
ontrast,)var(--tw-gr
ayscale,)var(--tw-hu
e-rotate,)var(--tw-i
nvert,)var(--tw-satu
rate,)var(--tw-sepia
,)var(--tw-drop-shad
ow,)}.drop-shadow-\[
0_0_10px_rgba\(255\,
234\,5\,0\.5\)\]{--t
w-drop-shadow-size:d
rop-shadow(0 0 10px 
var(--tw-drop-shadow
-color,#ffea0580));-
-tw-drop-shadow:var(
--tw-drop-shadow-siz
e);filter:var(--tw-b
lur,)var(--tw-bright
ness,)var(--tw-contr
ast,)var(--tw-graysc
ale,)var(--tw-hue-ro
tate,)var(--tw-inver
t,)var(--tw-saturate
,)var(--tw-sepia,)va
r(--tw-drop-shadow,)
}.drop-shadow-lg{--t
w-drop-shadow-size:d
rop-shadow(0 4px 
4px var(--tw-drop-sh
adow-color,#00000026
));--tw-drop-shadow:
drop-shadow(var(--dr
op-shadow-lg));filte
r:var(--tw-blur,)var
(--tw-brightness,)va
r(--tw-contrast,)var
(--tw-grayscale,)var
(--tw-hue-rotate,)va
r(--tw-invert,)var(-
-tw-saturate,)var(--
tw-sepia,)var(--tw-d
rop-shadow,)}.drop-s
hadow-md{--tw-drop-s
hadow-size:drop-shad
ow(0 3px 3px var(--t
w-drop-shadow-color,
#0000001f));--tw-dro
p-shadow:drop-shadow
(var(--drop-shadow-m
d));filter:var(--tw-
blur,)var(--tw-brigh
tness,)var(--tw-cont
rast,)var(--tw-grays
cale,)var(--tw-hue-r
otate,)var(--tw-inve
rt,)var(--tw-saturat
e,)var(--tw-sepia,)v
ar(--tw-drop-shadow,
)}.grayscale{--tw-gr
ayscale:grayscale(10
0%);filter:var(--tw-
blur,)var(--tw-brigh
tness,)var(--tw-cont
rast,)var(--tw-grays
cale,)var(--tw-hue-r
otate,)var(--tw-inve
rt,)var(--tw-saturat
e,)var(--tw-sepia,)v
ar(--tw-drop-shadow,
)}.filter{filter:var
(--tw-blur,)var(--tw
-brightness,)var(--t
w-contrast,)var(--tw
-grayscale,)var(--tw
-hue-rotate,)var(--t
w-invert,)var(--tw-s
aturate,)var(--tw-se
pia,)var(--tw-drop-s
hadow,)}.backdrop-bl
ur{--tw-backdrop-blu
r:blur(8px);-webkit-
backdrop-filter:var(
--tw-backdrop-blur,)
var(--tw-backdrop-br
ightness,)var(--tw-b
ackdrop-contrast,)va
r(--tw-backdrop-gray
scale,)var(--tw-back
drop-hue-rotate,)var
(--tw-backdrop-inver
t,)var(--tw-backdrop
-opacity,)var(--tw-b
ackdrop-saturate,)va
r(--tw-backdrop-sepi
a,);backdrop-filter:
var(--tw-backdrop-bl
ur,)var(--tw-backdro
p-brightness,)var(--
tw-backdrop-contrast
,)var(--tw-backdrop-
grayscale,)var(--tw-
backdrop-hue-rotate,
)var(--tw-backdrop-i
nvert,)var(--tw-back
drop-opacity,)var(--
tw-backdrop-saturate
,)var(--tw-backdrop-
sepia,)}.backdrop-bl
ur-2xl{--tw-backdrop
-blur:blur(var(--blu
r-2xl));-webkit-back
drop-filter:var(--tw
-backdrop-blur,)var(
--tw-backdrop-bright
ness,)var(--tw-backd
rop-contrast,)var(--
tw-backdrop-grayscal
e,)var(--tw-backdrop
-hue-rotate,)var(--t
w-backdrop-invert,)v
ar(--tw-backdrop-opa
city,)var(--tw-backd
rop-saturate,)var(--
tw-backdrop-sepia,);
backdrop-filter:var(
--tw-backdrop-blur,)
var(--tw-backdrop-br
ightness,)var(--tw-b
ackdrop-contrast,)va
r(--tw-backdrop-gray
scale,)var(--tw-back
drop-hue-rotate,)var
(--tw-backdrop-inver
t,)var(--tw-backdrop
-opacity,)var(--tw-b
ackdrop-saturate,)va
r(--tw-backdrop-sepi
a,)}.backdrop-blur-\
[2px\]{--tw-backdrop
-blur:blur(2px);-web
kit-backdrop-filter:
var(--tw-backdrop-bl
ur,)var(--tw-backdro
p-brightness,)var(--
tw-backdrop-contrast
,)var(--tw-backdrop-
grayscale,)var(--tw-
backdrop-hue-rotate,
)var(--tw-backdrop-i
nvert,)var(--tw-back
drop-opacity,)var(--
tw-backdrop-saturate
,)var(--tw-backdrop-
sepia,);backdrop-fil
ter:var(--tw-backdro
p-blur,)var(--tw-bac
kdrop-brightness,)va
r(--tw-backdrop-cont
rast,)var(--tw-backd
rop-grayscale,)var(-
-tw-backdrop-hue-rot
ate,)var(--tw-backdr
op-invert,)var(--tw-
backdrop-opacity,)va
r(--tw-backdrop-satu
rate,)var(--tw-backd
rop-sepia,)}.backdro
p-blur-md{--tw-backd
rop-blur:blur(var(--
blur-md));-webkit-ba
ckdrop-filter:var(--
tw-backdrop-blur,)va
r(--tw-backdrop-brig
htness,)var(--tw-bac
kdrop-contrast,)var(
--tw-backdrop-graysc
ale,)var(--tw-backdr
op-hue-rotate,)var(-
-tw-backdrop-invert,
)var(--tw-backdrop-o
pacity,)var(--tw-bac
kdrop-saturate,)var(
--tw-backdrop-sepia,
);backdrop-filter:va
r(--tw-backdrop-blur
,)var(--tw-backdrop-
brightness,)var(--tw
-backdrop-contrast,)
var(--tw-backdrop-gr
ayscale,)var(--tw-ba
ckdrop-hue-rotate,)v
ar(--tw-backdrop-inv
ert,)var(--tw-backdr
op-opacity,)var(--tw
-backdrop-saturate,)
var(--tw-backdrop-se
pia,)}.backdrop-blur
-sm{--tw-backdrop-bl
ur:blur(var(--blur-s
m));-webkit-backdrop
-filter:var(--tw-bac
kdrop-blur,)var(--tw
-backdrop-brightness
,)var(--tw-backdrop-
contrast,)var(--tw-b
ackdrop-grayscale,)v
ar(--tw-backdrop-hue
-rotate,)var(--tw-ba
ckdrop-invert,)var(-
-tw-backdrop-opacity
,)var(--tw-backdrop-
saturate,)var(--tw-b
ackdrop-sepia,);back
drop-filter:var(--tw
-backdrop-blur,)var(
--tw-backdrop-bright
ness,)var(--tw-backd
rop-contrast,)var(--
tw-backdrop-grayscal
e,)var(--tw-backdrop
-hue-rotate,)var(--t
w-backdrop-invert,)v
ar(--tw-backdrop-opa
city,)var(--tw-backd
rop-saturate,)var(--
tw-backdrop-sepia,)}
.backdrop-blur-xl{--
tw-backdrop-blur:blu
r(var(--blur-xl));-w
ebkit-backdrop-filte
r:var(--tw-backdrop-
blur,)var(--tw-backd
rop-brightness,)var(
--tw-backdrop-contra
st,)var(--tw-backdro
p-grayscale,)var(--t
w-backdrop-hue-rotat
e,)var(--tw-backdrop
-invert,)var(--tw-ba
ckdrop-opacity,)var(
--tw-backdrop-satura
te,)var(--tw-backdro
p-sepia,);backdrop-f
ilter:var(--tw-backd
rop-blur,)var(--tw-b
ackdrop-brightness,)
var(--tw-backdrop-co
ntrast,)var(--tw-bac
kdrop-grayscale,)var
(--tw-backdrop-hue-r
otate,)var(--tw-back
drop-invert,)var(--t
w-backdrop-opacity,)
var(--tw-backdrop-sa
turate,)var(--tw-bac
kdrop-sepia,)}.backd
rop-filter{-webkit-b
ackdrop-filter:var(-
-tw-backdrop-blur,)v
ar(--tw-backdrop-bri
ghtness,)var(--tw-ba
ckdrop-contrast,)var
(--tw-backdrop-grays
cale,)var(--tw-backd
rop-hue-rotate,)var(
--tw-backdrop-invert
,)var(--tw-backdrop-
opacity,)var(--tw-ba
ckdrop-saturate,)var
(--tw-backdrop-sepia
,);backdrop-filter:v
ar(--tw-backdrop-blu
r,)var(--tw-backdrop
-brightness,)var(--t
w-backdrop-contrast,
)var(--tw-backdrop-g
rayscale,)var(--tw-b
ackdrop-hue-rotate,)
var(--tw-backdrop-in
vert,)var(--tw-backd
rop-opacity,)var(--t
w-backdrop-saturate,
)var(--tw-backdrop-s
epia,)}.transition{t
ransition-property:c
olor,background-colo
r,border-color,outli
ne-color,text-decora
tion-color,fill,stro
ke,--tw-gradient-fro
m,--tw-gradient-via,
--tw-gradient-to,opa
city,box-shadow,tran
sform,translate,scal
e,rotate,filter,-web
kit-backdrop-filter,
backdrop-filter,disp
lay,content-visibili
ty,overlay,pointer-e
vents;transition-tim
ing-function:var(--t
w-ease,var(--default
-transition-timing-f
unction));transition
-duration:var(--tw-d
uration,var(--defaul
t-transition-duratio
n))}.transition-\[he
ight\]{transition-pr
operty:height;transi
tion-timing-function
:var(--tw-ease,var(-
-default-transition-
timing-function));tr
ansition-duration:va
r(--tw-duration,var(
--default-transition
-duration))}.transit
ion-all{transition-p
roperty:all;transiti
on-timing-function:v
ar(--tw-ease,var(--d
efault-transition-ti
ming-function));tran
sition-duration:var(
--tw-duration,var(--
default-transition-d
uration))}.transitio
n-colors{transition-
property:color,backg
round-color,border-c
olor,outline-color,t
ext-decoration-color
,fill,stroke,--tw-gr
adient-from,--tw-gra
dient-via,--tw-gradi
ent-to;transition-ti
ming-function:var(--
tw-ease,var(--defaul
t-transition-timing-
function));transitio
n-duration:var(--tw-
duration,var(--defau
lt-transition-durati
on))}.transition-opa
city{transition-prop
erty:opacity;transit
ion-timing-function:
var(--tw-ease,var(--
default-transition-t
iming-function));tra
nsition-duration:var
(--tw-duration,var(-
-default-transition-
duration))}.transiti
on-transform{transit
ion-property:transfo
rm,translate,scale,r
otate;transition-tim
ing-function:var(--t
w-ease,var(--default
-transition-timing-f
unction));transition
-duration:var(--tw-d
uration,var(--defaul
t-transition-duratio
n))}.delay-100{trans
ition-delay:.1s}.del
ay-200{transition-de
lay:.2s}.delay-500{t
ransition-delay:.5s}
.delay-700{transitio
n-delay:.7s}.duratio
n-75{--tw-duration:7
5ms;transition-durat
ion:75ms}.duration-2
00{--tw-duration:.2s
;transition-duration
:.2s}.duration-300{-
-tw-duration:.3s;tra
nsition-duration:.3s
}.duration-500{--tw-
duration:.5s;transit
ion-duration:.5s}.du
ration-700{--tw-dura
tion:.7s;transition-
duration:.7s}.durati
on-1000{--tw-duratio
n:1s;transition-dura
tion:1s}.ease-in{--t
w-ease:var(--ease-in
);transition-timing-
function:var(--ease-
in)}.ease-in-out{--t
w-ease:var(--ease-in
-out);transition-tim
ing-function:var(--e
ase-in-out)}.ease-ou
t{--tw-ease:var(--ea
se-out);transition-t
iming-function:var(-
-ease-out)}.outline-
none{--tw-outline-st
yle:none;outline-sty
le:none}.select-none
{-webkit-user-select
:none;user-select:no
ne}.backface-hidden{
backface-visibility:
hidden}@media (hover
:hover){.group-hover
\:visible:is(:where(
.group):hover *){vis
ibility:visible}.gro
up-hover\:w-full:is(
:where(.group):hover
 *){width:100%}.grou
p-hover\:translate-x
-0:is(:where(.group)
:hover *){--tw-trans
late-x:calc(var(--sp
acing)*0);translate:
var(--tw-translate-x
)var(--tw-translate-
y)}.group-hover\:tra
nslate-x-2:is(:where
(.group):hover *){--
tw-translate-x:calc(
var(--spacing)*2);tr
anslate:var(--tw-tra
nslate-x)var(--tw-tr
anslate-y)}.group-ho
ver\:translate-x-\[1
00\%\]:is(:where(.gr
oup):hover *){--tw-t
ranslate-x:100%;tran
slate:var(--tw-trans
late-x)var(--tw-tran
slate-y)}.group-hove
r\:translate-y-0:is(
:where(.group):hover
 *){--tw-translate-y
:calc(var(--spacing)
*0);translate:var(--
tw-translate-x)var(-
-tw-translate-y)}.gr
oup-hover\:scale-110
:is(:where(.group):h
over *){--tw-scale-x
:110%;--tw-scale-y:1
10%;--tw-scale-z:110
%;scale:var(--tw-sca
le-x)var(--tw-scale-
y)}.group-hover\:rot
ate-0:is(:where(.gro
up):hover *){rotate:
none}.group-hover\:r
otate-12:is(:where(.
group):hover *){rota
te:12deg}.group-hove
r\:rotate-180:is(:wh
ere(.group):hover *)
{rotate:180deg}.grou
p-hover\:animate-\[f
lash_0\.5s_ease-out\
]:is(:where(.group):
hover 
*){animation:.5s 
ease-out flash}.grou
p-hover\:animate-\[s
himmer_1\.5s_infinit
e\]:is(:where(.group
):hover 
*){animation:1.5s 
infinite shimmer}.gr
oup-hover\:animate-\
[shimmer_2s_infinite
\]:is(:where(.group)
:hover 
*){animation:2s 
infinite shimmer}.gr
oup-hover\:animate-\
[spin_1s_linear_infi
nite\]:is(:where(.gr
oup):hover 
*){animation:1s 
linear infinite spin
}.group-hover\:anima
te-\[spin_2s_linear_
infinite\]:is(:where
(.group):hover 
*){animation:2s 
linear infinite spin
}.group-hover\:borde
r-\[\#FFEA05\]:is(:w
here(.group):hover *
),.group-hover\:bord
er-\[\#ffea05\]:is(:
where(.group):hover 
*){border-color:#ffe
a05}.group-hover\:bo
rder-green-500:is(:w
here(.group):hover *
){border-color:var(-
-color-green-500)}.g
roup-hover\:border-w
hite:is(:where(.grou
p):hover *){border-c
olor:var(--color-whi
te)}.group-hover\:bg
-\[\#FFEA05\]:is(:wh
ere(.group):hover *)
{background-color:#f
fea05}.group-hover\:
bg-\[\#FFEA05\]\/10:
is(:where(.group):ho
ver *){background-co
lor:oklab(92.4923% 
-.0431548 .188965/.1
)}.group-hover\:bg-\
[\#FFEA05\]\/80:is(:
where(.group):hover 
*){background-color:
oklab(92.4923% 
-.0431548 .188965/.8
)}.group-hover\:bg-b
lack\/30:is(:where(.
group):hover *){back
ground-color:#000000
4d}@supports 
(color:color-mix(in 
lab, red, red)){.gro
up-hover\:bg-black\/
30:is(:where(.group)
:hover *){background
-color:color-mix(in 
oklab,var(--color-bl
ack)30%,transparent)
}}.group-hover\:bg-b
lack\/40:is(:where(.
group):hover *){back
ground-color:#0006}@
supports 
(color:color-mix(in 
lab, red, red)){.gro
up-hover\:bg-black\/
40:is(:where(.group)
:hover *){background
-color:color-mix(in 
oklab,var(--color-bl
ack)40%,transparent)
}}.group-hover\:bg-b
lack\/50:is(:where(.
group):hover *){back
ground-color:#000000
80}@supports 
(color:color-mix(in 
lab, red, red)){.gro
up-hover\:bg-black\/
50:is(:where(.group)
:hover *){background
-color:color-mix(in 
oklab,var(--color-bl
ack)50%,transparent)
}}.group-hover\:via-
black\/20:is(:where(
.group):hover *){--t
w-gradient-via:#0003
}@supports 
(color:color-mix(in 
lab, red, red)){.gro
up-hover\:via-black\
/20:is(:where(.group
):hover *){--tw-grad
ient-via:color-mix(i
n oklab,var(--color-
black)20%,transparen
t)}}.group-hover\:vi
a-black\/20:is(:wher
e(.group):hover *){-
-tw-gradient-via-sto
ps:var(--tw-gradient
-position),var(--tw-
gradient-from)var(--
tw-gradient-from-pos
ition),var(--tw-grad
ient-via)var(--tw-gr
adient-via-position)
,var(--tw-gradient-t
o)var(--tw-gradient-
to-position);--tw-gr
adient-stops:var(--t
w-gradient-via-stops
)}.group-hover\:via-
white\/10:is(:where(
.group):hover *){--t
w-gradient-via:#ffff
ff1a}@supports 
(color:color-mix(in 
lab, red, red)){.gro
up-hover\:via-white\
/10:is(:where(.group
):hover *){--tw-grad
ient-via:color-mix(i
n oklab,var(--color-
white)10%,transparen
t)}}.group-hover\:vi
a-white\/10:is(:wher
e(.group):hover *){-
-tw-gradient-via-sto
ps:var(--tw-gradient
-position),var(--tw-
gradient-from)var(--
tw-gradient-from-pos
ition),var(--tw-grad
ient-via)var(--tw-gr
adient-via-position)
,var(--tw-gradient-t
o)var(--tw-gradient-
to-position);--tw-gr
adient-stops:var(--t
w-gradient-via-stops
)}.group-hover\:via-
white\/20:is(:where(
.group):hover *){--t
w-gradient-via:#fff3
}@supports 
(color:color-mix(in 
lab, red, red)){.gro
up-hover\:via-white\
/20:is(:where(.group
):hover *){--tw-grad
ient-via:color-mix(i
n oklab,var(--color-
white)20%,transparen
t)}}.group-hover\:vi
a-white\/20:is(:wher
e(.group):hover *){-
-tw-gradient-via-sto
ps:var(--tw-gradient
-position),var(--tw-
gradient-from)var(--
tw-gradient-from-pos
ition),var(--tw-grad
ient-via)var(--tw-gr
adient-via-position)
,var(--tw-gradient-t
o)var(--tw-gradient-
to-position);--tw-gr
adient-stops:var(--t
w-gradient-via-stops
)}.group-hover\:text
-\[\#FFEA05\]:is(:wh
ere(.group):hover *)
,.group-hover\:text-
\[\#ffea05\]:is(:whe
re(.group):hover *){
color:#ffea05}.group
-hover\:text-\[var\(
--color-brand-accent
\)\]:is(:where(.grou
p):hover *){color:va
r(--color-brand-acce
nt)}.group-hover\:te
xt-black:is(:where(.
group):hover *){colo
r:var(--color-black)
}.group-hover\:text-
green-400:is(:where(
.group):hover *){col
or:var(--color-green
-400)}.group-hover\:
text-white:is(:where
(.group):hover *){co
lor:var(--color-whit
e)}.group-hover\:opa
city-30:is(:where(.g
roup):hover *){opaci
ty:.3}.group-hover\:
opacity-100:is(:wher
e(.group):hover *){o
pacity:1}.group-hove
r\:mix-blend-normal:
is(:where(.group):ho
ver *){mix-blend-mod
e:normal}.group-hove
r\:shadow-\[0_0_20px
_rgba\(255\,234\,5\,
0\.1\)\]:is(:where(.
group):hover 
*){--tw-shadow:0 0 
20px var(--tw-shadow
-color,#ffea051a);bo
x-shadow:var(--tw-in
set-shadow),var(--tw
-inset-ring-shadow),
var(--tw-ring-offset
-shadow),var(--tw-ri
ng-shadow),var(--tw-
shadow)}.group-hover
\:shadow-\[0_0_20px_
rgba\(255\,234\,5\,0
\.2\)\]:is(:where(.g
roup):hover 
*){--tw-shadow:0 0 
20px var(--tw-shadow
-color,#ffea0533);bo
x-shadow:var(--tw-in
set-shadow),var(--tw
-inset-ring-shadow),
var(--tw-ring-offset
-shadow),var(--tw-ri
ng-shadow),var(--tw-
shadow)}.group-hover
\:shadow-\[0_0_30px_
rgba\(255\,234\,5\,0
\.4\)\]:is(:where(.g
roup):hover 
*){--tw-shadow:0 0 
30px var(--tw-shadow
-color,#ffea0566);bo
x-shadow:var(--tw-in
set-shadow),var(--tw
-inset-ring-shadow),
var(--tw-ring-offset
-shadow),var(--tw-ri
ng-shadow),var(--tw-
shadow)}.group-hover
\:shadow-\[0_0_35px_
rgba\(255\,234\,5\,0
\.4\)\]:is(:where(.g
roup):hover 
*){--tw-shadow:0 0 
35px var(--tw-shadow
-color,#ffea0566);bo
x-shadow:var(--tw-in
set-shadow),var(--tw
-inset-ring-shadow),
var(--tw-ring-offset
-shadow),var(--tw-ri
ng-shadow),var(--tw-
shadow)}.group-hover
\:brightness-110:is(
:where(.group):hover
 *){--tw-brightness:
brightness(110%);fil
ter:var(--tw-blur,)v
ar(--tw-brightness,)
var(--tw-contrast,)v
ar(--tw-grayscale,)v
ar(--tw-hue-rotate,)
var(--tw-invert,)var
(--tw-saturate,)var(
--tw-sepia,)var(--tw
-drop-shadow,)}.grou
p-hover\:brightness-
150:is(:where(.group
):hover *){--tw-brig
htness:brightness(15
0%);filter:var(--tw-
blur,)var(--tw-brigh
tness,)var(--tw-cont
rast,)var(--tw-grays
cale,)var(--tw-hue-r
otate,)var(--tw-inve
rt,)var(--tw-saturat
e,)var(--tw-sepia,)v
ar(--tw-drop-shadow,
)}.group-hover\:gray
scale-0:is(:where(.g
roup):hover *){--tw-
grayscale:grayscale(
0%);filter:var(--tw-
blur,)var(--tw-brigh
tness,)var(--tw-cont
rast,)var(--tw-grays
cale,)var(--tw-hue-r
otate,)var(--tw-inve
rt,)var(--tw-saturat
e,)var(--tw-sepia,)v
ar(--tw-drop-shadow,
)}.group-hover\/audi
t\:translate-y-\[-10
px\]:is(:where(.grou
p\/audit):hover *){-
-tw-translate-y:-10p
x;translate:var(--tw
-translate-x)var(--t
w-translate-y)}.grou
p-hover\/audit\:opac
ity-100:is(:where(.g
roup\/audit):hover *
){opacity:1}}.select
ion\:bg-\[\#FFEA05\]
 ::selection{backgro
und-color:#ffea05}.s
election\:bg-\[\#FFE
A05\]::selection{bac
kground-color:#ffea0
5}.selection\:bg-\[\
#ffea05\] ::selectio
n{background-color:#
ffea05}.selection\:b
g-\[\#ffea05\]::sele
ction{background-col
or:#ffea05}.selectio
n\:text-black ::sele
ction{color:var(--co
lor-black)}.selectio
n\:text-black::selec
tion{color:var(--col
or-black)}.placehold
er\:text-gray-600::p
laceholder{color:var
(--color-gray-600)}.
after\:absolute:afte
r{content:var(--tw-c
ontent);position:abs
olute}.after\:inset-
0:after{content:var(
--tw-content);inset:
calc(var(--spacing)*
0)}.after\:translate
-x-\[-200\%\]:after{
content:var(--tw-con
tent);--tw-translate
-x:-200%;translate:v
ar(--tw-translate-x)
var(--tw-translate-y
)}.after\:bg-gradien
t-to-r:after{content
:var(--tw-content);-
-tw-gradient-positio
n:to right in oklab;
background-image:lin
ear-gradient(var(--t
w-gradient-stops))}.
after\:from-transpar
ent:after{content:va
r(--tw-content);--tw
-gradient-from:trans
parent;--tw-gradient
-stops:var(--tw-grad
ient-via-stops,var(-
-tw-gradient-positio
n),var(--tw-gradient
-from)var(--tw-gradi
ent-from-position),v
ar(--tw-gradient-to)
var(--tw-gradient-to
-position))}.after\:
via-white\/40:after{
content:var(--tw-con
tent);--tw-gradient-
via:#fff6}@supports 
(color:color-mix(in 
lab, red, red)){.aft
er\:via-white\/40:af
ter{--tw-gradient-vi
a:color-mix(in oklab
,var(--color-white)4
0%,transparent)}}.af
ter\:via-white\/40:a
fter{--tw-gradient-v
ia-stops:var(--tw-gr
adient-position),var
(--tw-gradient-from)
var(--tw-gradient-fr
om-position),var(--t
w-gradient-via)var(-
-tw-gradient-via-pos
ition),var(--tw-grad
ient-to)var(--tw-gra
dient-to-position);-
-tw-gradient-stops:v
ar(--tw-gradient-via
-stops)}.after\:to-t
ransparent:after{con
tent:var(--tw-conten
t);--tw-gradient-to:
transparent;--tw-gra
dient-stops:var(--tw
-gradient-via-stops,
var(--tw-gradient-po
sition),var(--tw-gra
dient-from)var(--tw-
gradient-from-positi
on),var(--tw-gradien
t-to)var(--tw-gradie
nt-to-position))}.af
ter\:transition-tran
sform:after{content:
var(--tw-content);tr
ansition-property:tr
ansform,translate,sc
ale,rotate;transitio
n-timing-function:va
r(--tw-ease,var(--de
fault-transition-tim
ing-function));trans
ition-duration:var(-
-tw-duration,var(--d
efault-transition-du
ration))}.after\:dur
ation-\[1\.5s\]:afte
r{content:var(--tw-c
ontent);--tw-duratio
n:1.5s;transition-du
ration:1.5s}.last\:b
order-0:last-child{b
order-style:var(--tw
-border-style);borde
r-width:0}@media (ho
ver:hover){.hover\:-
translate-y-0\.5:hov
er{--tw-translate-y:
calc(var(--spacing)*
-.5);translate:var(-
-tw-translate-x)var(
--tw-translate-y)}.h
over\:-translate-y-1
:hover{--tw-translat
e-y:calc(var(--spaci
ng)*-1);translate:va
r(--tw-translate-x)v
ar(--tw-translate-y)
}.hover\:scale-105:h
over{--tw-scale-x:10
5%;--tw-scale-y:105%
;--tw-scale-z:105%;s
cale:var(--tw-scale-
x)var(--tw-scale-y)}
.hover\:rotate-90:ho
ver{rotate:90deg}.ho
ver\:border-\[\#22c5
5e\]\/50:hover{borde
r-color:oklab(72.274
6% -.165574 .0972219
/.5)}.hover\:border-
\[\#FFEA05\]:hover{b
order-color:#ffea05}
.hover\:border-\[\#F
FEA05\]\/30:hover{bo
rder-color:oklab(92.
4923% -.0431548 .188
965/.3)}.hover\:bord
er-\[\#FFEA05\]\/50:
hover{border-color:o
klab(92.4923% 
-.0431548 .188965/.5
)}.hover\:border-\[\
#ffea05\]:hover{bord
er-color:#ffea05}.ho
ver\:border-\[var\(-
-color-brand-accent\
)\]:hover{border-col
or:var(--color-brand
-accent)}.hover\:bor
der-gray-400:hover{b
order-color:var(--co
lor-gray-400)}.hover
\:border-white:hover
{border-color:var(--
color-white)}.hover\
:bg-\[\#22c55e\]\/10
:hover{background-co
lor:oklab(72.2746% 
-.165574 .0972219/.1
)}.hover\:bg-\[\#252
525\]:hover{backgrou
nd-color:#252525}.ho
ver\:bg-\[\#FFEA05\]
:hover{background-co
lor:#ffea05}.hover\:
bg-\[\#FFEA05\]\/5:h
over{background-colo
r:oklab(92.4923% 
-.0431548 .188965/.0
5)}.hover\:bg-\[\#a3
9603\]\/10:hover{bac
kground-color:oklab(
66.3591% -.0319959 .
135358/.1)}.hover\:b
g-\[\#ebd700\]:hover
{background-color:#e
bd700}.hover\:bg-\[\
#ffe600\]:hover{back
ground-color:#ffe600
}.hover\:bg-\[var\(-
-color-gold-light\)\
]\/10:hover{backgrou
nd-color:#a396031a}@
supports 
(color:color-mix(in 
lab, red, red)){.hov
er\:bg-\[var\(--colo
r-gold-light\)\]\/10
:hover{background-co
lor:color-mix(in okl
ab,var(--color-gold-
light)10%,transparen
t)}}.hover\:bg-black
\/10:hover{backgroun
d-color:#0000001a}@s
upports 
(color:color-mix(in 
lab, red, red)){.hov
er\:bg-black\/10:hov
er{background-color:
color-mix(in oklab,v
ar(--color-black)10%
,transparent)}}.hove
r\:bg-black\/30:hove
r{background-color:#
0000004d}@supports 
(color:color-mix(in 
lab, red, red)){.hov
er\:bg-black\/30:hov
er{background-color:
color-mix(in oklab,v
ar(--color-black)30%
,transparent)}}.hove
r\:bg-black\/40:hove
r{background-color:#
0006}@supports 
(color:color-mix(in 
lab, red, red)){.hov
er\:bg-black\/40:hov
er{background-color:
color-mix(in oklab,v
ar(--color-black)40%
,transparent)}}.hove
r\:bg-black\/50:hove
r{background-color:#
00000080}@supports 
(color:color-mix(in 
lab, red, red)){.hov
er\:bg-black\/50:hov
er{background-color:
color-mix(in oklab,v
ar(--color-black)50%
,transparent)}}.hove
r\:bg-white:hover{ba
ckground-color:var(-
-color-white)}.hover
\:bg-white\/5:hover{
background-color:#ff
ffff0d}@supports 
(color:color-mix(in 
lab, red, red)){.hov
er\:bg-white\/5:hove
r{background-color:c
olor-mix(in oklab,va
r(--color-white)5%,t
ransparent)}}.hover\
:bg-white\/10:hover{
background-color:#ff
ffff1a}@supports 
(color:color-mix(in 
lab, red, red)){.hov
er\:bg-white\/10:hov
er{background-color:
color-mix(in oklab,v
ar(--color-white)10%
,transparent)}}.hove
r\:text-\[\#3e2723\]
:hover{color:#3e2723
}.hover\:text-\[\#FF
EA05\]:hover,.hover\
:text-\[\#ffea05\]:h
over{color:#ffea05}.
hover\:text-\[var\(-
-color-brand-accent\
)\]:hover{color:var(
--color-brand-accent
)}.hover\:text-black
:hover{color:var(--c
olor-black)}.hover\:
text-white:hover{col
or:var(--color-white
)}.hover\:text-zinc-
400:hover{color:var(
--color-zinc-400)}.h
over\:underline:hove
r{text-decoration-li
ne:underline}.hover\
:opacity-80:hover{op
acity:.8}.hover\:opa
city-100:hover{opaci
ty:1}.hover\:shadow-
\[0_0_20px_rgba\(255
\,234\,5\,0\.5\)\]:h
over{--tw-shadow:0 
0 20px var(--tw-shad
ow-color,#ffea0580);
box-shadow:var(--tw-
inset-shadow),var(--
tw-inset-ring-shadow
),var(--tw-ring-offs
et-shadow),var(--tw-
ring-shadow),var(--t
w-shadow)}.hover\:sh
adow-\[0_0_25px_rgba
\(255\,234\,5\,0\.4\
)\]:hover{--tw-shado
w:0 0 25px var(--tw-
shadow-color,#ffea05
66);box-shadow:var(-
-tw-inset-shadow),va
r(--tw-inset-ring-sh
adow),var(--tw-ring-
offset-shadow),var(-
-tw-ring-shadow),var
(--tw-shadow)}.hover
\:shadow-\[0_0_40px_
rgba\(255\,234\,5\,0
\.2\)\]:hover{--tw-s
hadow:0 0 40px var(-
-tw-shadow-color,#ff
ea0533);box-shadow:v
ar(--tw-inset-shadow
),var(--tw-inset-rin
g-shadow),var(--tw-r
ing-offset-shadow),v
ar(--tw-ring-shadow)
,var(--tw-shadow)}.h
over\:shadow-\[0_0_4
0px_rgba\(255\,234\,
5\,0\.4\)\]:hover{--
tw-shadow:0 0 40px v
ar(--tw-shadow-color
,#ffea0566);box-shad
ow:var(--tw-inset-sh
adow),var(--tw-inset
-ring-shadow),var(--
tw-ring-offset-shado
w),var(--tw-ring-sha
dow),var(--tw-shadow
)}.hover\:shadow-\[0
_0_50px_rgba\(255\,2
34\,5\,0\.1\)\]:hove
r{--tw-shadow:0 0 
50px var(--tw-shadow
-color,#ffea051a);bo
x-shadow:var(--tw-in
set-shadow),var(--tw
-inset-ring-shadow),
var(--tw-ring-offset
-shadow),var(--tw-ri
ng-shadow),var(--tw-
shadow)}.hover\:afte
r\:translate-x-\[200
\%\]:hover:after{con
tent:var(--tw-conten
t);--tw-translate-x:
200%;translate:var(-
-tw-translate-x)var(
--tw-translate-y)}}.
focus\:border-\[\#FF
EA05\]:focus,.focus\
:border-\[\#ffea05\]
:focus{border-color:
#ffea05}.focus\:shad
ow-\[0_0_20px_rgba\(
255\,234\,5\,0\.15\)
\]:focus{--tw-shadow
:0 0 20px var(--tw-s
hadow-color,#ffea052
6);box-shadow:var(--
tw-inset-shadow),var
(--tw-inset-ring-sha
dow),var(--tw-ring-o
ffset-shadow),var(--
tw-ring-shadow),var(
--tw-shadow)}.focus\
:ring-1:focus{--tw-r
ing-shadow:var(--tw-
ring-inset,)0 0 0 
calc(1px + var(--tw-
ring-offset-width))v
ar(--tw-ring-color,c
urrentcolor);box-sha
dow:var(--tw-inset-s
hadow),var(--tw-inse
t-ring-shadow),var(-
-tw-ring-offset-shad
ow),var(--tw-ring-sh
adow),var(--tw-shado
w)}.focus\:ring-2:fo
cus{--tw-ring-shadow
:var(--tw-ring-inset
,)0 0 0 calc(2px + v
ar(--tw-ring-offset-
width))var(--tw-ring
-color,currentcolor)
;box-shadow:var(--tw
-inset-shadow),var(-
-tw-inset-ring-shado
w),var(--tw-ring-off
set-shadow),var(--tw
-ring-shadow),var(--
tw-shadow)}.focus\:r
ing-\[\#FFEA05\]\/50
:focus{--tw-ring-col
or:oklab(92.4923% 
-.0431548 .188965/.5
)}.focus\:ring-\[\#f
fea05\]:focus{--tw-r
ing-color:#ffea05}.f
ocus\:ring-blue-500:
focus{--tw-ring-colo
r:var(--color-blue-5
00)}.focus\:ring-off
set-2:focus{--tw-rin
g-offset-width:2px;-
-tw-ring-offset-shad
ow:var(--tw-ring-ins
et,)0 0 0 var(--tw-r
ing-offset-width)var
(--tw-ring-offset-co
lor)}.focus\:ring-of
fset-black:focus{--t
w-ring-offset-color:
var(--color-black)}.
focus\:outline-none:
focus{--tw-outline-s
tyle:none;outline-st
yle:none}.focus-visi
ble\:ring-2:focus-vi
sible{--tw-ring-shad
ow:var(--tw-ring-ins
et,)0 0 0 calc(2px 
+ var(--tw-ring-offs
et-width))var(--tw-r
ing-color,currentcol
or);box-shadow:var(-
-tw-inset-shadow),va
r(--tw-inset-ring-sh
adow),var(--tw-ring-
offset-shadow),var(-
-tw-ring-shadow),var
(--tw-shadow)}.focus
-visible\:ring-blue-
500:focus-visible{--
tw-ring-color:var(--
color-blue-500)}.act
ive\:scale-95:active
{--tw-scale-x:95%;--
tw-scale-y:95%;--tw-
scale-z:95%;scale:va
r(--tw-scale-x)var(-
-tw-scale-y)}.active
\:scale-\[0\.98\]:ac
tive{scale:.98}.acti
ve\:cursor-grabbing:
active{cursor:grabbi
ng}.disabled\:pointe
r-events-none:disabl
ed{pointer-events:no
ne}.disabled\:opacit
y-70:disabled{opacit
y:.7}@media (min-wid
th:40rem){.sm\:w-aut
o{width:auto}.sm\:fl
ex-row{flex-directio
n:row}.sm\:px-6{padd
ing-inline:calc(var(
--spacing)*6)}.sm\:t
ext-lg{font-size:var
(--text-lg);line-hei
ght:var(--tw-leading
,var(--text-lg--line
-height))}}@media (m
in-width:48rem){.md\
:col-span-1{grid-col
umn:span 1/span 1}.m
d\:col-span-2{grid-c
olumn:span 2/span 2}
.md\:mt-0{margin-top
:calc(var(--spacing)
*0)}.md\:block{displ
ay:block}.md\:flex{d
isplay:flex}.md\:hid
den{display:none}.md
\:h-12{height:calc(v
ar(--spacing)*12)}.m
d\:h-20{height:calc(
var(--spacing)*20)}.
md\:w-12{width:calc(
var(--spacing)*12)}.
md\:w-auto{width:aut
o}.md\:flex-none{fle
x:none}.md\:-transla
te-x-4{--tw-translat
e-x:calc(var(--spaci
ng)*-4);translate:va
r(--tw-translate-x)v
ar(--tw-translate-y)
}.md\:translate-x-4{
--tw-translate-x:cal
c(var(--spacing)*4);
translate:var(--tw-t
ranslate-x)var(--tw-
translate-y)}.md\:tr
anslate-y-0{--tw-tra
nslate-y:calc(var(--
spacing)*0);translat
e:var(--tw-translate
-x)var(--tw-translat
e-y)}.md\:translate-
y-12{--tw-translate-
y:calc(var(--spacing
)*12);translate:var(
--tw-translate-x)var
(--tw-translate-y)}.
md\:grid-cols-2{grid
-template-columns:re
peat(2,minmax(0,1fr)
)}.md\:grid-cols-3{g
rid-template-columns
:repeat(3,minmax(0,1
fr))}.md\:grid-cols-
4{grid-template-colu
mns:repeat(4,minmax(
0,1fr))}.md\:flex-ro
w{flex-direction:row
}.md\:items-end{alig
n-items:flex-end}.md
\:gap-4{gap:calc(var
(--spacing)*4)}.md\:
gap-5{gap:calc(var(-
-spacing)*5)}.md\:ga
p-16{gap:calc(var(--
spacing)*16)}:where(
.md\:space-y-8>:not(
:last-child)){--tw-s
pace-y-reverse:0;mar
gin-block-start:calc
(calc(var(--spacing)
*8)*var(--tw-space-y
-reverse));margin-bl
ock-end:calc(calc(va
r(--spacing)*8)*calc
(1 - var(--tw-space-
y-reverse)))}.md\:p-
5{padding:calc(var(-
-spacing)*5)}.md\:p-
6{padding:calc(var(-
-spacing)*6)}.md\:px
-6{padding-inline:ca
lc(var(--spacing)*6)
}.md\:pb-24{padding-
bottom:calc(var(--sp
acing)*24)}.md\:text
-left{text-align:lef
t}.md\:text-2xl{font
-size:var(--text-2xl
);line-height:var(--
tw-leading,var(--tex
t-2xl--line-height))
}.md\:text-4xl{font-
size:var(--text-4xl)
;line-height:var(--t
w-leading,var(--text
-4xl--line-height))}
.md\:text-5xl{font-s
ize:var(--text-5xl);
line-height:var(--tw
-leading,var(--text-
5xl--line-height))}.
md\:text-6xl{font-si
ze:var(--text-6xl);l
ine-height:var(--tw-
leading,var(--text-6
xl--line-height))}.m
d\:text-7xl{font-siz
e:var(--text-7xl);li
ne-height:var(--tw-l
eading,var(--text-7x
l--line-height))}.md
\:text-8xl{font-size
:var(--text-8xl);lin
e-height:var(--tw-le
ading,var(--text-8xl
--line-height))}.md\
:text-sm{font-size:v
ar(--text-sm);line-h
eight:var(--tw-leadi
ng,var(--text-sm--li
ne-height))}.md\:tex
t-xl{font-size:var(-
-text-xl);line-heigh
t:var(--tw-leading,v
ar(--text-xl--line-h
eight))}.md\:text-xs
{font-size:var(--tex
t-xs);line-height:va
r(--tw-leading,var(-
-text-xs--line-heigh
t))}.md\:text-\[9px\
]{font-size:9px}.md\
:leading-\[0\.85\]{-
-tw-leading:.85;line
-height:.85}.md\:opa
city-0{opacity:0}.md
\:opacity-20{opacity
:.2}@media (hover:ho
ver){.md\:group-hove
r\:translate-x-0:is(
:where(.group):hover
 *){--tw-translate-x
:calc(var(--spacing)
*0);translate:var(--
tw-translate-x)var(-
-tw-translate-y)}.md
\:group-hover\:opaci
ty-100:is(:where(.gr
oup):hover *){opacit
y:1}}}@media (min-wi
dth:64rem){.lg\:col-
span-5{grid-column:s
pan 5/span 5}.lg\:co
l-span-7{grid-column
:span 7/span 7}.lg\:
ml-auto{margin-left:
auto}.lg\:block{disp
lay:block}.lg\:flex{
display:flex}.lg\:hi
dden{display:none}.l
g\:h-\[75vh\]{height
:75vh}.lg\:grid-cols
-2{grid-template-col
umns:repeat(2,minmax
(0,1fr))}.lg\:grid-c
ols-12{grid-template
-columns:repeat(12,m
inmax(0,1fr))}.lg\:g
ap-20{gap:calc(var(-
-spacing)*20)}.lg\:p
t-0{padding-top:calc
(var(--spacing)*0)}.
lg\:pt-32{padding-to
p:calc(var(--spacing
)*32)}.lg\:pb-16{pad
ding-bottom:calc(var
(--spacing)*16)}.lg\
:text-6xl{font-size:
var(--text-6xl);line
-height:var(--tw-lea
ding,var(--text-6xl-
-line-height))}.lg\:
text-\[5\.5rem\]{fon
t-size:5.5rem}}.pers
pective-1000{perspec
tive:1000px}.transfo
rm-style-3d{transfor
m-style:preserve-3d}
.translate-z-0{trans
form:translateZ(0)}.
translate-z-\[20px\]
{transform:translate
Z(20px)}.translate-z
-\[40px\]{transform:
translateZ(40px)}.ro
tate-x-90{transform:
rotateX(90deg)}.rota
te-y-90{transform:ro
tateY(90deg)}.rotate
-x-\[60deg\]{transfo
rm:rotateX(60deg)}.r
otate-z-\[45deg\]{tr
ansform:rotate(45deg
)}.rotate-z-\[60deg\
]{transform:rotate(6
0deg)}}:root{--backg
round:#fff;--foregro
und:#171717}@media (
prefers-color-scheme
:dark){:root{--backg
round:var(--color-su
rface-dark);--foregr
ound:var(--color-tex
t-light)}}body{backg
round-color:var(--co
lor-surface-dark);co
lor:var(--color-text
-light);font-family:
var(--font-sans),san
s-serif}@keyframes s
himmer{to{transform:
translate(100%)}}@ke
yframes spin-slow{0%
{transform:rotate(0)
}to{transform:rotate
(360deg)}}@keyframes
 pulse-shadow{0%,to{
box-shadow:0 0 15px 
#ffea050d}50%{box-sh
adow:0 0 25px #ffea0
533}}@keyframes shim
mer-slow{0%{opacity:
0;transform:translat
e(-100%)}50%{opacity
:.5}to{opacity:0;tra
nsform:translate(100
%)}}@keyframes ken-b
urns{0%{transform:sc
ale(1)}50%{transform
:scale(1.15)}to{tran
sform:scale(1)}}@key
frames flash{0%{opac
ity:0}25%{opacity:1}
to{opacity:0}}@prope
rty --tw-translate-x
{syntax:"*";inherits
:false;initial-value
:0}@property --tw-tr
anslate-y{syntax:"*"
;inherits:false;init
ial-value:0}@propert
y --tw-translate-z{s
yntax:"*";inherits:f
alse;initial-value:0
}@property --tw-scal
e-x{syntax:"*";inher
its:false;initial-va
lue:1}@property --tw
-scale-y{syntax:"*";
inherits:false;initi
al-value:1}@property
 --tw-scale-z{syntax
:"*";inherits:false;
initial-value:1}@pro
perty --tw-rotate-x{
syntax:"*";inherits:
false}@property --tw
-rotate-y{syntax:"*"
;inherits:false}@pro
perty --tw-rotate-z{
syntax:"*";inherits:
false}@property --tw
-skew-x{syntax:"*";i
nherits:false}@prope
rty --tw-skew-y{synt
ax:"*";inherits:fals
e}@property --tw-spa
ce-y-reverse{syntax:
"*";inherits:false;i
nitial-value:0}@prop
erty --tw-space-x-re
verse{syntax:"*";inh
erits:false;initial-
value:0}@property --
tw-divide-x-reverse{
syntax:"*";inherits:
false;initial-value:
0}@property --tw-bor
der-style{syntax:"*"
;inherits:false;init
ial-value:solid}@pro
perty --tw-gradient-
position{syntax:"*";
inherits:false}@prop
erty --tw-gradient-f
rom{syntax:"<color>"
;inherits:false;init
ial-value:#0000}@pro
perty --tw-gradient-
via{syntax:"<color>"
;inherits:false;init
ial-value:#0000}@pro
perty --tw-gradient-
to{syntax:"<color>";
inherits:false;initi
al-value:#0000}@prop
erty --tw-gradient-s
tops{syntax:"*";inhe
rits:false}@property
 --tw-gradient-via-s
tops{syntax:"*";inhe
rits:false}@property
 --tw-gradient-from-
position{syntax:"<le
ngth-percentage>";in
herits:false;initial
-value:0%}@property 
--tw-gradient-via-po
sition{syntax:"<leng
th-percentage>";inhe
rits:false;initial-v
alue:50%}@property -
-tw-gradient-to-posi
tion{syntax:"<length
-percentage>";inheri
ts:false;initial-val
ue:100%}@property --
tw-leading{syntax:"*
";inherits:false}@pr
operty --tw-font-wei
ght{syntax:"*";inher
its:false}@property 
--tw-tracking{syntax
:"*";inherits:false}
@property --tw-shado
w{syntax:"*";inherit
s:false;initial-valu
e:0 0 
#0000}@property --tw
-shadow-color{syntax
:"*";inherits:false}
@property --tw-shado
w-alpha{syntax:"<per
centage>";inherits:f
alse;initial-value:1
00%}@property --tw-i
nset-shadow{syntax:"
*";inherits:false;in
itial-value:0 0 
#0000}@property --tw
-inset-shadow-color{
syntax:"*";inherits:
false}@property --tw
-inset-shadow-alpha{
syntax:"<percentage>
";inherits:false;ini
tial-value:100%}@pro
perty --tw-ring-colo
r{syntax:"*";inherit
s:false}@property --
tw-ring-shadow{synta
x:"*";inherits:false
;initial-value:0 0 
#0000}@property --tw
-inset-ring-color{sy
ntax:"*";inherits:fa
lse}@property --tw-i
nset-ring-shadow{syn
tax:"*";inherits:fal
se;initial-value:0 
0 #0000}@property --
tw-ring-inset{syntax
:"*";inherits:false}
@property --tw-ring-
offset-width{syntax:
"<length>";inherits:
false;initial-value:
0}@property --tw-rin
g-offset-color{synta
x:"*";inherits:false
;initial-value:#fff}
@property --tw-ring-
offset-shadow{syntax
:"*";inherits:false;
initial-value:0 0 
#0000}@property --tw
-outline-style{synta
x:"*";inherits:false
;initial-value:solid
}@property --tw-blur
{syntax:"*";inherits
:false}@property --t
w-brightness{syntax:
"*";inherits:false}@
property --tw-contra
st{syntax:"*";inheri
ts:false}@property -
-tw-grayscale{syntax
:"*";inherits:false}
@property --tw-hue-r
otate{syntax:"*";inh
erits:false}@propert
y --tw-invert{syntax
:"*";inherits:false}
@property --tw-opaci
ty{syntax:"*";inheri
ts:false}@property -
-tw-saturate{syntax:
"*";inherits:false}@
property --tw-sepia{
syntax:"*";inherits:
false}@property --tw
-drop-shadow{syntax:
"*";inherits:false}@
property --tw-drop-s
hadow-color{syntax:"
*";inherits:false}@p
roperty --tw-drop-sh
adow-alpha{syntax:"<
percentage>";inherit
s:false;initial-valu
e:100%}@property --t
w-drop-shadow-size{s
yntax:"*";inherits:f
alse}@property --tw-
backdrop-blur{syntax
:"*";inherits:false}
@property --tw-backd
rop-brightness{synta
x:"*";inherits:false
}@property --tw-back
drop-contrast{syntax
:"*";inherits:false}
@property --tw-backd
rop-grayscale{syntax
:"*";inherits:false}
@property --tw-backd
rop-hue-rotate{synta
x:"*";inherits:false
}@property --tw-back
drop-invert{syntax:"
*";inherits:false}@p
roperty --tw-backdro
p-opacity{syntax:"*"
;inherits:false}@pro
perty --tw-backdrop-
saturate{syntax:"*";
inherits:false}@prop
erty --tw-backdrop-s
epia{syntax:"*";inhe
rits:false}@property
 --tw-duration{synta
x:"*";inherits:false
}@property --tw-ease
{syntax:"*";inherits
:false}@property --t
w-content{syntax:"*"
;inherits:false;init
ial-value:""}@keyfra
mes spin{to{transfor
m:rotate(360deg)}}@k
eyframes ping{75%,to
{opacity:0;transform
:scale(2)}}@keyframe
s pulse{50%{opacity:
.5}}@keyframes bounc
e{0%,to{animation-ti
ming-function:cubic-
bezier(.8,0,1,1);tra
nsform:translateY(-2
5%)}50%{animation-ti
ming-function:cubic-
bezier(0,0,.2,1);tra
nsform:none}}[39m
[31m[1m>[22m[39m
[90m 3 |[39m
 [90m   |[39m [31
m[1m^[22m[39m[0m



Import trace:
  Client Component 
Browser:
    ./src/app/global
s.css [Client 
Component Browser]
    ./src/app/layout
.tsx [Server 
Component]

https://nextjs.org/d
ocs/messages/module-
not-found


    at <unknown> (./
src/app/globals.css:
3:34929)
    at <unknown> (ht
tps://nextjs.org/doc
s/messages/module-no
t-found)
